<html>
<body>
<pre>
<h1>礦ision Build Log</h1>
<h2>Tool Versions:</h2>
IDE-Version: μVision V5.14.0.0
Copyright (C) 2015 ARM Ltd and ARM Germany GmbH. All rights reserved.
License Information: 123 Administrator, 123, LIC=LSNXV-PVYG2-BSJYX-HYVXP-Y7SGU-WMR44
 
Tool Versions:
Toolchain:       MDK-ARM Standard  Version: 5.14.0.0
Toolchain Path:  C:\Keil_v5\ARM\ARMCC\Bin
C Compiler:      Armcc.exe V5.05 update 1 (build 106)
Assembler:       Armasm.exe V5.05 update 1 (build 106)
Linker/Locator:  ArmLink.exe V5.05 update 1 (build 106)
Library Manager: ArmAr.exe V5.05 update 1 (build 106)
Hex Converter:   FromElf.exe V5.05 update 1 (build 106)
CPU DLL:         SARMCM3.DLL V5.14.0.0
Dialog DLL:      DCM.DLL V1.13.1.0
Target DLL:      STLink\ST-LINKIII-KEIL_SWO.dll V2.0.14.0_KEIL
Dialog DLL:      TCM.DLL V1.14.4.0
 
<h2>Project:</h2>
C:\Users\Administrator\Desktop\在做项目\5、AT24C04\USER\test.uvprojx
Project File Date:  01/06/2020

<h2>Output:</h2>
Build target 'Target 1'
compiling test.c...
test.c(12): warning:  #177-D: variable "as" was declared but never referenced
        u8 as[] = "885qwertyuiopasd123456789";
test.c(13): warning:  #177-D: variable "bs" was declared but never referenced
    u8 bs[40] ;
test.c(14): warning:  #177-D: variable "err1" was declared but never referenced
    u8 err1,err2;
test.c(14): warning:  #177-D: variable "err2" was declared but never referenced
    u8 err1,err2;
test.c: 4 warnings, 0 errors
compiling core_cm3.c...
compiling system_stm32f10x.c...
assembling startup_stm32f10x_md.s...
compiling delay.c...
compiling sys.c...
compiling usart.c...
compiling nvic.c...
compiling led.c...
compiling OLED.c...
compiling matrix.c...
compiling bluetooth.c...
compiling at24cxx.c...
compiling iic.c...
compiling misc.c...
compiling stm32f10x_adc.c...
compiling stm32f10x_bkp.c...
compiling stm32f10x_can.c...
compiling stm32f10x_cec.c...
compiling stm32f10x_crc.c...
compiling stm32f10x_dac.c...
compiling stm32f10x_dbgmcu.c...
compiling stm32f10x_dma.c...
compiling stm32f10x_exti.c...
compiling stm32f10x_flash.c...
compiling stm32f10x_fsmc.c...
compiling stm32f10x_gpio.c...
compiling stm32f10x_i2c.c...
compiling stm32f10x_iwdg.c...
compiling stm32f10x_pwr.c...
compiling stm32f10x_rcc.c...
compiling stm32f10x_rtc.c...
compiling stm32f10x_sdio.c...
compiling stm32f10x_spi.c...
compiling stm32f10x_tim.c...
compiling stm32f10x_usart.c...
compiling stm32f10x_wwdg.c...
linking...
Program Size: Code=5768 RO-data=14236 RW-data=32 ZI-data=2032  
FromELF: creating hex file...
"..\OBJ\test.axf" - 0 Error(s), 4 Warning(s).

<h2>Collection of Component include folders:</h2>
  C:\Users\Administrator\Desktop\在做项目\5、AT24C04\USER\RTE
  C:\Keil_v5\ARM\PACK\Keil\STM32F1xx_DFP\2.2.0

<h2>Collection of Component Files used:</h2>
</pre>
</body>
</html>
