Component: ARM Compiler 5.05 update 1 (build 106) Tool: armlink [4d0efa]

==============================================================================

Section Cross References

    system_stm32f4xx.o(i.SystemCoreClockUpdate) refers to system_stm32f4xx.o(.data) for SystemCoreClock
    system_stm32f4xx.o(i.SystemInit) refers to system_stm32f4xx.o(i.SetSysClock) for SetSysClock
    startup_stm32f40_41xxx.o(STACK) refers (Special) to heapauxi.o(.text) for __use_two_region_memory
    startup_stm32f40_41xxx.o(HEAP) refers (Special) to heapauxi.o(.text) for __use_two_region_memory
    startup_stm32f40_41xxx.o(RESET) refers (Special) to heapauxi.o(.text) for __use_two_region_memory
    startup_stm32f40_41xxx.o(RESET) refers to startup_stm32f40_41xxx.o(STACK) for __initial_sp
    startup_stm32f40_41xxx.o(RESET) refers to startup_stm32f40_41xxx.o(.text) for Reset_Handler
    startup_stm32f40_41xxx.o(RESET) refers to nvic.o(i.ADC_IRQHandler) for ADC_IRQHandler
    startup_stm32f40_41xxx.o(RESET) refers to nvic.o(i.TIM1_BRK_TIM9_IRQHandler) for TIM1_BRK_TIM9_IRQHandler
    startup_stm32f40_41xxx.o(RESET) refers to nvic.o(i.TIM1_UP_TIM10_IRQHandler) for TIM1_UP_TIM10_IRQHandler
    startup_stm32f40_41xxx.o(RESET) refers to nvic.o(i.USART1_IRQHandler) for USART1_IRQHandler
    startup_stm32f40_41xxx.o(.text) refers (Special) to heapauxi.o(.text) for __use_two_region_memory
    startup_stm32f40_41xxx.o(.text) refers to system_stm32f4xx.o(i.SystemInit) for SystemInit
    startup_stm32f40_41xxx.o(.text) refers to __main.o(!!!main) for __main
    startup_stm32f40_41xxx.o(.text) refers to startup_stm32f40_41xxx.o(HEAP) for Heap_Mem
    startup_stm32f40_41xxx.o(.text) refers to startup_stm32f40_41xxx.o(STACK) for Stack_Mem
    test.o(i.main) refers to _printf_pad.o(.text) for _printf_pre_padding
    test.o(i.main) refers to _printf_percent.o(.ARM.Collect$$_printf_percent$$00000000) for _printf_percent
    test.o(i.main) refers to _printf_d.o(.ARM.Collect$$_printf_percent$$00000009) for _printf_d
    test.o(i.main) refers to _printf_dec.o(.text) for _printf_int_dec
    test.o(i.main) refers to _printf_f.o(.ARM.Collect$$_printf_percent$$00000003) for _printf_f
    test.o(i.main) refers to printf1.o(x$fpl$printf1) for _printf_fp_dec
    test.o(i.main) refers to led.o(i.LED_Init) for LED_Init
    test.o(i.main) refers to key.o(i.KEY_Init) for KEY_Init
    test.o(i.main) refers to motor.o(i.MOTOR_Init) for MOTOR_Init
    test.o(i.main) refers to time.o(i.TIM10_Init) for TIM10_Init
    test.o(i.main) refers to adc.o(i.ADC1_Init_In3) for ADC1_Init_In3
    test.o(i.main) refers to oled.o(i.OLED_Init) for OLED_Init
    test.o(i.main) refers to sht20.o(i.SHT20_Init) for SHT20_Init
    test.o(i.main) refers to hp6.o(i.HP6_Init) for HP6_Init
    test.o(i.main) refers to mpu6050.o(i.MPU6050_Init) for MPU6050_Init
    test.o(i.main) refers to rtc.o(i.MYRTC_Init) for MYRTC_Init
    test.o(i.main) refers to mpu6050.o(i.MPU6050_ReadSpeed) for MPU6050_ReadSpeed
    test.o(i.main) refers to stm32f4xx_rtc.o(i.RTC_GetTime) for RTC_GetTime
    test.o(i.main) refers to stm32f4xx_rtc.o(i.RTC_GetDate) for RTC_GetDate
    test.o(i.main) refers to meterstepalgorithm.o(i.SensorChanged) for SensorChanged
    test.o(i.main) refers to noretval__2sprintf.o(.text) for __2sprintf
    test.o(i.main) refers to oled.o(i.OLED_ShowString) for OLED_ShowString
    test.o(i.main) refers to f2d.o(x$fpl$f2d) for __aeabi_f2d
    test.o(i.main) refers to test.o(i.delay_ms) for delay_ms
    test.o(i.main) refers to test.o(.constdata) for .constdata
    test.o(i.main) refers to test.o(.data) for timeStamp
    test.o(i.main) refers to test.o(.bss) for userSportsInfo
    delay.o(i.delay_ms) refers to delay.o(i.delay1_ms) for delay1_ms
    nvic.o(i.ADC_IRQHandler) refers to _printf_percent.o(.ARM.Collect$$_printf_percent$$00000000) for _printf_percent
    nvic.o(i.ADC_IRQHandler) refers to _printf_d.o(.ARM.Collect$$_printf_percent$$00000009) for _printf_d
    nvic.o(i.ADC_IRQHandler) refers to _printf_dec.o(.text) for _printf_int_dec
    nvic.o(i.ADC_IRQHandler) refers to stm32f4xx_adc.o(i.ADC_GetITStatus) for ADC_GetITStatus
    nvic.o(i.ADC_IRQHandler) refers to stm32f4xx_adc.o(i.ADC_GetConversionValue) for ADC_GetConversionValue
    nvic.o(i.ADC_IRQHandler) refers to noretval__2printf.o(.text) for __2printf
    nvic.o(i.ADC_IRQHandler) refers to stm32f4xx_adc.o(i.ADC_ClearITPendingBit) for ADC_ClearITPendingBit
    nvic.o(i.ADC_IRQHandler) refers to stm32f4xx_adc.o(i.ADC_SoftwareStartConv) for ADC_SoftwareStartConv
    nvic.o(i.TIM1_BRK_TIM9_IRQHandler) refers to stm32f4xx_tim.o(i.TIM_GetITStatus) for TIM_GetITStatus
    nvic.o(i.TIM1_BRK_TIM9_IRQHandler) refers to stm32f4xx_tim.o(i.TIM_ClearITPendingBit) for TIM_ClearITPendingBit
    nvic.o(i.TIM1_UP_TIM10_IRQHandler) refers to stm32f4xx_tim.o(i.TIM_GetITStatus) for TIM_GetITStatus
    nvic.o(i.TIM1_UP_TIM10_IRQHandler) refers to stm32f4xx_tim.o(i.TIM_ClearITPendingBit) for TIM_ClearITPendingBit
[...]
    .ARM.Collect$$_printf_percent$$00000000  0x08000244   Section        0  _printf_percent.o(.ARM.Collect$$_printf_percent$$00000000)
    .ARM.Collect$$_printf_percent$$00000003  0x08000244   Section        6  _printf_f.o(.ARM.Collect$$_printf_percent$$00000003)
    .ARM.Collect$$_printf_percent$$00000009  0x0800024a   Section        6  _printf_d.o(.ARM.Collect$$_printf_percent$$00000009)
    .ARM.Collect$$_printf_percent$$00000014  0x08000250   Section        6  _printf_s.o(.ARM.Collect$$_printf_percent$$00000014)
    .ARM.Collect$$_printf_percent$$00000017  0x08000256   Section        4  _printf_percent_end.o(.ARM.Collect$$_printf_percent$$00000017)
    .ARM.Collect$$libinit$$00000000          0x0800025a   Section        2  libinit.o(.ARM.Collect$$libinit$$00000000)
    .ARM.Collect$$libinit$$00000001          0x0800025c   Section        4  libinit2.o(.ARM.Collect$$libinit$$00000001)
    .ARM.Collect$$libinit$$00000004          0x08000260   Section        0  libinit2.o(.ARM.Collect$$libinit$$00000004)
    .ARM.Collect$$libinit$$0000000A          0x08000260   Section        0  libinit2.o(.ARM.Collect$$libinit$$0000000A)
    .ARM.Collect$$libinit$$0000000C          0x08000260   Section        0  libinit2.o(.ARM.Collect$$libinit$$0000000C)
    .ARM.Collect$$libinit$$0000000E          0x08000260   Section        0  libinit2.o(.ARM.Collect$$libinit$$0000000E)
    .ARM.Collect$$libinit$$0000000F          0x08000260   Section        6  libinit2.o(.ARM.Collect$$libinit$$0000000F)
    .ARM.Collect$$libinit$$00000011          0x08000266   Section        0  libinit2.o(.ARM.Collect$$libinit$$00000011)
    .ARM.Collect$$libinit$$00000013          0x08000266   Section        0  libinit2.o(.ARM.Collect$$libinit$$00000013)
    .ARM.Collect$$libinit$$00000015          0x08000266   Section        0  libinit2.o(.ARM.Collect$$libinit$$00000015)
    .ARM.Collect$$libinit$$00000016          0x08000266   Section       10  libinit2.o(.ARM.Collect$$libinit$$00000016)
    .ARM.Collect$$libinit$$00000017          0x08000270   Section        0  libinit2.o(.ARM.Collect$$libinit$$00000017)
    .ARM.Collect$$libinit$$00000019          0x08000270   Section        0  libinit2.o(.ARM.Collect$$libinit$$00000019)
    .ARM.Collect$$libinit$$0000001B          0x08000270   Section        0  libinit2.o(.ARM.Collect$$libinit$$0000001B)
    .ARM.Collect$$libinit$$0000001D          0x08000270   Section        0  libinit2.o(.ARM.Collect$$libinit$$0000001D)
    .ARM.Collect$$libinit$$0000001F          0x08000270   Section        0  libinit2.o(.ARM.Collect$$libinit$$0000001F)
    .ARM.Collect$$libinit$$00000021          0x08000270   Section        0  libinit2.o(.ARM.Collect$$libinit$$00000021)
    .ARM.Collect$$libinit$$00000023          0x08000270   Section        0  libinit2.o(.ARM.Collect$$libinit$$00000023)
    .ARM.Collect$$libinit$$00000025          0x08000270   Section        0  libinit2.o(.ARM.Collect$$libinit$$00000025)
    .ARM.Collect$$libinit$$0000002C          0x08000270   Section        0  libinit2.o(.ARM.Collect$$libinit$$0000002C)
    .ARM.Collect$$libinit$$0000002E          0x08000270   Section        0  libinit2.o(.ARM.Collect$$libinit$$0000002E)
    .ARM.Collect$$libinit$$00000030          0x08000270   Section        0  libinit2.o(.ARM.Collect$$libinit$$00000030)
    .ARM.Collect$$libinit$$00000032          0x08000270   Section        0  libinit2.o(.ARM.Collect$$libinit$$00000032)
    .ARM.Collect$$libinit$$00000033          0x08000270   Section        2  libinit2.o(.ARM.Collect$$libinit$$00000033)
    .ARM.Collect$$libshutdown$$00000000      0x08000272   Section        2  libshutdown.o(.ARM.Collect$$libshutdown$$00000000)
    .ARM.Collect$$libshutdown$$00000003      0x08000274   Section        0  libshutdown2.o(.ARM.Collect$$libshutdown$$00000003)
    .ARM.Collect$$libshutdown$$00000006      0x08000274   Section        0  libshutdown2.o(.ARM.Collect$$libshutdown$$00000006)
    .ARM.Collect$$libshutdown$$00000009      0x08000274   Section        0  libshutdown2.o(.ARM.Collect$$libshutdown$$00000009)
    .ARM.Collect$$libshutdown$$0000000B      0x08000274   Section        0  libshutdown2.o(.ARM.Collect$$libshutdown$$0000000B)
    .ARM.Collect$$libshutdown$$0000000E      0x08000274   Section        0  libshutdown2.o(.ARM.Collect$$libshutdown$$0000000E)
    .ARM.Collect$$libshutdown$$0000000F      0x08000274   Section        2  libshutdown2.o(.ARM.Collect$$libshutdown$$0000000F)
    .ARM.Collect$$rtentry$$00000000          0x08000276   Section        0  __rtentry.o(.ARM.Collect$$rtentry$$00000000)
    .ARM.Collect$$rtentry$$00000002          0x08000276   Section        0  __rtentry2.o(.ARM.Collect$$rtentry$$00000002)
    .ARM.Collect$$rtentry$$00000004          0x08000276   Section        6  __rtentry4.o(.ARM.Collect$$rtentry$$00000004)
    .ARM.Collect$$rtentry$$00000009          0x0800027c   Section        0  __rtentry2.o(.ARM.Collect$$rtentry$$00000009)
    .ARM.Collect$$rtentry$$0000000A          0x0800027c   Section        4  __rtentry2.o(.ARM.Collect$$rtentry$$0000000A)
    .ARM.Collect$$rtentry$$0000000C          0x08000280   Section        0  __rtentry2.o(.ARM.Collect$$rtentry$$0000000C)
    .ARM.Collect$$rtentry$$0000000D          0x08000280   Section        8  __rtentry2.o(.ARM.Collect$$rtentry$$0000000D)
    .ARM.Collect$$rtexit$$00000000           0x08000288   Section        2  rtexit.o(.ARM.Collect$$rtexit$$00000000)
    .ARM.Collect$$rtexit$$00000002           0x0800028a   Section        0  rtexit2.o(.ARM.Collect$$rtexit$$00000002)
    .ARM.Collect$$rtexit$$00000003           0x0800028a   Section        4  rtexit2.o(.ARM.Collect$$rtexit$$00000003)
    .ARM.Collect$$rtexit$$00000004           0x0800028e   Section        6  rtexit2.o(.ARM.Collect$$rtexit$$00000004)
    .text                                    0x08000294   Section       64  startup_stm32f40_41xxx.o(.text)
    $v0                                      0x08000294   Number         0  startup_stm32f40_41xxx.o(.text)
    .text                                    0x080002d4   Section        2  use_no_semi_2.o(.text)
    .text                                    0x080002d8   Section        0  noretval__2printf.o(.text)
    .text                                    0x080002f0   Section        0  noretval__2sprintf.o(.text)
    .text                                    0x08000318   Section        0  _printf_pad.o(.text)
    .text                                    0x08000366   Section        0  _printf_str.o(.text)
    .text                                    0x080003b8   Section        0  _printf_dec.o(.text)
    .text                                    0x08000430   Section        0  __printf_flags_wp.o(.text)
    .text                                    0x08000568   Section        0  heapauxi.o(.text)
    .text                                    0x0800056e   Section        2  use_no_semi.o(.text)
    .text                                    0x08000570   Section        0  _rserrno.o(.text)
    .text                                    0x08000586   Section        0  _printf_intcommon.o(.text)
    .text                                    0x08000638   Section        0  _printf_fp_dec.o(.text)
    _fp_digits                               0x0800063b   Thumb Code   428  _printf_fp_dec.o(.text)
    .text                                    0x08000a54   Section        0  _printf_char_common.o(.text)
    _printf_input_char                       0x08000a55   Thumb Code    10  _printf_char_common.o(.text)
    .text                                    0x08000a84   Section        0  _sputc.o(.text)
    .text                                    0x08000a8e   Section        0  _printf_char.o(.text)
    .text                                    0x08000abc   Section        0  _printf_char_file.o(.text)
    .text                                    0x08000ae0   Section        8  rt_locale_intlibspace.o(.text)
    .text                                    0x08000ae8   Section        8  rt_errno_addr_intlibspace.o(.text)
    .text                                    0x08000af0   Section      138  lludiv10.o(.text)
    .text                                    0x08000b7c   Section        0  _printf_fp_infnan.o(.text)
    .text                                    0x08000bfc   Section        0  bigflt0.o(.text)
    .text                                    0x08000cd8   Section        0  ferror.o(.text)
    .text                                    0x08000ce0   Section        8  libspace.o(.text)
    .text                                    0x08000ce8   Section       74  sys_stackheap_outer.o(.text)
    .text                                    0x08000d32   Section        0  exit.o(.text)
    .text                                    0x08000d40   Section      128  strcmpv7m.o(.text)
    CL$$btod_d2e                             0x08000dc0   Section       62  btod.o(CL$$btod_d2e)
    CL$$btod_d2e_denorm_low                  0x08000dfe   Section       70  btod.o(CL$$btod_d2e_denorm_low)
    CL$$btod_d2e_norm_op1                    0x08000e44   Section       96  btod.o(CL$$btod_d2e_norm_op1)
    CL$$btod_div_common                      0x08000ea4   Section      824  btod.o(CL$$btod_div_common)
    CL$$btod_e2e                             0x080011dc   Section      198  btod.o(CL$$btod_e2e)
    CL$$btod_ediv                            0x080012a2   Section       40  btod.o(CL$$btod_ediv)
    CL$$btod_emul                            0x080012ca   Section       40  btod.o(CL$$btod_emul)
    CL$$btod_mult_common                     0x080012f2   Section      580  btod.o(CL$$btod_mult_common)
    i.ADC1_Init_In3                          0x08001538   Section        0  adc.o(i.ADC1_Init_In3)
    i.ADC_ClearITPendingBit                  0x080015b8   Section        0  stm32f4xx_adc.o(i.ADC_ClearITPendingBit)
    i.ADC_Cmd                                0x080015c2   Section        0  stm32f4xx_adc.o(i.ADC_Cmd)
    i.ADC_CommonInit                         0x080015d8   Section        0  stm32f4xx_adc.o(i.ADC_CommonInit)
    i.ADC_GetConversionValue                 0x08001608   Section        0  stm32f4xx_adc.o(i.ADC_GetConversionValue)
    i.ADC_GetITStatus                        0x08001610   Section        0  stm32f4xx_adc.o(i.ADC_GetITStatus)
    i.ADC_IRQHandler                         0x08001638   Section        0  nvic.o(i.ADC_IRQHandler)
    i.ADC_Init                               0x0800167c   Section        0  stm32f4xx_adc.o(i.ADC_Init)
    i.ADC_RegularChannelConfig               0x080016d0   Section        0  stm32f4xx_adc.o(i.ADC_RegularChannelConfig)
    i.ADC_SoftwareStartConv                  0x08001788   Section        0  stm32f4xx_adc.o(i.ADC_SoftwareStartConv)
    i.AverageValue                           0x08001794   Section        0  meterstepalgorithm.o(i.AverageValue)
    i.DetectorNewStep                        0x08001870   Section        0  meterstepalgorithm.o(i.DetectorNewStep)
    i.DetectorPeak                           0x08001b20   Section        0  meterstepalgorithm.o(i.DetectorPeak)
    i.GPIO_Init                              0x08001bb8   Section        0  stm32f4xx_gpio.o(i.GPIO_Init)
    i.GPIO_ReadInputDataBit                  0x08001c48   Section        0  stm32f4xx_gpio.o(i.GPIO_ReadInputDataBit)
    i.GPIO_ResetBits                         0x08001c5a   Section        0  stm32f4xx_gpio.o(i.GPIO_ResetBits)
    i.GPIO_SetBits                           0x08001c5e   Section        0  stm32f4xx_gpio.o(i.GPIO_SetBits)
    i.HP6_Init                               0x08001c64   Section        0  hp6.o(i.HP6_Init)
    i.IIC_Hp6_Init                           0x08001ca4   Section        0  iic.o(i.IIC_Hp6_Init)
    i.IIC_Init                               0x08001cf4   Section        0  iic.o(i.IIC_Init)
    i.IIC_Read                               0x08001d4c   Section        0  mpu6050.o(i.IIC_Read)
    i.IIC_Receive_Ack                        0x08001ddc   Section        0  iic.o(i.IIC_Receive_Ack)
    i.IIC_Receive_Byte                       0x08001e30   Section        0  iic.o(i.IIC_Receive_Byte)
    i.IIC_Send_Ack                           0x08001e94   Section        0  iic.o(i.IIC_Send_Ack)
    i.IIC_Send_Byte                          0x08001ef8   Section        0  iic.o(i.IIC_Send_Byte)
    i.IIC_Start                              0x08001f60   Section        0  iic.o(i.IIC_Start)
    i.IIC_Stop                               0x08001fa8   Section        0  iic.o(i.IIC_Stop)
    i.IIC_Write                              0x08001fe4   Section        0  mpu6050.o(i.IIC_Write)
    i.KEY_Init                               0x08002054   Section        0  key.o(i.KEY_Init)
    i.LED_Init                               0x08002080   Section        0  led.o(i.LED_Init)
    i.MOTOR_Init                             0x080020b8   Section        0  motor.o(i.MOTOR_Init)
    i.MPU6050_Init                           0x080020f4   Section        0  mpu6050.o(i.MPU6050_Init)
    i.MPU6050_ReadSpeed                      0x08002168   Section        0  mpu6050.o(i.MPU6050_ReadSpeed)
    i.MPU6050_Receive_Byte                   0x080021f0   Section        0  mpu6050.o(i.MPU6050_Receive_Byte)
    i.MYRTC_Init                             0x08002210   Section        0  rtc.o(i.MYRTC_Init)
    i.NVIC_Init                              0x08002298   Section        0  misc.o(i.NVIC_Init)
    i.OLED_Clear                             0x08002310   Section        0  oled.o(i.OLED_Clear)
    i.OLED_IO_Init                           0x08002350   Section        0  oled.o(i.OLED_IO_Init)
    i.OLED_Init                              0x080023a0   Section        0  oled.o(i.OLED_Init)
    i.OLED_ShowChar                          0x080024b8   Section        0  oled.o(i.OLED_ShowChar)
    i.OLED_ShowString                        0x080026b0   Section        0  oled.o(i.OLED_ShowString)
    i.OLED_WR_Byte                           0x080026e8   Section        0  oled.o(i.OLED_WR_Byte)
    i.OLED_XY                                0x08002760   Section        0  oled.o(i.OLED_XY)
    i.PWR_BackupAccessCmd                    0x0800278c   Section        0  stm32f4xx_pwr.o(i.PWR_BackupAccessCmd)
    i.RCC_AHB1PeriphClockCmd                 0x08002798   Section        0  stm32f4xx_rcc.o(i.RCC_AHB1PeriphClockCmd)
    i.RCC_APB1PeriphClockCmd                 0x080027b8   Section        0  stm32f4xx_rcc.o(i.RCC_APB1PeriphClockCmd)
    i.RCC_APB2PeriphClockCmd                 0x080027d8   Section        0  stm32f4xx_rcc.o(i.RCC_APB2PeriphClockCmd)
    i.RCC_GetFlagStatus                      0x080027f8   Section        0  stm32f4xx_rcc.o(i.RCC_GetFlagStatus)
    i.RCC_LSICmd                             0x08002838   Section        0  stm32f4xx_rcc.o(i.RCC_LSICmd)
    i.RCC_RTCCLKCmd                          0x08002844   Section        0  stm32f4xx_rcc.o(i.RCC_RTCCLKCmd)
    i.RCC_RTCCLKConfig                       0x08002850   Section        0  stm32f4xx_rcc.o(i.RCC_RTCCLKConfig)
    i.RTC_Bcd2ToByte                         0x0800288c   Section        0  stm32f4xx_rtc.o(i.RTC_Bcd2ToByte)
    RTC_Bcd2ToByte                           0x0800288d   Thumb Code    22  stm32f4xx_rtc.o(i.RTC_Bcd2ToByte)
    i.RTC_ByteToBcd2                         0x080028a2   Section        0  stm32f4xx_rtc.o(i.RTC_ByteToBcd2)
    RTC_ByteToBcd2                           0x080028a3   Thumb Code    28  stm32f4xx_rtc.o(i.RTC_ByteToBcd2)
    i.RTC_EnterInitMode                      0x080028c0   Section        0  stm32f4xx_rtc.o(i.RTC_EnterInitMode)
    i.RTC_ExitInitMode                       0x08002910   Section        0  stm32f4xx_rtc.o(i.RTC_ExitInitMode)
    i.RTC_GetDate                            0x08002924   Section        0  stm32f4xx_rtc.o(i.RTC_GetDate)
    i.RTC_GetTime                            0x08002970   Section        0  stm32f4xx_rtc.o(i.RTC_GetTime)
    i.RTC_Init                               0x080029c0   Section        0  stm32f4xx_rtc.o(i.RTC_Init)
    i.RTC_ReadBackupRegister                 0x08002a24   Section        0  stm32f4xx_rtc.o(i.RTC_ReadBackupRegister)
    i.RTC_SetDate                            0x08002a44   Section        0  stm32f4xx_rtc.o(i.RTC_SetDate)
    i.RTC_SetTime                            0x08002b0c   Section        0  stm32f4xx_rtc.o(i.RTC_SetTime)
    i.RTC_Set_Date                           0x08002bdc   Section        0  rtc.o(i.RTC_Set_Date)
    i.RTC_Set_Time                           0x08002c00   Section        0  rtc.o(i.RTC_Set_Time)
    i.RTC_WaitForSynchro                     0x08002c24   Section        0  stm32f4xx_rtc.o(i.RTC_WaitForSynchro)
    i.RTC_WriteBackupRegister                0x08002c84   Section        0  stm32f4xx_rtc.o(i.RTC_WriteBackupRegister)
    i.SHT20_Init                             0x08002ca0   Section        0  sht20.o(i.SHT20_Init)
    i.SHT20_RST                              0x08002cac   Section        0  sht20.o(i.SHT20_RST)
    i.SensorChanged                          0x08002cec   Section        0  meterstepalgorithm.o(i.SensorChanged)
    i.SetSysClock                            0x08002d64   Section        0  system_stm32f4xx.o(i.SetSysClock)
    SetSysClock                              0x08002d65   Thumb Code   138  system_stm32f4xx.o(i.SetSysClock)
    i.SystemInit                             0x08002e00   Section        0  system_stm32f4xx.o(i.SystemInit)
    i.TIM10_Init                             0x08002e68   Section        0  time.o(i.TIM10_Init)
    i.TIM1_BRK_TIM9_IRQHandler               0x08002ecc   Section        0  nvic.o(i.TIM1_BRK_TIM9_IRQHandler)
    i.TIM1_UP_TIM10_IRQHandler               0x08002ef8   Section        0  nvic.o(i.TIM1_UP_TIM10_IRQHandler)
    i.TIM_ARRPreloadConfig                   0x08002f24   Section        0  stm32f4xx_tim.o(i.TIM_ARRPreloadConfig)
    i.TIM_ClearITPendingBit                  0x08002f3c   Section        0  stm32f4xx_tim.o(i.TIM_ClearITPendingBit)
    i.TIM_Cmd                                0x08002f42   Section        0  stm32f4xx_tim.o(i.TIM_Cmd)
    i.TIM_GetITStatus                        0x08002f5a   Section        0  stm32f4xx_tim.o(i.TIM_GetITStatus)
    i.TIM_ITConfig                           0x08002f7c   Section        0  stm32f4xx_tim.o(i.TIM_ITConfig)
    i.TIM_TimeBaseInit                       0x08002f90   Section        0  stm32f4xx_tim.o(i.TIM_TimeBaseInit)
    i.Threshold_Value                        0x08003014   Section        0  meterstepalgorithm.o(i.Threshold_Value)
    i.USART1_IRQHandler                      0x0800308c   Section        0  nvic.o(i.USART1_IRQHandler)
    i.USART_GetFlagStatus                    0x08003108   Section        0  stm32f4xx_usart.o(i.USART_GetFlagStatus)
    i.USART_GetITStatus                      0x08003122   Section        0  stm32f4xx_usart.o(i.USART_GetITStatus)
    i.USART_ReceiveData                      0x08003176   Section        0  stm32f4xx_usart.o(i.USART_ReceiveData)
    i.__ARM_fpclassify                       0x08003180   Section        0  fpclassify.o(i.__ARM_fpclassify)
    i.__hardfp_sqrt                          0x080031b0   Section        0  sqrt.o(i.__hardfp_sqrt)
    i._is_digit                              0x0800322a   Section        0  __printf_wp.o(i._is_digit)
    i._sys_exit                              0x08003238   Section        0  usart.o(i._sys_exit)
    i.delay1_ms                              0x0800323e   Section        0  delay.o(i.delay1_ms)
    i.delay_ms                               0x0800327a   Section        0  test.o(i.delay_ms)
    delay_ms                                 0x0800327b   Thumb Code    20  test.o(i.delay_ms)
    i.delay_ms                               0x0800328e   Section        0  delay.o(i.delay_ms)
    i.delay_ms                               0x080032d4   Section        0  mpu6050.o(i.delay_ms)
    delay_ms                                 0x080032d5   Thumb Code    20  mpu6050.o(i.delay_ms)
    i.delay_us                               0x080032e8   Section        0  iic.o(i.delay_us)
    delay_us                                 0x080032e9   Thumb Code    18  iic.o(i.delay_us)
    i.fputc                                  0x080032fc   Section        0  usart.o(i.fputc)
    i.main                                   0x08003318   Section        0  test.o(i.main)
    locale$$code                             0x0800349c   Section       44  lc_numeric_c.o(locale$$code)
    x$fpl$d2f                                0x080034c8   Section       98  d2f.o(x$fpl$d2f)
    $v0                                      0x080034c8   Number         0  d2f.o(x$fpl$d2f)
    x$fpl$dnaninf                            0x0800352a   Section      156  dnaninf.o(x$fpl$dnaninf)
    $v0                                      0x0800352a   Number         0  dnaninf.o(x$fpl$dnaninf)
    x$fpl$dretinf                            0x080035c6   Section       12  dretinf.o(x$fpl$dretinf)
    $v0                                      0x080035c6   Number         0  dretinf.o(x$fpl$dretinf)
    x$fpl$dsqrt                              0x080035d4   Section      408  dsqrt_umaal.o(x$fpl$dsqrt)
    $v0                                      0x080035d4   Number         0  dsqrt_umaal.o(x$fpl$dsqrt)
    x$fpl$f2d                                0x0800376c   Section       86  f2d.o(x$fpl$f2d)
    $v0                                      0x0800376c   Number         0  f2d.o(x$fpl$f2d)
    x$fpl$fnaninf                            0x080037c2   Section      140  fnaninf.o(x$fpl$fnaninf)
    $v0                                      0x080037c2   Number         0  fnaninf.o(x$fpl$fnaninf)
    x$fpl$fpinit                             0x0800384e   Section       10  fpinit.o(x$fpl$fpinit)
    $v0                                      0x0800384e   Number         0  fpinit.o(x$fpl$fpinit)
    x$fpl$fretinf                            0x08003858   Section       10  fretinf.o(x$fpl$fretinf)
    $v0                                      0x08003858   Number         0  fretinf.o(x$fpl$fretinf)
    x$fpl$printf1                            0x08003862   Section        4  printf1.o(x$fpl$printf1)
    $v0                                      0x08003862   Number         0  printf1.o(x$fpl$printf1)
    x$fpl$usenofp                            0x08003866   Section        0  usenofp.o(x$fpl$usenofp)
    .constdata                               0x08003868   Section        8  test.o(.constdata)
    .constdata                               0x08003870   Section       17  __printf_flags_wp.o(.constdata)
    maptable                                 0x08003870   Data          17  __printf_flags_wp.o(.constdata)
    .constdata                               0x08003884   Section      148  bigflt0.o(.constdata)
    tenpwrs_x                                0x08003884   Data          60  bigflt0.o(.constdata)
    tenpwrs_i                                0x080038c0   Data          64  bigflt0.o(.constdata)
    locale$$data                             0x08003938   Section       28  lc_numeric_c.o(locale$$data)
    __lcnum_c_name                           0x0800393c   Data           2  lc_numeric_c.o(locale$$data)
    __lcnum_c_start                          0x08003944   Data           0  lc_numeric_c.o(locale$$data)
    __lcnum_c_point                          0x08003950   Data           0  lc_numeric_c.o(locale$$data)
    __lcnum_c_thousands                      0x08003952   Data           0  lc_numeric_c.o(locale$$data)
    __lcnum_c_grouping                       0x08003953   Data           0  lc_numeric_c.o(locale$$data)
    __lcnum_c_end                            0x08003954   Data           0  lc_numeric_c.o(locale$$data)
    .data                                    0x20000000   Section        5  test.o(.data)
    tempSecond                               0x20000000   Data           1  test.o(.data)
    timeStamp                                0x20000001   Data           4  test.o(.data)
    .data                                    0x20000005   Section        1  nvic.o(.data)
    i                                        0x20000005   Data           1  nvic.o(.data)
    .data                                    0x20000008   Section        4  usart.o(.data)
    .data                                    0x2000000c   Section    20813  matrix.o(.data)
    .data                                    0x2000515c   Section       64  meterstepalgorithm.o(.data)
    stepTempCount                            0x20005190   Data           1  meterstepalgorithm.o(.data)
    step_2second                             0x20005194   Data           4  meterstepalgorithm.o(.data)
    time_old                                 0x20005198   Data           4  meterstepalgorithm.o(.data)
    .bss                                     0x2000519c   Section       12  test.o(.bss)
    userSportsInfo                           0x2000519c   Data          12  test.o(.bss)
    .bss                                     0x200051a8   Section      200  nvic.o(.bss)
    str                                      0x200051a8   Data         200  nvic.o(.bss)
    .bss                                     0x20005270   Section       28  meterstepalgorithm.o(.bss)
    sportsInfo                               0x20005280   Data          12  meterstepalgorithm.o(.bss)
    .bss                                     0x2000528c   Section       96  libspace.o(.bss)
    HEAP                                     0x200052f0   Section      512  startup_stm32f40_41xxx.o(HEAP)
    Heap_Mem                                 0x200052f0   Data         512  startup_stm32f40_41xxx.o(HEAP)
    STACK                                    0x200054f0   Section     1024  startup_stm32f40_41xxx.o(STACK)
    Stack_Mem                                0x200054f0   Data        1024  startup_stm32f40_41xxx.o(STACK)
    __initial_sp                             0x200058f0   Data           0  startup_stm32f40_41xxx.o(STACK)

    Global Symbols

    Symbol Name                              Value     Ov Type        Size  Object(Section)

    BuildAttributes$$THM_ISAv4$E$P$D$K$B$S$7EM$VFPi3$EXTD16$VFPS$VFMA$PE$A:L22UL41UL21$X:L11$S22US41US21$IEEE1$IW$USESV6$~STKCKD$USESV7$~SHL$OTIME$ROPI$IEEEX$EBA8$UX$STANDARDLIB$REQ8$PRES8$EABIv2 0x00000000   Number         0  anon$$obj.o ABSOLUTE
    __ARM_use_no_argv                        0x00000000   Number         0  test.o ABSOLUTE
    _printf_flags                            0x00000000   Number         0  printf_stubs.o ABSOLUTE
    _printf_return_value                     0x00000000   Number         0  printf_stubs.o ABSOLUTE
    _printf_sizespec                         0x00000000   Number         0  printf_stubs.o ABSOLUTE
    _printf_widthprec                        0x00000000   Number         0  printf_stubs.o ABSOLUTE
    __ARM_exceptions_init                     - Undefined Weak Reference
    __alloca_initialize                       - Undefined Weak Reference
    __arm_preinit_                            - Undefined Weak Reference
    __cpp_initialize__aeabi_                  - Undefined Weak Reference
    __cxa_finalize                            - Undefined Weak Reference
    __sigvec_lookup                           - Undefined Weak Reference
    _atexit_init                              - Undefined Weak Reference
    _call_atexit_fns                          - Undefined Weak Reference
    _clock_init                               - Undefined Weak Reference
    _fp_trap_init                             - Undefined Weak Reference
    _fp_trap_shutdown                         - Undefined Weak Reference
    _get_lc_collate                           - Undefined Weak Reference
    _get_lc_ctype                             - Undefined Weak Reference
    _get_lc_monetary                          - Undefined Weak Reference
    _get_lc_time                              - Undefined Weak Reference
    _getenv_init                              - Undefined Weak Reference
    _handle_redirection                       - Undefined Weak Reference
    _init_alloc                               - Undefined Weak Reference
    _init_user_alloc                          - Undefined Weak Reference
    _initio                                   - Undefined Weak Reference
    _mutex_acquire                            - Undefined Weak Reference
    _mutex_release                            - Undefined Weak Reference
    _printf_mbtowc                            - Undefined Weak Reference
    _printf_truncate_signed                   - Undefined Weak Reference
    _printf_truncate_unsigned                 - Undefined Weak Reference
    _rand_init                                - Undefined Weak Reference
    _signal_finish                            - Undefined Weak Reference
    _signal_init                              - Undefined Weak Reference
    _terminate_alloc                          - Undefined Weak Reference
    _terminate_user_alloc                     - Undefined Weak Reference
    _terminateio                              - Undefined Weak Reference
    __Vectors_Size                           0x00000188   Number         0  startup_stm32f40_41xxx.o ABSOLUTE
    __Vectors                                0x08000000   Data           4  startup_stm32f40_41xxx.o(RESET)
    __Vectors_End                            0x08000188   Data           0  startup_stm32f40_41xxx.o(RESET)
    __main                                   0x08000189   Thumb Code     8  __main.o(!!!main)
    __scatterload                            0x08000191   Thumb Code     0  __scatter.o(!!!scatter)
    __scatterload_rt2                        0x08000191   Thumb Code    44  __scatter.o(!!!scatter)
    __scatterload_rt2_thumb_only             0x08000191   Thumb Code     0  __scatter.o(!!!scatter)
    __scatterload_null                       0x0800019f   Thumb Code     0  __scatter.o(!!!scatter)
    __decompress                             0x080001c5   Thumb Code   100  __dclz77c.o(!!dclz77c)
    __decompress2                            0x080001c5   Thumb Code     0  __dclz77c.o(!!dclz77c)
    __scatterload_zeroinit                   0x08000229   Thumb Code    28  __scatter_zi.o(!!handler_zi)
    _printf_f                                0x08000245   Thumb Code     0  _printf_f.o(.ARM.Collect$$_printf_percent$$00000003)
    _printf_percent                          0x08000245   Thumb Code     0  _printf_percent.o(.ARM.Collect$$_printf_percent$$00000000)
    _printf_d                                0x0800024b   Thumb Code     0  _printf_d.o(.ARM.Collect$$_printf_percent$$00000009)
    _printf_s                                0x08000251   Thumb Code     0  _printf_s.o(.ARM.Collect$$_printf_percent$$00000014)
    _printf_percent_end                      0x08000257   Thumb Code     0  _printf_percent_end.o(.ARM.Collect$$_printf_percent$$00000017)
    __rt_lib_init                            0x0800025b   Thumb Code     0  libinit.o(.ARM.Collect$$libinit$$00000000)
    __rt_lib_init_fp_1                       0x0800025d   Thumb Code     0  libinit2.o(.ARM.Collect$$libinit$$00000001)
    __rt_lib_init_heap_1                     0x08000261   Thumb Code     0  libinit2.o(.ARM.Collect$$libinit$$0000000A)
    __rt_lib_init_lc_common                  0x08000261   Thumb Code     0  libinit2.o(.ARM.Collect$$libinit$$0000000F)
    __rt_lib_init_preinit_1                  0x08000261   Thumb Code     0  libinit2.o(.ARM.Collect$$libinit$$00000004)
    __rt_lib_init_rand_1                     0x08000261   Thumb Code     0  libinit2.o(.ARM.Collect$$libinit$$0000000E)
    __rt_lib_init_user_alloc_1               0x08000261   Thumb Code     0  libinit2.o(.ARM.Collect$$libinit$$0000000C)
    __rt_lib_init_lc_collate_1               0x08000267   Thumb Code     0  libinit2.o(.ARM.Collect$$libinit$$00000011)
    __rt_lib_init_lc_ctype_1                 0x08000267   Thumb Code     0  libinit2.o(.ARM.Collect$$libinit$$00000013)
    __rt_lib_init_lc_monetary_1              0x08000267   Thumb Code     0  libinit2.o(.ARM.Collect$$libinit$$00000015)
    __rt_lib_init_lc_numeric_2               0x08000267   Thumb Code     0  libinit2.o(.ARM.Collect$$libinit$$00000016)
    __rt_lib_init_alloca_1                   0x08000271   Thumb Code     0  libinit2.o(.ARM.Collect$$libinit$$0000002E)
    __rt_lib_init_argv_1                     0x08000271   Thumb Code     0  libinit2.o(.ARM.Collect$$libinit$$0000002C)
    __rt_lib_init_atexit_1                   0x08000271   Thumb Code     0  libinit2.o(.ARM.Collect$$libinit$$0000001B)
    __rt_lib_init_clock_1                    0x08000271   Thumb Code     0  libinit2.o(.ARM.Collect$$libinit$$00000021)
    __rt_lib_init_cpp_1                      0x08000271   Thumb Code     0  libinit2.o(.ARM.Collect$$libinit$$00000032)
    __rt_lib_init_exceptions_1               0x08000271   Thumb Code     0  libinit2.o(.ARM.Collect$$libinit$$00000030)
    __rt_lib_init_fp_trap_1                  0x08000271   Thumb Code     0  libinit2.o(.ARM.Collect$$libinit$$0000001F)
    __rt_lib_init_getenv_1                   0x08000271   Thumb Code     0  libinit2.o(.ARM.Collect$$libinit$$00000023)
    __rt_lib_init_lc_numeric_1               0x08000271   Thumb Code     0  libinit2.o(.ARM.Collect$$libinit$$00000017)
    __rt_lib_init_lc_time_1                  0x08000271   Thumb Code     0  libinit2.o(.ARM.Collect$$libinit$$00000019)
    __rt_lib_init_return                     0x08000271   Thumb Code     0  libinit2.o(.ARM.Collect$$libinit$$00000033)
    __rt_lib_init_signal_1                   0x08000271   Thumb Code     0  libinit2.o(.ARM.Collect$$libinit$$0000001D)
    __rt_lib_init_stdio_1                    0x08000271   Thumb Code     0  libinit2.o(.ARM.Collect$$libinit$$00000025)
    __rt_lib_shutdown                        0x08000273   Thumb Code     0  libshutdown.o(.ARM.Collect$$libshutdown$$00000000)
    __rt_lib_shutdown_fp_trap_1              0x08000275   Thumb Code     0  libshutdown2.o(.ARM.Collect$$libshutdown$$00000006)
    __rt_lib_shutdown_heap_1                 0x08000275   Thumb Code     0  libshutdown2.o(.ARM.Collect$$libshutdown$$0000000E)
    __rt_lib_shutdown_return                 0x08000275   Thumb Code     0  libshutdown2.o(.ARM.Collect$$libshutdown$$0000000F)
    __rt_lib_shutdown_signal_1               0x08000275   Thumb Code     0  libshutdown2.o(.ARM.Collect$$libshutdown$$00000009)
    __rt_lib_shutdown_stdio_1                0x08000275   Thumb Code     0  libshutdown2.o(.ARM.Collect$$libshutdown$$00000003)
    __rt_lib_shutdown_user_alloc_1           0x08000275   Thumb Code     0  libshutdown2.o(.ARM.Collect$$libshutdown$$0000000B)
    __rt_entry                               0x08000277   Thumb Code     0  __rtentry.o(.ARM.Collect$$rtentry$$00000000)
    __rt_entry_presh_1                       0x08000277   Thumb Code     0  __rtentry2.o(.ARM.Collect$$rtentry$$00000002)
    __rt_entry_sh                            0x08000277   Thumb Code     0  __rtentry4.o(.ARM.Collect$$rtentry$$00000004)
    __rt_entry_li                            0x0800027d   Thumb Code     0  __rtentry2.o(.ARM.Collect$$rtentry$$0000000A)
    __rt_entry_postsh_1                      0x0800027d   Thumb Code     0  __rtentry2.o(.ARM.Collect$$rtentry$$00000009)
    __rt_entry_main                          0x08000281   Thumb Code     0  __rtentry2.o(.ARM.Collect$$rtentry$$0000000D)
    __rt_entry_postli_1                      0x08000281   Thumb Code     0  __rtentry2.o(.ARM.Collect$$rtentry$$0000000C)
    __rt_exit                                0x08000289   Thumb Code     0  rtexit.o(.ARM.Collect$$rtexit$$00000000)
    __rt_exit_ls                             0x0800028b   Thumb Code     0  rtexit2.o(.ARM.Collect$$rtexit$$00000003)
    __rt_exit_prels_1                        0x0800028b   Thumb Code     0  rtexit2.o(.ARM.Collect$$rtexit$$00000002)
    __rt_exit_exit                           0x0800028f   Thumb Code     0  rtexit2.o(.ARM.Collect$$rtexit$$00000004)
    Reset_Handler                            0x08000295   Thumb Code     8  startup_stm32f40_41xxx.o(.text)
    NMI_Handler                              0x0800029d   Thumb Code     2  startup_stm32f40_41xxx.o(.text)
    HardFault_Handler                        0x0800029f   Thumb Code     2  startup_stm32f40_41xxx.o(.text)
    MemManage_Handler                        0x080002a1   Thumb Code     2  startup_stm32f40_41xxx.o(.text)
    BusFault_Handler                         0x080002a3   Thumb Code     2  startup_stm32f40_41xxx.o(.text)
    UsageFault_Handler                       0x080002a5   Thumb Code     2  startup_stm32f40_41xxx.o(.text)
    SVC_Handler                              0x080002a7   Thumb Code     2  startup_stm32f40_41xxx.o(.text)
    DebugMon_Handler                         0x080002a9   Thumb Code     2  startup_stm32f40_41xxx.o(.text)
    PendSV_Handler                           0x080002ab   Thumb Code     2  startup_stm32f40_41xxx.o(.text)
    SysTick_Handler                          0x080002ad   Thumb Code     2  startup_stm32f40_41xxx.o(.text)
    CAN1_RX0_IRQHandler                      0x080002af   Thumb Code     0  startup_stm32f40_41xxx.o(.text)
    CAN1_RX1_IRQHandler                      0x080002af   Thumb Code     0  startup_stm32f40_41xxx.o(.text)
    CAN1_SCE_IRQHandler                      0x080002af   Thumb Code     0  startup_stm32f40_41xxx.o(.text)
    CAN1_TX_IRQHandler                       0x080002af   Thumb Code     0  startup_stm32f40_41xxx.o(.text)
    CAN2_RX0_IRQHandler                      0x080002af   Thumb Code     0  startup_stm32f40_41xxx.o(.text)
    CAN2_RX1_IRQHandler                      0x080002af   Thumb Code     0  startup_stm32f40_41xxx.o(.text)
    CAN2_SCE_IRQHandler                      0x080002af   Thumb Code     0  startup_stm32f40_41xxx.o(.text)
    CAN2_TX_IRQHandler                       0x080002af   Thumb Code     0  startup_stm32f40_41xxx.o(.text)
    CRYP_IRQHandler                          0x080002af   Thumb Code     0  startup_stm32f40_41xxx.o(.text)
    DCMI_IRQHandler                          0x080002af   Thumb Code     0  startup_stm32f40_41xxx.o(.text)
    DMA1_Stream0_IRQHandler                  0x080002af   Thumb Code     0  startup_stm32f40_41xxx.o(.text)
    DMA1_Stream1_IRQHandler                  0x080002af   Thumb Code     0  startup_stm32f40_41xxx.o(.text)
    DMA1_Stream2_IRQHandler                  0x080002af   Thumb Code     0  startup_stm32f40_41xxx.o(.text)
    DMA1_Stream3_IRQHandler                  0x080002af   Thumb Code     0  startup_stm32f40_41xxx.o(.text)
    DMA1_Stream4_IRQHandler                  0x080002af   Thumb Code     0  startup_stm32f40_41xxx.o(.text)
    DMA1_Stream5_IRQHandler                  0x080002af   Thumb Code     0  startup_stm32f40_41xxx.o(.text)
    DMA1_Stream6_IRQHandler                  0x080002af   Thumb Code     0  startup_stm32f40_41xxx.o(.text)
    DMA1_Stream7_IRQHandler                  0x080002af   Thumb Code     0  startup_stm32f40_41xxx.o(.text)
    DMA2_Stream0_IRQHandler                  0x080002af   Thumb Code     0  startup_stm32f40_41xxx.o(.text)
    DMA2_Stream1_IRQHandler                  0x080002af   Thumb Code     0  startup_stm32f40_41xxx.o(.text)
    DMA2_Stream2_IRQHandler                  0x080002af   Thumb Code     0  startup_stm32f40_41xxx.o(.text)
    DMA2_Stream3_IRQHandler                  0x080002af   Thumb Code     0  startup_stm32f40_41xxx.o(.text)
    DMA2_Stream4_IRQHandler                  0x080002af   Thumb Code     0  startup_stm32f40_41xxx.o(.text)
    DMA2_Stream5_IRQHandler                  0x080002af   Thumb Code     0  startup_stm32f40_41xxx.o(.text)
    DMA2_Stream6_IRQHandler                  0x080002af   Thumb Code     0  startup_stm32f40_41xxx.o(.text)
    DMA2_Stream7_IRQHandler                  0x080002af   Thumb Code     0  startup_stm32f40_41xxx.o(.text)
    ETH_IRQHandler                           0x080002af   Thumb Code     0  startup_stm32f40_41xxx.o(.text)
    ETH_WKUP_IRQHandler                      0x080002af   Thumb Code     0  startup_stm32f40_41xxx.o(.text)
    EXTI0_IRQHandler                         0x080002af   Thumb Code     0  startup_stm32f40_41xxx.o(.text)
    EXTI15_10_IRQHandler                     0x080002af   Thumb Code     0  startup_stm32f40_41xxx.o(.text)
    EXTI1_IRQHandler                         0x080002af   Thumb Code     0  startup_stm32f40_41xxx.o(.text)
    EXTI2_IRQHandler                         0x080002af   Thumb Code     0  startup_stm32f40_41xxx.o(.text)
    EXTI3_IRQHandler                         0x080002af   Thumb Code     0  startup_stm32f40_41xxx.o(.text)
    EXTI4_IRQHandler                         0x080002af   Thumb Code     0  startup_stm32f40_41xxx.o(.text)
    EXTI9_5_IRQHandler                       0x080002af   Thumb Code     0  startup_stm32f40_41xxx.o(.text)
    FLASH_IRQHandler                         0x080002af   Thumb Code     0  startup_stm32f40_41xxx.o(.text)
    FPU_IRQHandler                           0x080002af   Thumb Code     0  startup_stm32f40_41xxx.o(.text)
    FSMC_IRQHandler                          0x080002af   Thumb Code     0  startup_stm32f40_41xxx.o(.text)
    HASH_RNG_IRQHandler                      0x080002af   Thumb Code     0  startup_stm32f40_41xxx.o(.text)
    I2C1_ER_IRQHandler                       0x080002af   Thumb Code     0  startup_stm32f40_41xxx.o(.text)
    I2C1_EV_IRQHandler                       0x080002af   Thumb Code     0  startup_stm32f40_41xxx.o(.text)
    I2C2_ER_IRQHandler                       0x080002af   Thumb Code     0  startup_stm32f40_41xxx.o(.text)
    I2C2_EV_IRQHandler                       0x080002af   Thumb Code     0  startup_stm32f40_41xxx.o(.text)
    I2C3_ER_IRQHandler                       0x080002af   Thumb Code     0  startup_stm32f40_41xxx.o(.text)
    I2C3_EV_IRQHandler                       0x080002af   Thumb Code     0  startup_stm32f40_41xxx.o(.text)
    OTG_FS_IRQHandler                        0x080002af   Thumb Code     0  startup_stm32f40_41xxx.o(.text)
    OTG_FS_WKUP_IRQHandler                   0x080002af   Thumb Code     0  startup_stm32f40_41xxx.o(.text)
    OTG_HS_EP1_IN_IRQHandler                 0x080002af   Thumb Code     0  startup_stm32f40_41xxx.o(.text)
    OTG_HS_EP1_OUT_IRQHandler                0x080002af   Thumb Code     0  startup_stm32f40_41xxx.o(.text)
    OTG_HS_IRQHandler                        0x080002af   Thumb Code     0  startup_stm32f40_41xxx.o(.text)
    OTG_HS_WKUP_IRQHandler                   0x080002af   Thumb Code     0  startup_stm32f40_41xxx.o(.text)
    PVD_IRQHandler                           0x080002af   Thumb Code     0  startup_stm32f40_41xxx.o(.text)
    RCC_IRQHandler                           0x080002af   Thumb Code     0  startup_stm32f40_41xxx.o(.text)
    RTC_Alarm_IRQHandler                     0x080002af   Thumb Code     0  startup_stm32f40_41xxx.o(.text)
    RTC_WKUP_IRQHandler                      0x080002af   Thumb Code     0  startup_stm32f40_41xxx.o(.text)
    SDIO_IRQHandler                          0x080002af   Thumb Code     0  startup_stm32f40_41xxx.o(.text)
    SPI1_IRQHandler                          0x080002af   Thumb Code     0  startup_stm32f40_41xxx.o(.text)
    SPI2_IRQHandler                          0x080002af   Thumb Code     0  startup_stm32f40_41xxx.o(.text)
    SPI3_IRQHandler                          0x080002af   Thumb Code     0  startup_stm32f40_41xxx.o(.text)
    TAMP_STAMP_IRQHandler                    0x080002af   Thumb Code     0  startup_stm32f40_41xxx.o(.text)
    TIM1_CC_IRQHandler                       0x080002af   Thumb Code     0  startup_stm32f40_41xxx.o(.text)
    TIM1_TRG_COM_TIM11_IRQHandler            0x080002af   Thumb Code     0  startup_stm32f40_41xxx.o(.text)
    TIM2_IRQHandler                          0x080002af   Thumb Code     0  startup_stm32f40_41xxx.o(.text)
    TIM3_IRQHandler                          0x080002af   Thumb Code     0  startup_stm32f40_41xxx.o(.text)
    TIM4_IRQHandler                          0x080002af   Thumb Code     0  startup_stm32f40_41xxx.o(.text)
    TIM5_IRQHandler                          0x080002af   Thumb Code     0  startup_stm32f40_41xxx.o(.text)
    TIM6_DAC_IRQHandler                      0x080002af   Thumb Code     0  startup_stm32f40_41xxx.o(.text)
    TIM7_IRQHandler                          0x080002af   Thumb Code     0  startup_stm32f40_41xxx.o(.text)
    TIM8_BRK_TIM12_IRQHandler                0x080002af   Thumb Code     0  startup_stm32f40_41xxx.o(.text)
    TIM8_CC_IRQHandler                       0x080002af   Thumb Code     0  startup_stm32f40_41xxx.o(.text)
    TIM8_TRG_COM_TIM14_IRQHandler            0x080002af   Thumb Code     0  startup_stm32f40_41xxx.o(.text)
    TIM8_UP_TIM13_IRQHandler                 0x080002af   Thumb Code     0  startup_stm32f40_41xxx.o(.text)
    UART4_IRQHandler                         0x080002af   Thumb Code     0  startup_stm32f40_41xxx.o(.text)
    UART5_IRQHandler                         0x080002af   Thumb Code     0  startup_stm32f40_41xxx.o(.text)
    USART2_IRQHandler                        0x080002af   Thumb Code     0  startup_stm32f40_41xxx.o(.text)
    USART3_IRQHandler                        0x080002af   Thumb Code     0  startup_stm32f40_41xxx.o(.text)
    USART6_IRQHandler                        0x080002af   Thumb Code     0  startup_stm32f40_41xxx.o(.text)
    WWDG_IRQHandler                          0x080002af   Thumb Code     0  startup_stm32f40_41xxx.o(.text)
    __user_initial_stackheap                 0x080002b1   Thumb Code     0  startup_stm32f40_41xxx.o(.text)
    __use_no_semihosting                     0x080002d5   Thumb Code     2  use_no_semi_2.o(.text)
    __2printf                                0x080002d9   Thumb Code    20  noretval__2printf.o(.text)
    __2sprintf                               0x080002f1   Thumb Code    34  noretval__2sprintf.o(.text)
    _printf_pre_padding                      0x08000319   Thumb Code    44  _printf_pad.o(.text)
    _printf_post_padding                     0x08000345   Thumb Code    34  _printf_pad.o(.text)
    _printf_str                              0x08000367   Thumb Code    82  _printf_str.o(.text)
    _printf_int_dec                          0x080003b9   Thumb Code   104  _printf_dec.o(.text)
    __printf                                 0x08000431   Thumb Code   308  __printf_flags_wp.o(.text)
    __use_two_region_memory                  0x08000569   Thumb Code     2  heapauxi.o(.text)
    __rt_heap_escrow$2region                 0x0800056b   Thumb Code     2  heapauxi.o(.text)
    __rt_heap_expand$2region                 0x0800056d   Thumb Code     2  heapauxi.o(.text)
    __I$use$semihosting                      0x0800056f   Thumb Code     0  use_no_semi.o(.text)
    __use_no_semihosting_swi                 0x0800056f   Thumb Code     2  use_no_semi.o(.text)
    __read_errno                             0x08000571   Thumb Code    10  _rserrno.o(.text)
    __set_errno                              0x0800057b   Thumb Code    12  _rserrno.o(.text)
    _printf_int_common                       0x08000587   Thumb Code   178  _printf_intcommon.o(.text)
    __lib_sel_fp_printf                      0x08000639   Thumb Code     2  _printf_fp_dec.o(.text)
    _printf_fp_dec_real                      0x080007e7   Thumb Code   620  _printf_fp_dec.o(.text)
    _printf_char_common                      0x08000a5f   Thumb Code    32  _printf_char_common.o(.text)
    _sputc                                   0x08000a85   Thumb Code    10  _sputc.o(.text)
    _printf_cs_common                        0x08000a8f   Thumb Code    20  _printf_char.o(.text)
    _printf_char                             0x08000aa3   Thumb Code    16  _printf_char.o(.text)
    _printf_string                           0x08000ab3   Thumb Code     8  _printf_char.o(.text)
    _printf_char_file                        0x08000abd   Thumb Code    32  _printf_char_file.o(.text)
    __rt_locale                              0x08000ae1   Thumb Code     8  rt_locale_intlibspace.o(.text)
    __aeabi_errno_addr                       0x08000ae9   Thumb Code     8  rt_errno_addr_intlibspace.o(.text)
    __errno$intlibspace                      0x08000ae9   Thumb Code     0  rt_errno_addr_intlibspace.o(.text)
    __rt_errno_addr$intlibspace              0x08000ae9   Thumb Code     0  rt_errno_addr_intlibspace.o(.text)
    _ll_udiv10                               0x08000af1   Thumb Code   138  lludiv10.o(.text)
    _printf_fp_infnan                        0x08000b7d   Thumb Code   112  _printf_fp_infnan.o(.text)
    _btod_etento                             0x08000bfd   Thumb Code   216  bigflt0.o(.text)
    ferror                                   0x08000cd9   Thumb Code     8  ferror.o(.text)
    __user_libspace                          0x08000ce1   Thumb Code     8  libspace.o(.text)
    __user_perproc_libspace                  0x08000ce1   Thumb Code     0  libspace.o(.text)
    __user_perthread_libspace                0x08000ce1   Thumb Code     0  libspace.o(.text)
    __user_setup_stackheap                   0x08000ce9   Thumb Code    74  sys_stackheap_outer.o(.text)
    exit                                     0x08000d33   Thumb Code    12  exit.o(.text)
    strcmp                                   0x08000d41   Thumb Code   128  strcmpv7m.o(.text)
    _btod_d2e                                0x08000dc1   Thumb Code    62  btod.o(CL$$btod_d2e)
    _d2e_denorm_low                          0x08000dff   Thumb Code    70  btod.o(CL$$btod_d2e_denorm_low)
    _d2e_norm_op1                            0x08000e45   Thumb Code    96  btod.o(CL$$btod_d2e_norm_op1)
    __btod_div_common                        0x08000ea5   Thumb Code   696  btod.o(CL$$btod_div_common)
    _e2e                                     0x080011dd   Thumb Code   198  btod.o(CL$$btod_e2e)
    _btod_ediv                               0x080012a3   Thumb Code    40  btod.o(CL$$btod_ediv)
    _btod_emul                               0x080012cb   Thumb Code    40  btod.o(CL$$btod_emul)
    __btod_mult_common                       0x080012f3   Thumb Code   580  btod.o(CL$$btod_mult_common)
    ADC1_Init_In3                            0x08001539   Thumb Code   118  adc.o(i.ADC1_Init_In3)
    ADC_ClearITPendingBit                    0x080015b9   Thumb Code    10  stm32f4xx_adc.o(i.ADC_ClearITPendingBit)
    ADC_Cmd                                  0x080015c3   Thumb Code    22  stm32f4xx_adc.o(i.ADC_Cmd)
    ADC_CommonInit                           0x080015d9   Thumb Code    34  stm32f4xx_adc.o(i.ADC_CommonInit)
    ADC_GetConversionValue                   0x08001609   Thumb Code     8  stm32f4xx_adc.o(i.ADC_GetConversionValue)
    ADC_GetITStatus                          0x08001611   Thumb Code    38  stm32f4xx_adc.o(i.ADC_GetITStatus)
    ADC_IRQHandler                           0x08001639   Thumb Code    50  nvic.o(i.ADC_IRQHandler)
    ADC_Init                                 0x0800167d   Thumb Code    74  stm32f4xx_adc.o(i.ADC_Init)
    ADC_RegularChannelConfig                 0x080016d1   Thumb Code   184  stm32f4xx_adc.o(i.ADC_RegularChannelConfig)
    ADC_SoftwareStartConv                    0x08001789   Thumb Code    10  stm32f4xx_adc.o(i.ADC_SoftwareStartConv)
    AverageValue                             0x08001795   Thumb Code   200  meterstepalgorithm.o(i.AverageValue)
    DetectorNewStep                          0x08001871   Thumb Code   626  meterstepalgorithm.o(i.DetectorNewStep)
    DetectorPeak                             0x08001b21   Thumb Code   126  meterstepalgorithm.o(i.DetectorPeak)
    GPIO_Init                                0x08001bb9   Thumb Code   144  stm32f4xx_gpio.o(i.GPIO_Init)
    GPIO_ReadInputDataBit                    0x08001c49   Thumb Code    18  stm32f4xx_gpio.o(i.GPIO_ReadInputDataBit)
    GPIO_ResetBits                           0x08001c5b   Thumb Code     4  stm32f4xx_gpio.o(i.GPIO_ResetBits)
    GPIO_SetBits                             0x08001c5f   Thumb Code     4  stm32f4xx_gpio.o(i.GPIO_SetBits)
    HP6_Init                                 0x08001c65   Thumb Code    58  hp6.o(i.HP6_Init)
    IIC_Hp6_Init                             0x08001ca5   Thumb Code    76  iic.o(i.IIC_Hp6_Init)
    IIC_Init                                 0x08001cf5   Thumb Code    84  iic.o(i.IIC_Init)
    IIC_Read                                 0x08001d4d   Thumb Code   144  mpu6050.o(i.IIC_Read)
    IIC_Receive_Ack                          0x08001ddd   Thumb Code    78  iic.o(i.IIC_Receive_Ack)
    IIC_Receive_Byte                         0x08001e31   Thumb Code    96  iic.o(i.IIC_Receive_Byte)
    IIC_Send_Ack                             0x08001e95   Thumb Code    94  iic.o(i.IIC_Send_Ack)
    IIC_Send_Byte                            0x08001ef9   Thumb Code    98  iic.o(i.IIC_Send_Byte)
    IIC_Start                                0x08001f61   Thumb Code    66  iic.o(i.IIC_Start)
    IIC_Stop                                 0x08001fa9   Thumb Code    56  iic.o(i.IIC_Stop)
    IIC_Write                                0x08001fe5   Thumb Code   112  mpu6050.o(i.IIC_Write)
    KEY_Init                                 0x08002055   Thumb Code    40  key.o(i.KEY_Init)
    LED_Init                                 0x08002081   Thumb Code    52  led.o(i.LED_Init)
    MOTOR_Init                               0x080020b9   Thumb Code    56  motor.o(i.MOTOR_Init)
    MPU6050_Init                             0x080020f5   Thumb Code   108  mpu6050.o(i.MPU6050_Init)
    MPU6050_ReadSpeed                        0x08002169   Thumb Code   130  mpu6050.o(i.MPU6050_ReadSpeed)
    MPU6050_Receive_Byte                     0x080021f1   Thumb Code    32  mpu6050.o(i.MPU6050_Receive_Byte)
    MYRTC_Init                               0x08002211   Thumb Code   136  rtc.o(i.MYRTC_Init)
    NVIC_Init                                0x08002299   Thumb Code   106  misc.o(i.NVIC_Init)
    OLED_Clear                               0x08002311   Thumb Code    64  oled.o(i.OLED_Clear)
    OLED_IO_Init                             0x08002351   Thumb Code    70  oled.o(i.OLED_IO_Init)
    OLED_Init                                0x080023a1   Thumb Code   270  oled.o(i.OLED_Init)
    OLED_ShowChar                            0x080024b9   Thumb Code   488  oled.o(i.OLED_ShowChar)
    OLED_ShowString                          0x080026b1   Thumb Code    56  oled.o(i.OLED_ShowString)
    OLED_WR_Byte                             0x080026e9   Thumb Code   112  oled.o(i.OLED_WR_Byte)
    OLED_XY                                  0x08002761   Thumb Code    42  oled.o(i.OLED_XY)
    PWR_BackupAccessCmd                      0x0800278d   Thumb Code     6  stm32f4xx_pwr.o(i.PWR_BackupAccessCmd)
    RCC_AHB1PeriphClockCmd                   0x08002799   Thumb Code    26  stm32f4xx_rcc.o(i.RCC_AHB1PeriphClockCmd)
    RCC_APB1PeriphClockCmd                   0x080027b9   Thumb Code    26  stm32f4xx_rcc.o(i.RCC_APB1PeriphClockCmd)
    RCC_APB2PeriphClockCmd                   0x080027d9   Thumb Code    26  stm32f4xx_rcc.o(i.RCC_APB2PeriphClockCmd)
    RCC_GetFlagStatus                        0x080027f9   Thumb Code    60  stm32f4xx_rcc.o(i.RCC_GetFlagStatus)
    RCC_LSICmd                               0x08002839   Thumb Code     6  stm32f4xx_rcc.o(i.RCC_LSICmd)
    RCC_RTCCLKCmd                            0x08002845   Thumb Code     6  stm32f4xx_rcc.o(i.RCC_RTCCLKCmd)
    RCC_RTCCLKConfig                         0x08002851   Thumb Code    50  stm32f4xx_rcc.o(i.RCC_RTCCLKConfig)
    RTC_EnterInitMode                        0x080028c1   Thumb Code    76  stm32f4xx_rtc.o(i.RTC_EnterInitMode)
    RTC_ExitInitMode                         0x08002911   Thumb Code    14  stm32f4xx_rtc.o(i.RTC_ExitInitMode)
    RTC_GetDate                              0x08002925   Thumb Code    68  stm32f4xx_rtc.o(i.RTC_GetDate)
    RTC_GetTime                              0x08002971   Thumb Code    72  stm32f4xx_rtc.o(i.RTC_GetTime)
    RTC_Init                                 0x080029c1   Thumb Code    94  stm32f4xx_rtc.o(i.RTC_Init)
    RTC_ReadBackupRegister                   0x08002a25   Thumb Code    26  stm32f4xx_rtc.o(i.RTC_ReadBackupRegister)
    RTC_SetDate                              0x08002a45   Thumb Code   190  stm32f4xx_rtc.o(i.RTC_SetDate)
    RTC_SetTime                              0x08002b0d   Thumb Code   198  stm32f4xx_rtc.o(i.RTC_SetTime)
    RTC_Set_Date                             0x08002bdd   Thumb Code    36  rtc.o(i.RTC_Set_Date)
    RTC_Set_Time                             0x08002c01   Thumb Code    36  rtc.o(i.RTC_Set_Time)
    RTC_WaitForSynchro                       0x08002c25   Thumb Code    92  stm32f4xx_rtc.o(i.RTC_WaitForSynchro)
    RTC_WriteBackupRegister                  0x08002c85   Thumb Code    24  stm32f4xx_rtc.o(i.RTC_WriteBackupRegister)
    SHT20_Init                               0x08002ca1   Thumb Code    12  sht20.o(i.SHT20_Init)
    SHT20_RST                                0x08002cad   Thumb Code    62  sht20.o(i.SHT20_RST)
    SensorChanged                            0x08002ced   Thumb Code   116  meterstepalgorithm.o(i.SensorChanged)
    SystemInit                               0x08002e01   Thumb Code    88  system_stm32f4xx.o(i.SystemInit)
    TIM10_Init                               0x08002e69   Thumb Code    94  time.o(i.TIM10_Init)
    TIM1_BRK_TIM9_IRQHandler                 0x08002ecd   Thumb Code    36  nvic.o(i.TIM1_BRK_TIM9_IRQHandler)
    TIM1_UP_TIM10_IRQHandler                 0x08002ef9   Thumb Code    36  nvic.o(i.TIM1_UP_TIM10_IRQHandler)
    TIM_ARRPreloadConfig                     0x08002f25   Thumb Code    24  stm32f4xx_tim.o(i.TIM_ARRPreloadConfig)
    TIM_ClearITPendingBit                    0x08002f3d   Thumb Code     6  stm32f4xx_tim.o(i.TIM_ClearITPendingBit)
    TIM_Cmd                                  0x08002f43   Thumb Code    24  stm32f4xx_tim.o(i.TIM_Cmd)
    TIM_GetITStatus                          0x08002f5b   Thumb Code    34  stm32f4xx_tim.o(i.TIM_GetITStatus)
    TIM_ITConfig                             0x08002f7d   Thumb Code    18  stm32f4xx_tim.o(i.TIM_ITConfig)
    TIM_TimeBaseInit                         0x08002f91   Thumb Code   104  stm32f4xx_tim.o(i.TIM_TimeBaseInit)
    Threshold_Value                          0x08003015   Thumb Code   108  meterstepalgorithm.o(i.Threshold_Value)
    USART1_IRQHandler                        0x0800308d   Thumb Code    86  nvic.o(i.USART1_IRQHandler)
    USART_GetFlagStatus                      0x08003109   Thumb Code    26  stm32f4xx_usart.o(i.USART_GetFlagStatus)
    USART_GetITStatus                        0x08003123   Thumb Code    84  stm32f4xx_usart.o(i.USART_GetITStatus)
    USART_ReceiveData                        0x08003177   Thumb Code    10  stm32f4xx_usart.o(i.USART_ReceiveData)
    __ARM_fpclassify                         0x08003181   Thumb Code    48  fpclassify.o(i.__ARM_fpclassify)
    __hardfp_sqrt                            0x080031b1   Thumb Code   122  sqrt.o(i.__hardfp_sqrt)
    _is_digit                                0x0800322b   Thumb Code    14  __printf_wp.o(i._is_digit)
    _sys_exit                                0x08003239   Thumb Code     6  usart.o(i._sys_exit)
    delay1_ms                                0x0800323f   Thumb Code    60  delay.o(i.delay1_ms)
    delay_ms                                 0x0800328f   Thumb Code    70  delay.o(i.delay_ms)
    fputc                                    0x080032fd   Thumb Code    22  usart.o(i.fputc)
    main                                     0x08003319   Thumb Code   320  test.o(i.main)
    _get_lc_numeric                          0x0800349d   Thumb Code    44  lc_numeric_c.o(locale$$code)
    __aeabi_d2f                              0x080034c9   Thumb Code     0  d2f.o(x$fpl$d2f)
    _d2f                                     0x080034c9   Thumb Code    98  d2f.o(x$fpl$d2f)
    __fpl_dnaninf                            0x0800352b   Thumb Code   156  dnaninf.o(x$fpl$dnaninf)
    __fpl_dretinf                            0x080035c7   Thumb Code    12  dretinf.o(x$fpl$dretinf)
    _dsqrt                                   0x080035d5   Thumb Code   404  dsqrt_umaal.o(x$fpl$dsqrt)
    __aeabi_f2d                              0x0800376d   Thumb Code     0  f2d.o(x$fpl$f2d)
    _f2d                                     0x0800376d   Thumb Code    86  f2d.o(x$fpl$f2d)
    __fpl_fnaninf                            0x080037c3   Thumb Code   140  fnaninf.o(x$fpl$fnaninf)
    _fp_init                                 0x0800384f   Thumb Code    10  fpinit.o(x$fpl$fpinit)
    __fplib_config_fpu_vfp                   0x08003857   Thumb Code     0  fpinit.o(x$fpl$fpinit)
    __fplib_config_pureend_doubles           0x08003857   Thumb Code     0  fpinit.o(x$fpl$fpinit)
    __fpl_fretinf                            0x08003859   Thumb Code    10  fretinf.o(x$fpl$fretinf)
    _printf_fp_dec                           0x08003863   Thumb Code     4  printf1.o(x$fpl$printf1)
    __I$use$fp                               0x08003866   Number         0  usenofp.o(x$fpl$usenofp)
    Region$$Table$$Base                      0x08003918   Number         0  anon$$obj.o(Region$$Table)
    Region$$Table$$Limit                     0x08003938   Number         0  anon$$obj.o(Region$$Table)
    __stdout                                 0x20000008   Data           4  usart.o(.data)
    CH8                                      0x2000000c   Data         380  matrix.o(.data)
    CH16                                     0x20000188   Data        1520  matrix.o(.data)
    CH24                                     0x20000778   Data        3420  matrix.o(.data)
    CH32                                     0x200014d4   Data        6080  matrix.o(.data)
    HZ                                       0x20002c94   Data          41  matrix.o(.data)
    HZ16                                     0x20002cbd   Data         640  matrix.o(.data)
    TU                                       0x20002f3d   Data        3584  matrix.o(.data)
    TU2                                      0x20003d3d   Data         512  matrix.o(.data)
    TU3                                      0x20003f3d   Data         512  matrix.o(.data)
    TU4                                      0x2000413d   Data         512  matrix.o(.data)
    TU5                                      0x2000433d   Data         512  matrix.o(.data)
    TU6                                      0x2000453d   Data         512  matrix.o(.data)
    TU7                                      0x2000473d   Data         512  matrix.o(.data)
    TU8                                      0x2000493d   Data        1024  matrix.o(.data)
    TU9                                      0x20004d3d   Data        1024  matrix.o(.data)
    Tbuff                                    0x2000513d   Data          28  matrix.o(.data)
    gravityNew                               0x2000515c   Data           4  meterstepalgorithm.o(.data)
    gravityOld                               0x20005160   Data           4  meterstepalgorithm.o(.data)
    timeOfThisPeak                           0x20005164   Data           4  meterstepalgorithm.o(.data)
    timeOfLastPeak                           0x20005168   Data           4  meterstepalgorithm.o(.data)
    timeOfNow                                0x2000516c   Data           4  meterstepalgorithm.o(.data)
    lastStatus                               0x20005170   Data           1  meterstepalgorithm.o(.data)
    isDirectionUp                            0x20005171   Data           1  meterstepalgorithm.o(.data)
    continueUpCount                          0x20005174   Data           4  meterstepalgorithm.o(.data)
    continueUpFormerCount                    0x20005178   Data           4  meterstepalgorithm.o(.data)
    peakOfWave                               0x2000517c   Data           4  meterstepalgorithm.o(.data)
    valleyOfWave                             0x20005180   Data           4  meterstepalgorithm.o(.data)
    ThreadValue                              0x20005184   Data           4  meterstepalgorithm.o(.data)
    tempCount                                0x20005188   Data           4  meterstepalgorithm.o(.data)
    initialValue                             0x2000518c   Data           4  meterstepalgorithm.o(.data)
    tempValue                                0x20005270   Data          16  meterstepalgorithm.o(.bss)
    __libspace_start                         0x2000528c   Data          96  libspace.o(.bss)
    __temporary_stack_top$libspace           0x200052ec   Data           0  libspace.o(.bss)



==============================================================================

Memory Map of the image

  Image Entry point : 0x08000189

  Load Region LR_IROM1 (Base: 0x08000000, Size: 0x00008af0, Max: 0x00080000, ABSOLUTE, COMPRESSED[0x00005b5c])

    Execution Region ER_IROM1 (Base: 0x08000000, Size: 0x00003954, Max: 0x00080000, ABSOLUTE)

    Base Addr    Size         Type   Attr      Idx    E Section Name        Object

    0x08000000   0x00000188   Data   RO          125    RESET               startup_stm32f40_41xxx.o
    0x08000188   0x00000008   Code   RO         5790  * !!!main             c_w.l(__main.o)
    0x08000190   0x00000034   Code   RO         6119    !!!scatter          c_w.l(__scatter.o)
    0x080001c4   0x00000064   Code   RO         6117    !!dclz77c           c_w.l(__dclz77c.o)
    0x08000228   0x0000001c   Code   RO         6121    !!handler_zi        c_w.l(__scatter_zi.o)
    0x08000244   0x00000000   Code   RO         5785    .ARM.Collect$$_printf_percent$$00000000  c_w.l(_printf_percent.o)
    0x08000244   0x00000006   Code   RO         5784    .ARM.Collect$$_printf_percent$$00000003  c_w.l(_printf_f.o)
    0x0800024a   0x00000006   Code   RO         5783    .ARM.Collect$$_printf_percent$$00000009  c_w.l(_printf_d.o)
    0x08000250   0x00000006   Code   RO         5782    .ARM.Collect$$_printf_percent$$00000014  c_w.l(_printf_s.o)
    0x08000256   0x00000004   Code   RO         5863    .ARM.Collect$$_printf_percent$$00000017  c_w.l(_printf_percent_end.o)
    0x0800025a   0x00000002   Code   RO         5991    .ARM.Collect$$libinit$$00000000  c_w.l(libinit.o)
    0x0800025c   0x00000004   Code   RO         5992    .ARM.Collect$$libinit$$00000001  c_w.l(libinit2.o)
    0x08000260   0x00000000   Code   RO         5995    .ARM.Collect$$libinit$$00000004  c_w.l(libinit2.o)
    0x08000260   0x00000000   Code   RO         5998    .ARM.Collect$$libinit$$0000000A  c_w.l(libinit2.o)
    0x08000260   0x00000000   Code   RO         6000    .ARM.Collect$$libinit$$0000000C  c_w.l(libinit2.o)
    0x08000260   0x00000000   Code   RO         6002    .ARM.Collect$$libinit$$0000000E  c_w.l(libinit2.o)
    0x08000260   0x00000006   Code   RO         6003    .ARM.Collect$$libinit$$0000000F  c_w.l(libinit2.o)
    0x08000266   0x00000000   Code   RO         6005    .ARM.Collect$$libinit$$00000011  c_w.l(libinit2.o)
    0x08000266   0x00000000   Code   RO         6007    .ARM.Collect$$libinit$$00000013  c_w.l(libinit2.o)
    0x08000266   0x00000000   Code   RO         6009    .ARM.Collect$$libinit$$00000015  c_w.l(libinit2.o)
    0x08000266   0x0000000a   Code   RO         6010    .ARM.Collect$$libinit$$00000016  c_w.l(libinit2.o)
    0x08000270   0x00000000   Code   RO         6011    .ARM.Collect$$libinit$$00000017  c_w.l(libinit2.o)
    0x08000270   0x00000000   Code   RO         6013    .ARM.Collect$$libinit$$00000019  c_w.l(libinit2.o)
    0x08000270   0x00000000   Code   RO         6015    .ARM.Collect$$libinit$$0000001B  c_w.l(libinit2.o)
    0x08000270   0x00000000   Code   RO         6017    .ARM.Collect$$libinit$$0000001D  c_w.l(libinit2.o)
    0x08000270   0x00000000   Code   RO         6019    .ARM.Collect$$libinit$$0000001F  c_w.l(libinit2.o)
    0x08000270   0x00000000   Code   RO         6021    .ARM.Collect$$libinit$$00000021  c_w.l(libinit2.o)
    0x08000270   0x00000000   Code   RO         6023    .ARM.Collect$$libinit$$00000023  c_w.l(libinit2.o)
    0x08000270   0x00000000   Code   RO         6025    .ARM.Collect$$libinit$$00000025  c_w.l(libinit2.o)
    0x08000270   0x00000000   Code   RO         6029    .ARM.Collect$$libinit$$0000002C  c_w.l(libinit2.o)
    0x08000270   0x00000000   Code   RO         6031    .ARM.Collect$$libinit$$0000002E  c_w.l(libinit2.o)
    0x08000270   0x00000000   Code   RO         6033    .ARM.Collect$$libinit$$00000030  c_w.l(libinit2.o)
    0x08000270   0x00000000   Code   RO         6035    .ARM.Collect$$libinit$$00000032  c_w.l(libinit2.o)
    0x08000270   0x00000002   Code   RO         6036    .ARM.Collect$$libinit$$00000033  c_w.l(libinit2.o)
    0x08000272   0x00000002   Code   RO         6068    .ARM.Collect$$libshutdown$$00000000  c_w.l(libshutdown.o)
    0x08000274   0x00000000   Code   RO         6078    .ARM.Collect$$libshutdown$$00000003  c_w.l(libshutdown2.o)
    0x08000274   0x00000000   Code   RO         6081    .ARM.Collect$$libshutdown$$00000006  c_w.l(libshutdown2.o)
    0x08000274   0x00000000   Code   RO         6084    .ARM.Collect$$libshutdown$$00000009  c_w.l(libshutdown2.o)
    0x08000274   0x00000000   Code   RO         6086    .ARM.Collect$$libshutdown$$0000000B  c_w.l(libshutdown2.o)
    0x08000274   0x00000000   Code   RO         6089    .ARM.Collect$$libshutdown$$0000000E  c_w.l(libshutdown2.o)
    0x08000274   0x00000002   Code   RO         6090    .ARM.Collect$$libshutdown$$0000000F  c_w.l(libshutdown2.o)
    0x08000276   0x00000000   Code   RO         5848    .ARM.Collect$$rtentry$$00000000  c_w.l(__rtentry.o)
    0x08000276   0x00000000   Code   RO         5909    .ARM.Collect$$rtentry$$00000002  c_w.l(__rtentry2.o)
    0x08000276   0x00000006   Code   RO         5921    .ARM.Collect$$rtentry$$00000004  c_w.l(__rtentry4.o)
    0x0800027c   0x00000000   Code   RO         5911    .ARM.Collect$$rtentry$$00000009  c_w.l(__rtentry2.o)
    0x0800027c   0x00000004   Code   RO         5912    .ARM.Collect$$rtentry$$0000000A  c_w.l(__rtentry2.o)
    0x08000280   0x00000000   Code   RO         5914    .ARM.Collect$$rtentry$$0000000C  c_w.l(__rtentry2.o)
    0x08000280   0x00000008   Code   RO         5915    .ARM.Collect$$rtentry$$0000000D  c_w.l(__rtentry2.o)
    0x08000288   0x00000002   Code   RO         6039    .ARM.Collect$$rtexit$$00000000  c_w.l(rtexit.o)
    0x0800028a   0x00000000   Code   RO         6048    .ARM.Collect$$rtexit$$00000002  c_w.l(rtexit2.o)
    0x0800028a   0x00000004   Code   RO         6049    .ARM.Collect$$rtexit$$00000003  c_w.l(rtexit2.o)
    0x0800028e   0x00000006   Code   RO         6050    .ARM.Collect$$rtexit$$00000004  c_w.l(rtexit2.o)
    0x08000294   0x00000040   Code   RO          126    .text               startup_stm32f40_41xxx.o
    0x080002d4   0x00000002   Code   RO         5744    .text               c_w.l(use_no_semi_2.o)
    0x080002d6   0x00000002   PAD
    0x080002d8   0x00000018   Code   RO         5750    .text               c_w.l(noretval__2printf.o)
    0x080002f0   0x00000028   Code   RO         5752    .text               c_w.l(noretval__2sprintf.o)
    0x08000318   0x0000004e   Code   RO         5756    .text               c_w.l(_printf_pad.o)
    0x08000366   0x00000052   Code   RO         5758    .text               c_w.l(_printf_str.o)
    0x080003b8   0x00000078   Code   RO         5760    .text               c_w.l(_printf_dec.o)
    0x08000430   0x00000138   Code   RO         5774    .text               c_w.l(__printf_flags_wp.o)
    0x08000568   0x00000006   Code   RO         5788    .text               c_w.l(heapauxi.o)
    0x0800056e   0x00000002   Code   RO         5846    .text               c_w.l(use_no_semi.o)
    0x08000570   0x00000016   Code   RO         5849    .text               c_w.l(_rserrno.o)
    0x08000586   0x000000b2   Code   RO         5851    .text               c_w.l(_printf_intcommon.o)
    0x08000638   0x0000041a   Code   RO         5853    .text               c_w.l(_printf_fp_dec.o)
    0x08000a52   0x00000002   PAD
    0x08000a54   0x00000030   Code   RO         5855    .text               c_w.l(_printf_char_common.o)
    0x08000a84   0x0000000a   Code   RO         5857    .text               c_w.l(_sputc.o)
    0x08000a8e   0x0000002c   Code   RO         5859    .text               c_w.l(_printf_char.o)
    0x08000aba   0x00000002   PAD
    0x08000abc   0x00000024   Code   RO         5861    .text               c_w.l(_printf_char_file.o)
    0x08000ae0   0x00000008   Code   RO         5926    .text               c_w.l(rt_locale_intlibspace.o)
    0x08000ae8   0x00000008   Code   RO         5931    .text               c_w.l(rt_errno_addr_intlibspace.o)
    0x08000af0   0x0000008a   Code   RO         5933    .text               c_w.l(lludiv10.o)
    0x08000b7a   0x00000002   PAD
    0x08000b7c   0x00000080   Code   RO         5935    .text               c_w.l(_printf_fp_infnan.o)
    0x08000bfc   0x000000dc   Code   RO         5939    .text               c_w.l(bigflt0.o)
    0x08000cd8   0x00000008   Code   RO         5964    .text               c_w.l(ferror.o)
    0x08000ce0   0x00000008   Code   RO         5977    .text               c_w.l(libspace.o)
    0x08000ce8   0x0000004a   Code   RO         5980    .text               c_w.l(sys_stackheap_outer.o)
    0x08000d32   0x0000000c   Code   RO         5982    .text               c_w.l(exit.o)
    0x08000d3e   0x00000002   PAD
    0x08000d40   0x00000080   Code   RO         5984    .text               c_w.l(strcmpv7m.o)
    0x08000dc0   0x0000003e   Code   RO         5942    CL$$btod_d2e        c_w.l(btod.o)
    0x08000dfe   0x00000046   Code   RO         5944    CL$$btod_d2e_denorm_low  c_w.l(btod.o)
    0x08000e44   0x00000060   Code   RO         5943    CL$$btod_d2e_norm_op1  c_w.l(btod.o)
    0x08000ea4   0x00000338   Code   RO         5952    CL$$btod_div_common  c_w.l(btod.o)
    0x080011dc   0x000000c6   Code   RO         5949    CL$$btod_e2e        c_w.l(btod.o)
    0x080012a2   0x00000028   Code   RO         5946    CL$$btod_ediv       c_w.l(btod.o)
    0x080012ca   0x00000028   Code   RO         5945    CL$$btod_emul       c_w.l(btod.o)
    0x080012f2   0x00000244   Code   RO         5951    CL$$btod_mult_common  c_w.l(btod.o)
    0x08001536   0x00000002   PAD
    0x08001538   0x00000080   Code   RO          614    i.ADC1_Init_In3     adc.o
    0x080015b8   0x0000000a   Code   RO         1029    i.ADC_ClearITPendingBit  stm32f4xx_adc.o
    0x080015c2   0x00000016   Code   RO         1030    i.ADC_Cmd           stm32f4xx_adc.o
    0x080015d8   0x00000030   Code   RO         1031    i.ADC_CommonInit    stm32f4xx_adc.o
    0x08001608   0x00000008   Code   RO         1042    i.ADC_GetConversionValue  stm32f4xx_adc.o
    0x08001610   0x00000026   Code   RO         1044    i.ADC_GetITStatus   stm32f4xx_adc.o
    0x08001636   0x00000002   PAD
    0x08001638   0x00000044   Code   RO          268    i.ADC_IRQHandler    nvic.o
    0x0800167c   0x00000054   Code   RO         1050    i.ADC_Init          stm32f4xx_adc.o
    0x080016d0   0x000000b8   Code   RO         1055    i.ADC_RegularChannelConfig  stm32f4xx_adc.o
    0x08001788   0x0000000a   Code   RO         1057    i.ADC_SoftwareStartConv  stm32f4xx_adc.o
    0x08001792   0x00000002   PAD
    0x08001794   0x000000dc   Code   RO         5696    i.AverageValue      meterstepalgorithm.o
    0x08001870   0x000002b0   Code   RO         5697    i.DetectorNewStep   meterstepalgorithm.o
    0x08001b20   0x00000098   Code   RO         5698    i.DetectorPeak      meterstepalgorithm.o
    0x08001bb8   0x00000090   Code   RO         2581    i.GPIO_Init         stm32f4xx_gpio.o
    0x08001c48   0x00000012   Code   RO         2585    i.GPIO_ReadInputDataBit  stm32f4xx_gpio.o
    0x08001c5a   0x00000004   Code   RO         2588    i.GPIO_ResetBits    stm32f4xx_gpio.o
    0x08001c5e   0x00000004   Code   RO         2589    i.GPIO_SetBits      stm32f4xx_gpio.o
    0x08001c62   0x00000002   PAD
    0x08001c64   0x00000040   Code   RO          815    i.HP6_Init          hp6.o
    0x08001ca4   0x00000050   Code   RO          657    i.IIC_Hp6_Init      iic.o
    0x08001cf4   0x00000058   Code   RO          664    i.IIC_Init          iic.o
    0x08001d4c   0x00000090   Code   RO          899    i.IIC_Read          mpu6050.o
    0x08001ddc   0x00000054   Code   RO          665    i.IIC_Receive_Ack   iic.o
    0x08001e30   0x00000064   Code   RO          666    i.IIC_Receive_Byte  iic.o
    0x08001e94   0x00000064   Code   RO          667    i.IIC_Send_Ack      iic.o
    0x08001ef8   0x00000068   Code   RO          668    i.IIC_Send_Byte     iic.o
    0x08001f60   0x00000048   Code   RO          669    i.IIC_Start         iic.o
    0x08001fa8   0x0000003c   Code   RO          670    i.IIC_Stop          iic.o
    0x08001fe4   0x00000070   Code   RO          900    i.IIC_Write         mpu6050.o
    0x08002054   0x0000002c   Code   RO          417    i.KEY_Init          key.o
    0x08002080   0x00000038   Code   RO          397    i.LED_Init          led.o
    0x080020b8   0x0000003c   Code   RO          449    i.MOTOR_Init        motor.o
    0x080020f4   0x00000074   Code   RO          901    i.MPU6050_Init      mpu6050.o
    0x08002168   0x00000088   Code   RO          902    i.MPU6050_ReadSpeed  mpu6050.o
    0x080021f0   0x00000020   Code   RO          903    i.MPU6050_Receive_Byte  mpu6050.o
    0x08002210   0x00000088   Code   RO          948    i.MYRTC_Init        rtc.o
    0x08002298   0x00000078   Code   RO          980    i.NVIC_Init         misc.o
    0x08002310   0x00000040   Code   RO          489    i.OLED_Clear        oled.o
    0x08002350   0x00000050   Code   RO          492    i.OLED_IO_Init      oled.o
    0x080023a0   0x00000118   Code   RO          493    i.OLED_Init         oled.o
    0x080024b8   0x000001f8   Code   RO          496    i.OLED_ShowChar     oled.o
    0x080026b0   0x00000038   Code   RO          500    i.OLED_ShowString   oled.o
    0x080026e8   0x00000078   Code   RO          502    i.OLED_WR_Byte      oled.o
    0x08002760   0x0000002a   Code   RO          503    i.OLED_XY           oled.o
    0x0800278a   0x00000002   PAD
    0x0800278c   0x0000000c   Code   RO         3326    i.PWR_BackupAccessCmd  stm32f4xx_pwr.o
    0x08002798   0x00000020   Code   RO         3448    i.RCC_AHB1PeriphClockCmd  stm32f4xx_rcc.o
    0x080027b8   0x00000020   Code   RO         3457    i.RCC_APB1PeriphClockCmd  stm32f4xx_rcc.o
    0x080027d8   0x00000020   Code   RO         3460    i.RCC_APB2PeriphClockCmd  stm32f4xx_rcc.o
    0x080027f8   0x00000040   Code   RO         3470    i.RCC_GetFlagStatus  stm32f4xx_rcc.o
    0x08002838   0x0000000c   Code   RO         3480    i.RCC_LSICmd        stm32f4xx_rcc.o
    0x08002844   0x0000000c   Code   RO         3492    i.RCC_RTCCLKCmd     stm32f4xx_rcc.o
    0x08002850   0x0000003c   Code   RO         3493    i.RCC_RTCCLKConfig  stm32f4xx_rcc.o
    0x0800288c   0x00000016   Code   RO         3850    i.RTC_Bcd2ToByte    stm32f4xx_rtc.o
    0x080028a2   0x0000001c   Code   RO         3852    i.RTC_ByteToBcd2    stm32f4xx_rtc.o
    0x080028be   0x00000002   PAD
    0x080028c0   0x00000050   Code   RO         3862    i.RTC_EnterInitMode  stm32f4xx_rtc.o
    0x08002910   0x00000014   Code   RO         3863    i.RTC_ExitInitMode  stm32f4xx_rtc.o
    0x08002924   0x0000004c   Code   RO         3866    i.RTC_GetDate       stm32f4xx_rtc.o
    0x08002970   0x00000050   Code   RO         3871    i.RTC_GetTime       stm32f4xx_rtc.o
    0x080029c0   0x00000064   Code   RO         3876    i.RTC_Init          stm32f4xx_rtc.o
    0x08002a24   0x00000020   Code   RO         3879    i.RTC_ReadBackupRegister  stm32f4xx_rtc.o
    0x08002a44   0x000000c8   Code   RO         3882    i.RTC_SetDate       stm32f4xx_rtc.o
    0x08002b0c   0x000000d0   Code   RO         3883    i.RTC_SetTime       stm32f4xx_rtc.o
    0x08002bdc   0x00000024   Code   RO          949    i.RTC_Set_Date      rtc.o
    0x08002c00   0x00000024   Code   RO          950    i.RTC_Set_Time      rtc.o
    0x08002c24   0x00000060   Code   RO         3899    i.RTC_WaitForSynchro  stm32f4xx_rtc.o
    0x08002c84   0x0000001c   Code   RO         3902    i.RTC_WriteBackupRegister  stm32f4xx_rtc.o
    0x08002ca0   0x0000000c   Code   RO          763    i.SHT20_Init        sht20.o
    0x08002cac   0x0000003e   Code   RO          766    i.SHT20_RST         sht20.o
    0x08002cea   0x00000002   PAD
    0x08002cec   0x00000078   Code   RO         5699    i.SensorChanged     meterstepalgorithm.o
    0x08002d64   0x0000009c   Code   RO            3    i.SetSysClock       system_stm32f4xx.o
    0x08002e00   0x00000068   Code   RO            5    i.SystemInit        system_stm32f4xx.o
    0x08002e68   0x00000064   Code   RO          308    i.TIM10_Init        time.o
    0x08002ecc   0x0000002c   Code   RO          269    i.TIM1_BRK_TIM9_IRQHandler  nvic.o
    0x08002ef8   0x0000002c   Code   RO          270    i.TIM1_UP_TIM10_IRQHandler  nvic.o
    0x08002f24   0x00000018   Code   RO         4786    i.TIM_ARRPreloadConfig  stm32f4xx_tim.o
    0x08002f3c   0x00000006   Code   RO         4793    i.TIM_ClearITPendingBit  stm32f4xx_tim.o
    0x08002f42   0x00000018   Code   RO         4798    i.TIM_Cmd           stm32f4xx_tim.o
    0x08002f5a   0x00000022   Code   RO         4819    i.TIM_GetITStatus   stm32f4xx_tim.o
    0x08002f7c   0x00000012   Code   RO         4823    i.TIM_ITConfig      stm32f4xx_tim.o
    0x08002f8e   0x00000002   PAD
    0x08002f90   0x00000084   Code   RO         4870    i.TIM_TimeBaseInit  stm32f4xx_tim.o
    0x08003014   0x00000078   Code   RO         5700    i.Threshold_Value   meterstepalgorithm.o
    0x0800308c   0x0000007c   Code   RO          271    i.USART1_IRQHandler  nvic.o
    0x08003108   0x0000001a   Code   RO         5351    i.USART_GetFlagStatus  stm32f4xx_usart.o
    0x08003122   0x00000054   Code   RO         5352    i.USART_GetITStatus  stm32f4xx_usart.o
    0x08003176   0x0000000a   Code   RO         5362    i.USART_ReceiveData  stm32f4xx_usart.o
    0x08003180   0x00000030   Code   RO         5903    i.__ARM_fpclassify  m_wm.l(fpclassify.o)
    0x080031b0   0x0000007a   Code   RO         5834    i.__hardfp_sqrt     m_wm.l(sqrt.o)
    0x0800322a   0x0000000e   Code   RO         5772    i._is_digit         c_w.l(__printf_wp.o)
    0x08003238   0x00000006   Code   RO          339    i._sys_exit         usart.o
    0x0800323e   0x0000003c   Code   RO          222    i.delay1_ms         delay.o
    0x0800327a   0x00000014   Code   RO          132    i.delay_ms          test.o
    0x0800328e   0x00000046   Code   RO          223    i.delay_ms          delay.o
    0x080032d4   0x00000014   Code   RO          904    i.delay_ms          mpu6050.o
    0x080032e8   0x00000012   Code   RO          671    i.delay_us          iic.o
    0x080032fa   0x00000002   PAD
    0x080032fc   0x0000001c   Code   RO          340    i.fputc             usart.o
    0x08003318   0x00000184   Code   RO          133    i.main              test.o
    0x0800349c   0x0000002c   Code   RO         5969    locale$$code        c_w.l(lc_numeric_c.o)
    0x080034c8   0x00000062   Code   RO         5792    x$fpl$d2f           fz_wm.l(d2f.o)
    0x0800352a   0x0000009c   Code   RO         5868    x$fpl$dnaninf       fz_wm.l(dnaninf.o)
    0x080035c6   0x0000000c   Code   RO         5870    x$fpl$dretinf       fz_wm.l(dretinf.o)
    0x080035d2   0x00000002   PAD
    0x080035d4   0x00000198   Code   RO         5874    x$fpl$dsqrt         fz_wm.l(dsqrt_umaal.o)
    0x0800376c   0x00000056   Code   RO         5816    x$fpl$f2d           fz_wm.l(f2d.o)
    0x080037c2   0x0000008c   Code   RO         5876    x$fpl$fnaninf       fz_wm.l(fnaninf.o)
    0x0800384e   0x0000000a   Code   RO         6043    x$fpl$fpinit        fz_wm.l(fpinit.o)
    0x08003858   0x0000000a   Code   RO         5878    x$fpl$fretinf       fz_wm.l(fretinf.o)
    0x08003862   0x00000004   Code   RO         5818    x$fpl$printf1       fz_wm.l(printf1.o)
    0x08003866   0x00000000   Code   RO         5882    x$fpl$usenofp       fz_wm.l(usenofp.o)
    0x08003866   0x00000002   PAD
    0x08003868   0x00000008   Data   RO          135    .constdata          test.o
    0x08003870   0x00000011   Data   RO         5775    .constdata          c_w.l(__printf_flags_wp.o)
    0x08003881   0x00000003   PAD
    0x08003884   0x00000094   Data   RO         5940    .constdata          c_w.l(bigflt0.o)
    0x08003918   0x00000020   Data   RO         6115    Region$$Table       anon$$obj.o
    0x08003938   0x0000001c   Data   RO         5968    locale$$data        c_w.l(lc_numeric_c.o)


    Execution Region RW_IRAM1 (Base: 0x20000000, Size: 0x000058f0, Max: 0x00020000, ABSOLUTE, COMPRESSED[0x00002208])

    Base Addr    Size         Type   Attr      Idx    E Section Name        Object

    0x20000000   0x00000005   Data   RW          136    .data               test.o
    0x20000005   0x00000001   Data   RW          273    .data               nvic.o
    0x20000006   0x00000002   PAD
    0x20000008   0x00000004   Data   RW          341    .data               usart.o
    0x2000000c   0x0000514d   Data   RW          596    .data               matrix.o
    0x20005159   0x00000003   PAD
    0x2000515c   0x00000040   Data   RW         5702    .data               meterstepalgorithm.o
    0x2000519c   0x0000000c   Zero   RW          134    .bss                test.o
    0x200051a8   0x000000c8   Zero   RW          272    .bss                nvic.o
    0x20005270   0x0000001c   Zero   RW         5701    .bss                meterstepalgorithm.o
    0x2000528c   0x00000060   Zero   RW         5978    .bss                c_w.l(libspace.o)
    0x200052ec   0x00000004   PAD
    0x200052f0   0x00000200   Zero   RW          124    HEAP                startup_stm32f40_41xxx.o
    0x200054f0   0x00000400   Zero   RW          123    STACK               startup_stm32f40_41xxx.o


==============================================================================

Image component sizes


      Code (inc. data)   RO Data    RW Data    ZI Data      Debug   Object Name

       128         10          0          0          0        692   adc.o
       130          0          0          0          0       1223   delay.o
        64          6          0          0          0        563   hp6.o
       706         40          0          0          0       5201   iic.o
        44          4          0          0          0        559   key.o
        56          4          0          0          0        559   led.o
         0          0          0      20813          0       1122   matrix.o
      1300        124          0         64         28       5966   meterstepalgorithm.o
       120         14          0          0          0       1164   misc.o
        60          4          0          0          0        565   motor.o
       560         14          0          0          0       4669   mpu6050.o
       280         72          0          1        200       2259   nvic.o
      1146         44          0          0          0       5303   oled.o
       208          0          0          0          0       2043   rtc.o
        74          0          0          0          0       1185   sht20.o
        64         26        392          0       1536        844   startup_stm32f40_41xxx.o
       404         24          0          0          0       6780   stm32f4xx_adc.o
       170          0          0          0          0       3168   stm32f4xx_gpio.o
        12          6          0          0          0        598   stm32f4xx_pwr.o
       244         44          0          0          0       4535   stm32f4xx_rcc.o
       970         66          0          0          0       9442   stm32f4xx_rtc.o
       238         28          0          0          0       4733   stm32f4xx_tim.o
       120          0          0          0          0       2902   stm32f4xx_usart.o
       260         34          0          0          0     264721   system_stm32f4xx.o
       408         68          8          5         12       3203   test.o
       100          6          0          0          0        697   time.o
        34          6          0          4          0       2970   usart.o

    ----------------------------------------------------------------------
      7916        644        432      20892       1776     337666   Object Totals
         0          0         32          0          0          0   (incl. Generated)
        16          0          0          5          0          0   (incl. Padding)

    ----------------------------------------------------------------------

      Code (inc. data)   RO Data    RW Data    ZI Data      Debug   Library Member Name

       100          0          0          0          0          0   __dclz77c.o
         8          0          0          0          0         68   __main.o
       312          4         17          0          0         92   __printf_flags_wp.o
        14          0          0          0          0         68   __printf_wp.o
         0          0          0          0          0          0   __rtentry.o
        12          0          0          0          0          0   __rtentry2.o
         6          0          0          0          0          0   __rtentry4.o
        52          8          0          0          0          0   __scatter.o
        28          0          0          0          0          0   __scatter_zi.o
        44          0          0          0          0        108   _printf_char.o
        48          6          0          0          0         96   _printf_char_common.o
        36          4          0          0          0         80   _printf_char_file.o
         6          0          0          0          0          0   _printf_d.o
       120         16          0          0          0         92   _printf_dec.o
         6          0          0          0          0          0   _printf_f.o
      1050          0          0          0          0        216   _printf_fp_dec.o
       128         16          0          0          0         84   _printf_fp_infnan.o
       178          0          0          0          0         88   _printf_intcommon.o
        78          0          0          0          0        108   _printf_pad.o
         0          0          0          0          0          0   _printf_percent.o
         4          0          0          0          0          0   _printf_percent_end.o
         6          0          0          0          0          0   _printf_s.o
        82          0          0          0          0         80   _printf_str.o
        22          0          0          0          0        100   _rserrno.o
        10          0          0          0          0         68   _sputc.o
       220          4        148          0          0         96   bigflt0.o
      1910        128          0          0          0        672   btod.o
        12          0          0          0          0         72   exit.o
         8          0          0          0          0         68   ferror.o
         6          0          0          0          0        152   heapauxi.o
        44         10         28          0          0         76   lc_numeric_c.o
         2          0          0          0          0          0   libinit.o
        22          0          0          0          0          0   libinit2.o
         2          0          0          0          0          0   libshutdown.o
         2          0          0          0          0          0   libshutdown2.o
         8          4          0          0         96         68   libspace.o
       138          0          0          0          0         80   lludiv10.o
        24          4          0          0          0         84   noretval__2printf.o
        40          6          0          0          0         84   noretval__2sprintf.o
         8          4          0          0          0         68   rt_errno_addr_intlibspace.o
         8          4          0          0          0         68   rt_locale_intlibspace.o
         2          0          0          0          0          0   rtexit.o
        10          0          0          0          0          0   rtexit2.o
       128          0          0          0          0         68   strcmpv7m.o
        74          0          0          0          0         80   sys_stackheap_outer.o
         2          0          0          0          0         68   use_no_semi.o
         2          0          0          0          0         68   use_no_semi_2.o
        98          4          0          0          0        140   d2f.o
       156          4          0          0          0        140   dnaninf.o
        12          0          0          0          0        116   dretinf.o
       408         56          0          0          0        168   dsqrt_umaal.o
        86          4          0          0          0        132   f2d.o
       140          4          0          0          0        132   fnaninf.o
        10          0          0          0          0        116   fpinit.o
        10          0          0          0          0        116   fretinf.o
         4          0          0          0          0        116   printf1.o
         0          0          0          0          0          0   usenofp.o
        48          0          0          0          0        124   fpclassify.o
       122          0          0          0          0        148   sqrt.o

    ----------------------------------------------------------------------
      6132        290        196          0        100       4668   Library Totals
        16          0          3          0          4          0   (incl. Padding)

    ----------------------------------------------------------------------

      Code (inc. data)   RO Data    RW Data    ZI Data      Debug   Library Name

      5022        218        193          0         96       3220   c_w.l
       924         72          0          0          0       1176   fz_wm.l
       170          0          0          0          0        272   m_wm.l

    ----------------------------------------------------------------------
      6132        290        196          0        100       4668   Library Totals

    ----------------------------------------------------------------------

==============================================================================


      Code (inc. data)   RO Data    RW Data    ZI Data      Debug   

     14048        934        628      20892       1876     331266   Grand Totals
     14048        934        628       8712       1876     331266   ELF Image Totals (compressed)
     14048        934        628       8712          0          0   ROM Totals

==============================================================================

    Total RO  Size (Code + RO Data)                14676 (  14.33kB)
    Total RW  Size (RW Data + ZI Data)             22768 (  22.23kB)
    Total ROM Size (Code + RO Data + RW Data)      23388 (  22.84kB)

==============================================================================

