Component: ARM Compiler 5.05 update 1 (build 106) Tool: armlink [4d0efa]

==============================================================================

Section Cross References

    system_stm32f4xx.o(i.SystemCoreClockUpdate) refers to system_stm32f4xx.o(.data) for SystemCoreClock
    system_stm32f4xx.o(i.SystemInit) refers to system_stm32f4xx.o(i.SetSysClock) for SetSysClock
    startup_stm32f40_41xxx.o(STACK) refers (Special) to heapauxi.o(.text) for __use_two_region_memory
    startup_stm32f40_41xxx.o(HEAP) refers (Special) to heapauxi.o(.text) for __use_two_region_memory
    startup_stm32f40_41xxx.o(RESET) refers (Special) to heapauxi.o(.text) for __use_two_region_memory
    startup_stm32f40_41xxx.o(RESET) refers to startup_stm32f40_41xxx.o(STACK) for __initial_sp
    startup_stm32f40_41xxx.o(RESET) refers to startup_stm32f40_41xxx.o(.text) for Reset_Handler
    startup_stm32f40_41xxx.o(RESET) refers to nvic.o(i.ADC_IRQHandler) for ADC_IRQHandler
    startup_stm32f40_41xxx.o(RESET) refers to nvic.o(i.TIM1_BRK_TIM9_IRQHandler) for TIM1_BRK_TIM9_IRQHandler
    startup_stm32f40_41xxx.o(RESET) refers to nvic.o(i.TIM1_UP_TIM10_IRQHandler) for TIM1_UP_TIM10_IRQHandler
    startup_stm32f40_41xxx.o(RESET) refers to nvic.o(i.TIM3_IRQHandler) for TIM3_IRQHandler
    startup_stm32f40_41xxx.o(RESET) refers to nvic.o(i.TIM4_IRQHandler) for TIM4_IRQHandler
    startup_stm32f40_41xxx.o(RESET) refers to nvic.o(i.USART1_IRQHandler) for USART1_IRQHandler
    startup_stm32f40_41xxx.o(.text) refers (Special) to heapauxi.o(.text) for __use_two_region_memory
    startup_stm32f40_41xxx.o(.text) refers to system_stm32f4xx.o(i.SystemInit) for SystemInit
    startup_stm32f40_41xxx.o(.text) refers to __main.o(!!!main) for __main
    startup_stm32f40_41xxx.o(.text) refers to startup_stm32f40_41xxx.o(HEAP) for Heap_Mem
    startup_stm32f40_41xxx.o(.text) refers to startup_stm32f40_41xxx.o(STACK) for Stack_Mem
    test.o(i.main) refers to interface.o(i.Watch_Init) for Watch_Init
    test.o(i.main) refers to interface.o(i.Watch_Menu) for Watch_Menu
    test.o(i.main) refers to function.o(i.Select_Menu) for Select_Menu
    test.o(i.main) refers to function.o(i.Bp_Function) for Bp_Function
    test.o(i.main) refers to function.o(i.Rate_Function) for Rate_Function
    test.o(i.main) refers to function.o(i.Temperature_Function) for Temperature_Function
    test.o(i.main) refers to function.o(i.Humidity_Function) for Humidity_Function
    test.o(i.main) refers to function.o(i.RTC_Function) for RTC_Function
    test.o(i.main) refers to function.o(i.Step_Function) for Step_Function
    test.o(i.main) refers to function.o(i.motion_Scan) for motion_Scan
    delay.o(i.delay_ms) refers to delay.o(i.delay1_ms) for delay1_ms
    nvic.o(i.ADC_IRQHandler) refers to _printf_percent.o(.ARM.Collect$$_printf_percent$$00000000) for _printf_percent
    nvic.o(i.ADC_IRQHandler) refers to _printf_d.o(.ARM.Collect$$_printf_percent$$00000009) for _printf_d
    nvic.o(i.ADC_IRQHandler) refers to _printf_dec.o(.text) for _printf_int_dec
    nvic.o(i.ADC_IRQHandler) refers to stm32f4xx_adc.o(i.ADC_GetITStatus) for ADC_GetITStatus
    nvic.o(i.ADC_IRQHandler) refers to stm32f4xx_adc.o(i.ADC_GetConversionValue) for ADC_GetConversionValue
    nvic.o(i.ADC_IRQHandler) refers to noretval__2printf.o(.text) for __2printf
    nvic.o(i.ADC_IRQHandler) refers to stm32f4xx_adc.o(i.ADC_ClearITPendingBit) for ADC_ClearITPendingBit
    nvic.o(i.ADC_IRQHandler) refers to stm32f4xx_adc.o(i.ADC_SoftwareStartConv) for ADC_SoftwareStartConv
    nvic.o(i.TIM1_BRK_TIM9_IRQHandler) refers to stm32f4xx_tim.o(i.TIM_GetITStatus) for TIM_GetITStatus
    nvic.o(i.TIM1_BRK_TIM9_IRQHandler) refers to stm32f4xx_tim.o(i.TIM_ClearITPendingBit) for TIM_ClearITPendingBit
    nvic.o(i.TIM1_UP_TIM10_IRQHandler) refers to stm32f4xx_tim.o(i.TIM_GetITStatus) for TIM_GetITStatus
    nvic.o(i.TIM1_UP_TIM10_IRQHandler) refers to stm32f4xx_tim.o(i.TIM_ClearITPendingBit) for TIM_ClearITPendingBit
    nvic.o(i.TIM3_IRQHandler) refers to stm32f4xx_tim.o(i.TIM_GetITStatus) for TIM_GetITStatus
    nvic.o(i.TIM3_IRQHandler) refers to stm32f4xx_tim.o(i.TIM_ClearITPendingBit) for TIM_ClearITPendingBit
    nvic.o(i.TIM4_IRQHandler) refers to stm32f4xx_tim.o(i.TIM_GetITStatus) for TIM_GetITStatus
    nvic.o(i.TIM4_IRQHandler) refers to stm32f4xx_tim.o(i.TIM_ClearITPendingBit) for TIM_ClearITPendingBit
    nvic.o(i.USART1_IRQHandler) refers to _printf_percent.o(.ARM.Collect$$_printf_percent$$00000000) for _printf_percent
    nvic.o(i.USART1_IRQHandler) refers to _printf_s.o(.ARM.Collect$$_printf_percent$$00000014) for _printf_s
    nvic.o(i.USART1_IRQHandler) refers to _printf_str.o(.text) for _printf_str
    nvic.o(i.USART1_IRQHandler) refers to stm32f4xx_usart.o(i.USART_GetFlagStatus) for USART_GetFlagStatus
    nvic.o(i.USART1_IRQHandler) refers to stm32f4xx_usart.o(i.USART_ReceiveData) for USART_ReceiveData
[...]
    x$fpl$dretinf                            0x08005d40   Section       12  dretinf.o(x$fpl$dretinf)
    $v0                                      0x08005d40   Number         0  dretinf.o(x$fpl$dretinf)
    x$fpl$drleqf                             0x08005d4c   Section      108  drleqf.o(x$fpl$drleqf)
    $v0                                      0x08005d4c   Number         0  drleqf.o(x$fpl$drleqf)
    x$fpl$drsb                               0x08005db8   Section       22  daddsub_clz.o(x$fpl$drsb)
    $v0                                      0x08005db8   Number         0  daddsub_clz.o(x$fpl$drsb)
    x$fpl$dsqrt                              0x08005dd0   Section      408  dsqrt_umaal.o(x$fpl$dsqrt)
    $v0                                      0x08005dd0   Number         0  dsqrt_umaal.o(x$fpl$dsqrt)
    x$fpl$dsub                               0x08005f68   Section      468  daddsub_clz.o(x$fpl$dsub)
    $v0                                      0x08005f68   Number         0  daddsub_clz.o(x$fpl$dsub)
    _dsub1                                   0x08005f79   Thumb Code     0  daddsub_clz.o(x$fpl$dsub)
    x$fpl$f2d                                0x0800613c   Section       86  f2d.o(x$fpl$f2d)
    $v0                                      0x0800613c   Number         0  f2d.o(x$fpl$f2d)
    x$fpl$fnaninf                            0x08006192   Section      140  fnaninf.o(x$fpl$fnaninf)
    $v0                                      0x08006192   Number         0  fnaninf.o(x$fpl$fnaninf)
    x$fpl$fpinit                             0x0800621e   Section       10  fpinit.o(x$fpl$fpinit)
    $v0                                      0x0800621e   Number         0  fpinit.o(x$fpl$fpinit)
    x$fpl$fretinf                            0x08006228   Section       10  fretinf.o(x$fpl$fretinf)
    $v0                                      0x08006228   Number         0  fretinf.o(x$fpl$fretinf)
    x$fpl$printf1                            0x08006232   Section        4  printf1.o(x$fpl$printf1)
    $v0                                      0x08006232   Number         0  printf1.o(x$fpl$printf1)
    x$fpl$retnan                             0x08006236   Section      100  retnan.o(x$fpl$retnan)
    $v0                                      0x08006236   Number         0  retnan.o(x$fpl$retnan)
    x$fpl$scalbn                             0x0800629a   Section       92  scalbn.o(x$fpl$scalbn)
    $v0                                      0x0800629a   Number         0  scalbn.o(x$fpl$scalbn)
    x$fpl$trapveneer                         0x080062f6   Section       48  trapv.o(x$fpl$trapveneer)
    $v0                                      0x080062f6   Number         0  trapv.o(x$fpl$trapveneer)
    .constdata                               0x08006326   Section      552  matrix.o(.constdata)
    x$fpl$usenofp                            0x08006326   Section        0  usenofp.o(x$fpl$usenofp)
    .constdata                               0x0800654e   Section      512  hp6.o(.constdata)
    .constdata                               0x08006750   Section        8  interface.o(.constdata)
    .constdata                               0x08006758   Section       17  __printf_flags_wp.o(.constdata)
    maptable                                 0x08006758   Data          17  __printf_flags_wp.o(.constdata)
    .constdata                               0x08006770   Section      136  pow.o(.constdata)
    bp                                       0x08006770   Data          16  pow.o(.constdata)
    dp_h                                     0x08006780   Data          16  pow.o(.constdata)
    dp_l                                     0x08006790   Data          16  pow.o(.constdata)
    L                                        0x080067a0   Data          48  pow.o(.constdata)
    P                                        0x080067d0   Data          40  pow.o(.constdata)
    .constdata                               0x080067f8   Section        8  qnan.o(.constdata)
    .constdata                               0x08006800   Section      148  bigflt0.o(.constdata)
    tenpwrs_x                                0x08006800   Data          60  bigflt0.o(.constdata)
    tenpwrs_i                                0x0800683c   Data          64  bigflt0.o(.constdata)
    locale$$data                             0x080068b4   Section       28  lc_numeric_c.o(locale$$data)
    __lcnum_c_name                           0x080068b8   Data           2  lc_numeric_c.o(locale$$data)
    __lcnum_c_start                          0x080068c0   Data           0  lc_numeric_c.o(locale$$data)
    __lcnum_c_point                          0x080068cc   Data           0  lc_numeric_c.o(locale$$data)
    __lcnum_c_thousands                      0x080068ce   Data           0  lc_numeric_c.o(locale$$data)
    __lcnum_c_grouping                       0x080068cf   Data           0  lc_numeric_c.o(locale$$data)
    __lcnum_c_end                            0x080068d0   Data           0  lc_numeric_c.o(locale$$data)
    .data                                    0x20000000   Section        1  nvic.o(.data)
    i                                        0x20000000   Data           1  nvic.o(.data)
    .data                                    0x20000004   Section        4  usart.o(.data)
    .data                                    0x20000008   Section        1  key.o(.data)
    key_flay                                 0x20000008   Data           1  key.o(.data)
    .data                                    0x20000009   Section    21457  matrix.o(.data)
    .data                                    0x200053da   Section      216  hp6.o(.data)
    .data                                    0x200054b4   Section       23  function.o(.data)
    tempSecond                               0x200054c4   Data           1  function.o(.data)
    timeStamp                                0x200054c5   Data           4  function.o(.data)
    temp                                     0x200054c9   Data           1  function.o(.data)
    old                                      0x200054ca   Data           1  function.o(.data)
    .data                                    0x200054cc   Section       64  meterstepalgorithm.o(.data)
    stepTempCount                            0x20005500   Data           1  meterstepalgorithm.o(.data)
    step_2second                             0x20005504   Data           4  meterstepalgorithm.o(.data)
    time_old                                 0x20005508   Data           4  meterstepalgorithm.o(.data)
    .bss                                     0x2000550c   Section      200  nvic.o(.bss)
    str                                      0x2000550c   Data         200  nvic.o(.bss)
    .bss                                     0x200055d4   Section       24  function.o(.bss)
    .bss                                     0x200055ec   Section       28  meterstepalgorithm.o(.bss)
    sportsInfo                               0x200055fc   Data          12  meterstepalgorithm.o(.bss)
    .bss                                     0x20005608   Section       96  libspace.o(.bss)
    HEAP                                     0x20005668   Section      512  startup_stm32f40_41xxx.o(HEAP)
    Heap_Mem                                 0x20005668   Data         512  startup_stm32f40_41xxx.o(HEAP)
    STACK                                    0x20005868   Section     1024  startup_stm32f40_41xxx.o(STACK)
    Stack_Mem                                0x20005868   Data        1024  startup_stm32f40_41xxx.o(STACK)
    __initial_sp                             0x20005c68   Data           0  startup_stm32f40_41xxx.o(STACK)

    Global Symbols

    Symbol Name                              Value     Ov Type        Size  Object(Section)

    BuildAttributes$$THM_ISAv4$E$P$D$K$B$S$7EM$VFPi3$EXTD16$VFPS$VFMA$PE$A:L22UL41UL21$X:L11$S22US41US21$IEEE1$IW$USESV6$~STKCKD$USESV7$~SHL$OTIME$ROPI$IEEEX$EBA8$UX$STANDARDLIB$REQ8$PRES8$EABIv2 0x00000000   Number         0  anon$$obj.o ABSOLUTE
    __ARM_use_no_argv                        0x00000000   Number         0  test.o ABSOLUTE
    _printf_flags                            0x00000000   Number         0  printf_stubs.o ABSOLUTE
    _printf_return_value                     0x00000000   Number         0  printf_stubs.o ABSOLUTE
    _printf_sizespec                         0x00000000   Number         0  printf_stubs.o ABSOLUTE
    _printf_widthprec                        0x00000000   Number         0  printf_stubs.o ABSOLUTE
    __ARM_exceptions_init                     - Undefined Weak Reference
    __alloca_initialize                       - Undefined Weak Reference
    __arm_preinit_                            - Undefined Weak Reference
    __cpp_initialize__aeabi_                  - Undefined Weak Reference
    __cxa_finalize                            - Undefined Weak Reference
    __sigvec_lookup                           - Undefined Weak Reference
    _atexit_init                              - Undefined Weak Reference
    _call_atexit_fns                          - Undefined Weak Reference
    _clock_init                               - Undefined Weak Reference
    _fp_trap_init                             - Undefined Weak Reference
    _fp_trap_shutdown                         - Undefined Weak Reference
    _get_lc_collate                           - Undefined Weak Reference
    _get_lc_ctype                             - Undefined Weak Reference
    _get_lc_monetary                          - Undefined Weak Reference
    _get_lc_time                              - Undefined Weak Reference
    _getenv_init                              - Undefined Weak Reference
    _handle_redirection                       - Undefined Weak Reference
    _init_alloc                               - Undefined Weak Reference
    _init_user_alloc                          - Undefined Weak Reference
    _initio                                   - Undefined Weak Reference
    _mutex_acquire                            - Undefined Weak Reference
    _mutex_release                            - Undefined Weak Reference
    _printf_mbtowc                            - Undefined Weak Reference
    _printf_truncate_signed                   - Undefined Weak Reference
    _printf_truncate_unsigned                 - Undefined Weak Reference
    _rand_init                                - Undefined Weak Reference
    _signal_finish                            - Undefined Weak Reference
    _signal_init                              - Undefined Weak Reference
    _terminate_alloc                          - Undefined Weak Reference
    _terminate_user_alloc                     - Undefined Weak Reference
    _terminateio                              - Undefined Weak Reference
    __Vectors_Size                           0x00000188   Number         0  startup_stm32f40_41xxx.o ABSOLUTE
    __Vectors                                0x08000000   Data           4  startup_stm32f40_41xxx.o(RESET)
    __Vectors_End                            0x08000188   Data           0  startup_stm32f40_41xxx.o(RESET)
    __main                                   0x08000189   Thumb Code     8  __main.o(!!!main)
    __scatterload                            0x08000191   Thumb Code     0  __scatter.o(!!!scatter)
    __scatterload_rt2                        0x08000191   Thumb Code    44  __scatter.o(!!!scatter)
    __scatterload_rt2_thumb_only             0x08000191   Thumb Code     0  __scatter.o(!!!scatter)
    __scatterload_null                       0x0800019f   Thumb Code     0  __scatter.o(!!!scatter)
    __decompress                             0x080001c5   Thumb Code   100  __dclz77c.o(!!dclz77c)
    __decompress2                            0x080001c5   Thumb Code     0  __dclz77c.o(!!dclz77c)
    __scatterload_zeroinit                   0x08000229   Thumb Code    28  __scatter_zi.o(!!handler_zi)
    _printf_f                                0x08000245   Thumb Code     0  _printf_f.o(.ARM.Collect$$_printf_percent$$00000003)
    _printf_percent                          0x08000245   Thumb Code     0  _printf_percent.o(.ARM.Collect$$_printf_percent$$00000000)
    _printf_d                                0x0800024b   Thumb Code     0  _printf_d.o(.ARM.Collect$$_printf_percent$$00000009)
    _printf_s                                0x08000251   Thumb Code     0  _printf_s.o(.ARM.Collect$$_printf_percent$$00000014)
    _printf_percent_end                      0x08000257   Thumb Code     0  _printf_percent_end.o(.ARM.Collect$$_printf_percent$$00000017)
    __rt_lib_init                            0x0800025b   Thumb Code     0  libinit.o(.ARM.Collect$$libinit$$00000000)
    __rt_lib_init_fp_1                       0x0800025d   Thumb Code     0  libinit2.o(.ARM.Collect$$libinit$$00000001)
    __rt_lib_init_heap_1                     0x08000261   Thumb Code     0  libinit2.o(.ARM.Collect$$libinit$$0000000A)
    __rt_lib_init_lc_common                  0x08000261   Thumb Code     0  libinit2.o(.ARM.Collect$$libinit$$0000000F)
    __rt_lib_init_preinit_1                  0x08000261   Thumb Code     0  libinit2.o(.ARM.Collect$$libinit$$00000004)
    __rt_lib_init_rand_1                     0x08000261   Thumb Code     0  libinit2.o(.ARM.Collect$$libinit$$0000000E)
    __rt_lib_init_user_alloc_1               0x08000261   Thumb Code     0  libinit2.o(.ARM.Collect$$libinit$$0000000C)
    __rt_lib_init_lc_collate_1               0x08000267   Thumb Code     0  libinit2.o(.ARM.Collect$$libinit$$00000011)
    __rt_lib_init_lc_ctype_1                 0x08000267   Thumb Code     0  libinit2.o(.ARM.Collect$$libinit$$00000013)
    __rt_lib_init_lc_monetary_1              0x08000267   Thumb Code     0  libinit2.o(.ARM.Collect$$libinit$$00000015)
    __rt_lib_init_lc_numeric_2               0x08000267   Thumb Code     0  libinit2.o(.ARM.Collect$$libinit$$00000016)
    __rt_lib_init_alloca_1                   0x08000271   Thumb Code     0  libinit2.o(.ARM.Collect$$libinit$$0000002E)
    __rt_lib_init_argv_1                     0x08000271   Thumb Code     0  libinit2.o(.ARM.Collect$$libinit$$0000002C)
    __rt_lib_init_atexit_1                   0x08000271   Thumb Code     0  libinit2.o(.ARM.Collect$$libinit$$0000001B)
    __rt_lib_init_clock_1                    0x08000271   Thumb Code     0  libinit2.o(.ARM.Collect$$libinit$$00000021)
    __rt_lib_init_cpp_1                      0x08000271   Thumb Code     0  libinit2.o(.ARM.Collect$$libinit$$00000032)
    __rt_lib_init_exceptions_1               0x08000271   Thumb Code     0  libinit2.o(.ARM.Collect$$libinit$$00000030)
    __rt_lib_init_fp_trap_1                  0x08000271   Thumb Code     0  libinit2.o(.ARM.Collect$$libinit$$0000001F)
    __rt_lib_init_getenv_1                   0x08000271   Thumb Code     0  libinit2.o(.ARM.Collect$$libinit$$00000023)
    __rt_lib_init_lc_numeric_1               0x08000271   Thumb Code     0  libinit2.o(.ARM.Collect$$libinit$$00000017)
    __rt_lib_init_lc_time_1                  0x08000271   Thumb Code     0  libinit2.o(.ARM.Collect$$libinit$$00000019)
    __rt_lib_init_return                     0x08000271   Thumb Code     0  libinit2.o(.ARM.Collect$$libinit$$00000033)
    __rt_lib_init_signal_1                   0x08000271   Thumb Code     0  libinit2.o(.ARM.Collect$$libinit$$0000001D)
    __rt_lib_init_stdio_1                    0x08000271   Thumb Code     0  libinit2.o(.ARM.Collect$$libinit$$00000025)
    __rt_lib_shutdown                        0x08000273   Thumb Code     0  libshutdown.o(.ARM.Collect$$libshutdown$$00000000)
    __rt_lib_shutdown_fp_trap_1              0x08000275   Thumb Code     0  libshutdown2.o(.ARM.Collect$$libshutdown$$00000006)
    __rt_lib_shutdown_heap_1                 0x08000275   Thumb Code     0  libshutdown2.o(.ARM.Collect$$libshutdown$$0000000E)
    __rt_lib_shutdown_return                 0x08000275   Thumb Code     0  libshutdown2.o(.ARM.Collect$$libshutdown$$0000000F)
    __rt_lib_shutdown_signal_1               0x08000275   Thumb Code     0  libshutdown2.o(.ARM.Collect$$libshutdown$$00000009)
    __rt_lib_shutdown_stdio_1                0x08000275   Thumb Code     0  libshutdown2.o(.ARM.Collect$$libshutdown$$00000003)
    __rt_lib_shutdown_user_alloc_1           0x08000275   Thumb Code     0  libshutdown2.o(.ARM.Collect$$libshutdown$$0000000B)
    __rt_entry                               0x08000277   Thumb Code     0  __rtentry.o(.ARM.Collect$$rtentry$$00000000)
    __rt_entry_presh_1                       0x08000277   Thumb Code     0  __rtentry2.o(.ARM.Collect$$rtentry$$00000002)
    __rt_entry_sh                            0x08000277   Thumb Code     0  __rtentry4.o(.ARM.Collect$$rtentry$$00000004)
    __rt_entry_li                            0x0800027d   Thumb Code     0  __rtentry2.o(.ARM.Collect$$rtentry$$0000000A)
    __rt_entry_postsh_1                      0x0800027d   Thumb Code     0  __rtentry2.o(.ARM.Collect$$rtentry$$00000009)
    __rt_entry_main                          0x08000281   Thumb Code     0  __rtentry2.o(.ARM.Collect$$rtentry$$0000000D)
    __rt_entry_postli_1                      0x08000281   Thumb Code     0  __rtentry2.o(.ARM.Collect$$rtentry$$0000000C)
    __rt_exit                                0x08000289   Thumb Code     0  rtexit.o(.ARM.Collect$$rtexit$$00000000)
    __rt_exit_ls                             0x0800028b   Thumb Code     0  rtexit2.o(.ARM.Collect$$rtexit$$00000003)
    __rt_exit_prels_1                        0x0800028b   Thumb Code     0  rtexit2.o(.ARM.Collect$$rtexit$$00000002)
    __rt_exit_exit                           0x0800028f   Thumb Code     0  rtexit2.o(.ARM.Collect$$rtexit$$00000004)
    Reset_Handler                            0x08000295   Thumb Code     8  startup_stm32f40_41xxx.o(.text)
    NMI_Handler                              0x0800029d   Thumb Code     2  startup_stm32f40_41xxx.o(.text)
    HardFault_Handler                        0x0800029f   Thumb Code     2  startup_stm32f40_41xxx.o(.text)
    MemManage_Handler                        0x080002a1   Thumb Code     2  startup_stm32f40_41xxx.o(.text)
    BusFault_Handler                         0x080002a3   Thumb Code     2  startup_stm32f40_41xxx.o(.text)
    UsageFault_Handler                       0x080002a5   Thumb Code     2  startup_stm32f40_41xxx.o(.text)
    SVC_Handler                              0x080002a7   Thumb Code     2  startup_stm32f40_41xxx.o(.text)
    DebugMon_Handler                         0x080002a9   Thumb Code     2  startup_stm32f40_41xxx.o(.text)
    PendSV_Handler                           0x080002ab   Thumb Code     2  startup_stm32f40_41xxx.o(.text)
    SysTick_Handler                          0x080002ad   Thumb Code     2  startup_stm32f40_41xxx.o(.text)
    CAN1_RX0_IRQHandler                      0x080002af   Thumb Code     0  startup_stm32f40_41xxx.o(.text)
    CAN1_RX1_IRQHandler                      0x080002af   Thumb Code     0  startup_stm32f40_41xxx.o(.text)
    CAN1_SCE_IRQHandler                      0x080002af   Thumb Code     0  startup_stm32f40_41xxx.o(.text)
    CAN1_TX_IRQHandler                       0x080002af   Thumb Code     0  startup_stm32f40_41xxx.o(.text)
    CAN2_RX0_IRQHandler                      0x080002af   Thumb Code     0  startup_stm32f40_41xxx.o(.text)
    CAN2_RX1_IRQHandler                      0x080002af   Thumb Code     0  startup_stm32f40_41xxx.o(.text)
    CAN2_SCE_IRQHandler                      0x080002af   Thumb Code     0  startup_stm32f40_41xxx.o(.text)
    CAN2_TX_IRQHandler                       0x080002af   Thumb Code     0  startup_stm32f40_41xxx.o(.text)
    CRYP_IRQHandler                          0x080002af   Thumb Code     0  startup_stm32f40_41xxx.o(.text)
    DCMI_IRQHandler                          0x080002af   Thumb Code     0  startup_stm32f40_41xxx.o(.text)
    DMA1_Stream0_IRQHandler                  0x080002af   Thumb Code     0  startup_stm32f40_41xxx.o(.text)
    DMA1_Stream1_IRQHandler                  0x080002af   Thumb Code     0  startup_stm32f40_41xxx.o(.text)
    DMA1_Stream2_IRQHandler                  0x080002af   Thumb Code     0  startup_stm32f40_41xxx.o(.text)
    DMA1_Stream3_IRQHandler                  0x080002af   Thumb Code     0  startup_stm32f40_41xxx.o(.text)
    DMA1_Stream4_IRQHandler                  0x080002af   Thumb Code     0  startup_stm32f40_41xxx.o(.text)
    DMA1_Stream5_IRQHandler                  0x080002af   Thumb Code     0  startup_stm32f40_41xxx.o(.text)
    DMA1_Stream6_IRQHandler                  0x080002af   Thumb Code     0  startup_stm32f40_41xxx.o(.text)
    DMA1_Stream7_IRQHandler                  0x080002af   Thumb Code     0  startup_stm32f40_41xxx.o(.text)
    DMA2_Stream0_IRQHandler                  0x080002af   Thumb Code     0  startup_stm32f40_41xxx.o(.text)
    DMA2_Stream1_IRQHandler                  0x080002af   Thumb Code     0  startup_stm32f40_41xxx.o(.text)
    DMA2_Stream2_IRQHandler                  0x080002af   Thumb Code     0  startup_stm32f40_41xxx.o(.text)
    DMA2_Stream3_IRQHandler                  0x080002af   Thumb Code     0  startup_stm32f40_41xxx.o(.text)
    DMA2_Stream4_IRQHandler                  0x080002af   Thumb Code     0  startup_stm32f40_41xxx.o(.text)
    DMA2_Stream5_IRQHandler                  0x080002af   Thumb Code     0  startup_stm32f40_41xxx.o(.text)
    DMA2_Stream6_IRQHandler                  0x080002af   Thumb Code     0  startup_stm32f40_41xxx.o(.text)
    DMA2_Stream7_IRQHandler                  0x080002af   Thumb Code     0  startup_stm32f40_41xxx.o(.text)
    ETH_IRQHandler                           0x080002af   Thumb Code     0  startup_stm32f40_41xxx.o(.text)
    ETH_WKUP_IRQHandler                      0x080002af   Thumb Code     0  startup_stm32f40_41xxx.o(.text)
    EXTI0_IRQHandler                         0x080002af   Thumb Code     0  startup_stm32f40_41xxx.o(.text)
    EXTI15_10_IRQHandler                     0x080002af   Thumb Code     0  startup_stm32f40_41xxx.o(.text)
    EXTI1_IRQHandler                         0x080002af   Thumb Code     0  startup_stm32f40_41xxx.o(.text)
    EXTI2_IRQHandler                         0x080002af   Thumb Code     0  startup_stm32f40_41xxx.o(.text)
    EXTI3_IRQHandler                         0x080002af   Thumb Code     0  startup_stm32f40_41xxx.o(.text)
    EXTI4_IRQHandler                         0x080002af   Thumb Code     0  startup_stm32f40_41xxx.o(.text)
    EXTI9_5_IRQHandler                       0x080002af   Thumb Code     0  startup_stm32f40_41xxx.o(.text)
    FLASH_IRQHandler                         0x080002af   Thumb Code     0  startup_stm32f40_41xxx.o(.text)
    FPU_IRQHandler                           0x080002af   Thumb Code     0  startup_stm32f40_41xxx.o(.text)
    FSMC_IRQHandler                          0x080002af   Thumb Code     0  startup_stm32f40_41xxx.o(.text)
    HASH_RNG_IRQHandler                      0x080002af   Thumb Code     0  startup_stm32f40_41xxx.o(.text)
    I2C1_ER_IRQHandler                       0x080002af   Thumb Code     0  startup_stm32f40_41xxx.o(.text)
    I2C1_EV_IRQHandler                       0x080002af   Thumb Code     0  startup_stm32f40_41xxx.o(.text)
    I2C2_ER_IRQHandler                       0x080002af   Thumb Code     0  startup_stm32f40_41xxx.o(.text)
    I2C2_EV_IRQHandler                       0x080002af   Thumb Code     0  startup_stm32f40_41xxx.o(.text)
    I2C3_ER_IRQHandler                       0x080002af   Thumb Code     0  startup_stm32f40_41xxx.o(.text)
    I2C3_EV_IRQHandler                       0x080002af   Thumb Code     0  startup_stm32f40_41xxx.o(.text)
    OTG_FS_IRQHandler                        0x080002af   Thumb Code     0  startup_stm32f40_41xxx.o(.text)
    OTG_FS_WKUP_IRQHandler                   0x080002af   Thumb Code     0  startup_stm32f40_41xxx.o(.text)
    OTG_HS_EP1_IN_IRQHandler                 0x080002af   Thumb Code     0  startup_stm32f40_41xxx.o(.text)
    OTG_HS_EP1_OUT_IRQHandler                0x080002af   Thumb Code     0  startup_stm32f40_41xxx.o(.text)
    OTG_HS_IRQHandler                        0x080002af   Thumb Code     0  startup_stm32f40_41xxx.o(.text)
    OTG_HS_WKUP_IRQHandler                   0x080002af   Thumb Code     0  startup_stm32f40_41xxx.o(.text)
    PVD_IRQHandler                           0x080002af   Thumb Code     0  startup_stm32f40_41xxx.o(.text)
    RCC_IRQHandler                           0x080002af   Thumb Code     0  startup_stm32f40_41xxx.o(.text)
    RTC_Alarm_IRQHandler                     0x080002af   Thumb Code     0  startup_stm32f40_41xxx.o(.text)
    RTC_WKUP_IRQHandler                      0x080002af   Thumb Code     0  startup_stm32f40_41xxx.o(.text)
    SDIO_IRQHandler                          0x080002af   Thumb Code     0  startup_stm32f40_41xxx.o(.text)
    SPI1_IRQHandler                          0x080002af   Thumb Code     0  startup_stm32f40_41xxx.o(.text)
    SPI2_IRQHandler                          0x080002af   Thumb Code     0  startup_stm32f40_41xxx.o(.text)
    SPI3_IRQHandler                          0x080002af   Thumb Code     0  startup_stm32f40_41xxx.o(.text)
    TAMP_STAMP_IRQHandler                    0x080002af   Thumb Code     0  startup_stm32f40_41xxx.o(.text)
    TIM1_CC_IRQHandler                       0x080002af   Thumb Code     0  startup_stm32f40_41xxx.o(.text)
    TIM1_TRG_COM_TIM11_IRQHandler            0x080002af   Thumb Code     0  startup_stm32f40_41xxx.o(.text)
    TIM2_IRQHandler                          0x080002af   Thumb Code     0  startup_stm32f40_41xxx.o(.text)
    TIM5_IRQHandler                          0x080002af   Thumb Code     0  startup_stm32f40_41xxx.o(.text)
    TIM6_DAC_IRQHandler                      0x080002af   Thumb Code     0  startup_stm32f40_41xxx.o(.text)
    TIM7_IRQHandler                          0x080002af   Thumb Code     0  startup_stm32f40_41xxx.o(.text)
    TIM8_BRK_TIM12_IRQHandler                0x080002af   Thumb Code     0  startup_stm32f40_41xxx.o(.text)
    TIM8_CC_IRQHandler                       0x080002af   Thumb Code     0  startup_stm32f40_41xxx.o(.text)
    TIM8_TRG_COM_TIM14_IRQHandler            0x080002af   Thumb Code     0  startup_stm32f40_41xxx.o(.text)
    TIM8_UP_TIM13_IRQHandler                 0x080002af   Thumb Code     0  startup_stm32f40_41xxx.o(.text)
    UART4_IRQHandler                         0x080002af   Thumb Code     0  startup_stm32f40_41xxx.o(.text)
    UART5_IRQHandler                         0x080002af   Thumb Code     0  startup_stm32f40_41xxx.o(.text)
    USART2_IRQHandler                        0x080002af   Thumb Code     0  startup_stm32f40_41xxx.o(.text)
    USART3_IRQHandler                        0x080002af   Thumb Code     0  startup_stm32f40_41xxx.o(.text)
    USART6_IRQHandler                        0x080002af   Thumb Code     0  startup_stm32f40_41xxx.o(.text)
    WWDG_IRQHandler                          0x080002af   Thumb Code     0  startup_stm32f40_41xxx.o(.text)
    __user_initial_stackheap                 0x080002b1   Thumb Code     0  startup_stm32f40_41xxx.o(.text)
    __use_no_semihosting                     0x080002d5   Thumb Code     2  use_no_semi_2.o(.text)
    __2printf                                0x080002d9   Thumb Code    20  noretval__2printf.o(.text)
    __2sprintf                               0x080002f1   Thumb Code    34  noretval__2sprintf.o(.text)
    _printf_pre_padding                      0x08000319   Thumb Code    44  _printf_pad.o(.text)
    _printf_post_padding                     0x08000345   Thumb Code    34  _printf_pad.o(.text)
    _printf_str                              0x08000367   Thumb Code    82  _printf_str.o(.text)
    _printf_int_dec                          0x080003b9   Thumb Code   104  _printf_dec.o(.text)
    __printf                                 0x08000431   Thumb Code   308  __printf_flags_wp.o(.text)
    __aeabi_memclr4                          0x08000569   Thumb Code     0  rt_memclr_w.o(.text)
    __aeabi_memclr8                          0x08000569   Thumb Code     0  rt_memclr_w.o(.text)
    __rt_memclr_w                            0x08000569   Thumb Code    78  rt_memclr_w.o(.text)
    _memset_w                                0x0800056d   Thumb Code     0  rt_memclr_w.o(.text)
    __use_two_region_memory                  0x080005b7   Thumb Code     2  heapauxi.o(.text)
    __rt_heap_escrow$2region                 0x080005b9   Thumb Code     2  heapauxi.o(.text)
    __rt_heap_expand$2region                 0x080005bb   Thumb Code     2  heapauxi.o(.text)
    __I$use$semihosting                      0x080005bd   Thumb Code     0  use_no_semi.o(.text)
    __use_no_semihosting_swi                 0x080005bd   Thumb Code     2  use_no_semi.o(.text)
    __read_errno                             0x080005bf   Thumb Code    10  _rserrno.o(.text)
    __set_errno                              0x080005c9   Thumb Code    12  _rserrno.o(.text)
    _printf_int_common                       0x080005d5   Thumb Code   178  _printf_intcommon.o(.text)
    __lib_sel_fp_printf                      0x08000687   Thumb Code     2  _printf_fp_dec.o(.text)
    _printf_fp_dec_real                      0x08000835   Thumb Code   620  _printf_fp_dec.o(.text)
    _printf_char_common                      0x08000aab   Thumb Code    32  _printf_char_common.o(.text)
    _sputc                                   0x08000ad1   Thumb Code    10  _sputc.o(.text)
    _printf_cs_common                        0x08000adb   Thumb Code    20  _printf_char.o(.text)
    _printf_char                             0x08000aef   Thumb Code    16  _printf_char.o(.text)
    _printf_string                           0x08000aff   Thumb Code     8  _printf_char.o(.text)
    _printf_char_file                        0x08000b09   Thumb Code    32  _printf_char_file.o(.text)
    __rt_locale                              0x08000b2d   Thumb Code     8  rt_locale_intlibspace.o(.text)
    __aeabi_errno_addr                       0x08000b35   Thumb Code     8  rt_errno_addr_intlibspace.o(.text)
    __errno$intlibspace                      0x08000b35   Thumb Code     0  rt_errno_addr_intlibspace.o(.text)
    __rt_errno_addr$intlibspace              0x08000b35   Thumb Code     0  rt_errno_addr_intlibspace.o(.text)
    _ll_udiv10                               0x08000b3d   Thumb Code   138  lludiv10.o(.text)
    _printf_fp_infnan                        0x08000bc9   Thumb Code   112  _printf_fp_infnan.o(.text)
    _btod_etento                             0x08000c49   Thumb Code   216  bigflt0.o(.text)
    ferror                                   0x08000d25   Thumb Code     8  ferror.o(.text)
    __user_libspace                          0x08000d2d   Thumb Code     8  libspace.o(.text)
    __user_perproc_libspace                  0x08000d2d   Thumb Code     0  libspace.o(.text)
    __user_perthread_libspace                0x08000d2d   Thumb Code     0  libspace.o(.text)
    __user_setup_stackheap                   0x08000d35   Thumb Code    74  sys_stackheap_outer.o(.text)
    exit                                     0x08000d7f   Thumb Code    12  exit.o(.text)
    strcmp                                   0x08000d8d   Thumb Code   128  strcmpv7m.o(.text)
    _btod_d2e                                0x08000e0d   Thumb Code    62  btod.o(CL$$btod_d2e)
    _d2e_denorm_low                          0x08000e4b   Thumb Code    70  btod.o(CL$$btod_d2e_denorm_low)
    _d2e_norm_op1                            0x08000e91   Thumb Code    96  btod.o(CL$$btod_d2e_norm_op1)
    __btod_div_common                        0x08000ef1   Thumb Code   696  btod.o(CL$$btod_div_common)
    _e2e                                     0x08001229   Thumb Code   198  btod.o(CL$$btod_e2e)
    _btod_ediv                               0x080012ef   Thumb Code    40  btod.o(CL$$btod_ediv)
    _btod_emul                               0x08001317   Thumb Code    40  btod.o(CL$$btod_emul)
    __btod_mult_common                       0x0800133f   Thumb Code   580  btod.o(CL$$btod_mult_common)
    ADC1_Init_In3                            0x08001585   Thumb Code   118  adc.o(i.ADC1_Init_In3)
    ADC_ClearITPendingBit                    0x08001605   Thumb Code    10  stm32f4xx_adc.o(i.ADC_ClearITPendingBit)
    ADC_Cmd                                  0x0800160f   Thumb Code    22  stm32f4xx_adc.o(i.ADC_Cmd)
    ADC_CommonInit                           0x08001625   Thumb Code    34  stm32f4xx_adc.o(i.ADC_CommonInit)
    ADC_GetConversionValue                   0x08001655   Thumb Code     8  stm32f4xx_adc.o(i.ADC_GetConversionValue)
    ADC_GetITStatus                          0x0800165d   Thumb Code    38  stm32f4xx_adc.o(i.ADC_GetITStatus)
    ADC_IRQHandler                           0x08001685   Thumb Code    50  nvic.o(i.ADC_IRQHandler)
    ADC_Init                                 0x080016c9   Thumb Code    74  stm32f4xx_adc.o(i.ADC_Init)
    ADC_RegularChannelConfig                 0x0800171d   Thumb Code   184  stm32f4xx_adc.o(i.ADC_RegularChannelConfig)
    ADC_SoftwareStartConv                    0x080017d5   Thumb Code    10  stm32f4xx_adc.o(i.ADC_SoftwareStartConv)
    AverageValue                             0x080017e1   Thumb Code   200  meterstepalgorithm.o(i.AverageValue)
    Bp_Function                              0x080018bd   Thumb Code   302  function.o(i.Bp_Function)
    Bp_HMI                                   0x08001a21   Thumb Code    50  interface.o(i.Bp_HMI)
    CalorieConsume                           0x08001a79   Thumb Code    84  function.o(i.CalorieConsume)
    Crc16                                    0x08001ae5   Thumb Code    42  hp6.o(i.Crc16)
    DetectorNewStep                          0x08001b15   Thumb Code   626  meterstepalgorithm.o(i.DetectorNewStep)
    DetectorPeak                             0x08001dc5   Thumb Code   126  meterstepalgorithm.o(i.DetectorPeak)
    GPIO_Init                                0x08001e5d   Thumb Code   144  stm32f4xx_gpio.o(i.GPIO_Init)
    GPIO_ReadInputDataBit                    0x08001eed   Thumb Code    18  stm32f4xx_gpio.o(i.GPIO_ReadInputDataBit)
    GPIO_ResetBits                           0x08001eff   Thumb Code     4  stm32f4xx_gpio.o(i.GPIO_ResetBits)
    GPIO_SetBits                             0x08001f03   Thumb Code     4  stm32f4xx_gpio.o(i.GPIO_SetBits)
    HP6_CloseBlood                           0x08001f09   Thumb Code    30  hp6.o(i.HP6_CloseBlood)
    HP6_CloseRate                            0x08001f31   Thumb Code    30  hp6.o(i.HP6_CloseRate)
    HP6_GetBloodResult                       0x08001f59   Thumb Code    18  hp6.o(i.HP6_GetBloodResult)
    HP6_GetRateResult                        0x08001f71   Thumb Code    18  hp6.o(i.HP6_GetRateResult)
    HP6_Init                                 0x08001f89   Thumb Code    58  hp6.o(i.HP6_Init)
    HP6_OpenBlood                            0x08001fc9   Thumb Code    30  hp6.o(i.HP6_OpenBlood)
    HP6_OpenRate                             0x08001ff1   Thumb Code    30  hp6.o(i.HP6_OpenRate)
    HP6_Receive                              0x08002019   Thumb Code    76  hp6.o(i.HP6_Receive)
    HP6_Send                                 0x08002065   Thumb Code    76  hp6.o(i.HP6_Send)
    HP6_Send_Data                            0x080020b1   Thumb Code    62  hp6.o(i.HP6_Send_Data)
    Humidity_Function                        0x080020f1   Thumb Code   236  function.o(i.Humidity_Function)
    IIC_Hp6_Init                             0x0800221d   Thumb Code    76  iic.o(i.IIC_Hp6_Init)
    IIC_Hp6_Receive_Ack                      0x0800226d   Thumb Code    66  iic.o(i.IIC_Hp6_Receive_Ack)
    IIC_Hp6_Receive_Byte                     0x080022b5   Thumb Code    84  iic.o(i.IIC_Hp6_Receive_Byte)
    IIC_Hp6_Send_Ack                         0x0800230d   Thumb Code    86  iic.o(i.IIC_Hp6_Send_Ack)
    IIC_Hp6_Send_Byte                        0x08002369   Thumb Code    88  iic.o(i.IIC_Hp6_Send_Byte)
    IIC_Hp6_Start                            0x080023c5   Thumb Code    56  iic.o(i.IIC_Hp6_Start)
    IIC_Hp6_Stop                             0x08002401   Thumb Code    48  iic.o(i.IIC_Hp6_Stop)
    IIC_Init                                 0x08002435   Thumb Code    84  iic.o(i.IIC_Init)
    IIC_Read                                 0x0800248d   Thumb Code   144  mpu6050.o(i.IIC_Read)
    IIC_Receive_Ack                          0x0800251d   Thumb Code    78  iic.o(i.IIC_Receive_Ack)
    IIC_Receive_Byte                         0x08002571   Thumb Code    96  iic.o(i.IIC_Receive_Byte)
    IIC_Send_Ack                             0x080025d5   Thumb Code    94  iic.o(i.IIC_Send_Ack)
    IIC_Send_Byte                            0x08002639   Thumb Code    98  iic.o(i.IIC_Send_Byte)
    IIC_Start                                0x080026a1   Thumb Code    66  iic.o(i.IIC_Start)
    IIC_Stop                                 0x080026e9   Thumb Code    56  iic.o(i.IIC_Stop)
    IIC_Write                                0x08002725   Thumb Code   112  mpu6050.o(i.IIC_Write)
    KEY_Init                                 0x08002795   Thumb Code    40  key.o(i.KEY_Init)
    KEY_Scan                                 0x080027c1   Thumb Code    64  key.o(i.KEY_Scan)
    LED_Init                                 0x08002809   Thumb Code    52  led.o(i.LED_Init)
    MOTOR_Init                               0x08002841   Thumb Code    56  motor.o(i.MOTOR_Init)
    MPU6050_Init                             0x0800287d   Thumb Code   108  mpu6050.o(i.MPU6050_Init)
    MPU6050_ReadSpeed                        0x080028f1   Thumb Code   130  mpu6050.o(i.MPU6050_ReadSpeed)
    MPU6050_Receive_Byte                     0x08002979   Thumb Code    32  mpu6050.o(i.MPU6050_Receive_Byte)
    MYRTC_Init                               0x08002999   Thumb Code   136  rtc.o(i.MYRTC_Init)
    NVIC_Init                                0x08002a21   Thumb Code   106  misc.o(i.NVIC_Init)
    OLED_Clear                               0x08002a99   Thumb Code    64  oled.o(i.OLED_Clear)
    OLED_HanziString                         0x08002ad9   Thumb Code    48  oled.o(i.OLED_HanziString)
    OLED_IO_Init                             0x08002b09   Thumb Code    70  oled.o(i.OLED_IO_Init)
    OLED_Init                                0x08002b59   Thumb Code   270  oled.o(i.OLED_Init)
    OLED_Show                                0x08002c71   Thumb Code    88  oled.o(i.OLED_Show)
    OLED_ShowChar                            0x08002cc9   Thumb Code   492  oled.o(i.OLED_ShowChar)
    OLED_ShowHanzi                           0x08002ec5   Thumb Code   196  oled.o(i.OLED_ShowHanzi)
    OLED_ShowPicture                         0x08002f91   Thumb Code    58  oled.o(i.OLED_ShowPicture)
    OLED_ShowPicture2                        0x08002fcb   Thumb Code    58  oled.o(i.OLED_ShowPicture2)
    OLED_ShowString                          0x08003005   Thumb Code    56  oled.o(i.OLED_ShowString)
    OLED_ShowT                               0x0800303d   Thumb Code    74  oled.o(i.OLED_ShowT)
    OLED_WR_Byte                             0x08003089   Thumb Code   112  oled.o(i.OLED_WR_Byte)
    OLED_XY                                  0x08003101   Thumb Code    42  oled.o(i.OLED_XY)
    PWR_BackupAccessCmd                      0x0800312d   Thumb Code     6  stm32f4xx_pwr.o(i.PWR_BackupAccessCmd)
    RCC_AHB1PeriphClockCmd                   0x08003139   Thumb Code    26  stm32f4xx_rcc.o(i.RCC_AHB1PeriphClockCmd)
    RCC_APB1PeriphClockCmd                   0x08003159   Thumb Code    26  stm32f4xx_rcc.o(i.RCC_APB1PeriphClockCmd)
    RCC_APB2PeriphClockCmd                   0x08003179   Thumb Code    26  stm32f4xx_rcc.o(i.RCC_APB2PeriphClockCmd)
    RCC_GetFlagStatus                        0x08003199   Thumb Code    60  stm32f4xx_rcc.o(i.RCC_GetFlagStatus)
    RCC_LSICmd                               0x080031d9   Thumb Code     6  stm32f4xx_rcc.o(i.RCC_LSICmd)
    RCC_RTCCLKCmd                            0x080031e5   Thumb Code     6  stm32f4xx_rcc.o(i.RCC_RTCCLKCmd)
    RCC_RTCCLKConfig                         0x080031f1   Thumb Code    50  stm32f4xx_rcc.o(i.RCC_RTCCLKConfig)
    RTC_EnterInitMode                        0x08003261   Thumb Code    76  stm32f4xx_rtc.o(i.RTC_EnterInitMode)
    RTC_ExitInitMode                         0x080032b1   Thumb Code    14  stm32f4xx_rtc.o(i.RTC_ExitInitMode)
    RTC_Function                             0x080032c5   Thumb Code   278  function.o(i.RTC_Function)
    RTC_GetDate                              0x08003441   Thumb Code    68  stm32f4xx_rtc.o(i.RTC_GetDate)
    RTC_GetTime                              0x0800348d   Thumb Code    72  stm32f4xx_rtc.o(i.RTC_GetTime)
    RTC_Init                                 0x080034dd   Thumb Code    94  stm32f4xx_rtc.o(i.RTC_Init)
    RTC_ReadBackupRegister                   0x08003541   Thumb Code    26  stm32f4xx_rtc.o(i.RTC_ReadBackupRegister)
    RTC_SetDate                              0x08003561   Thumb Code   190  stm32f4xx_rtc.o(i.RTC_SetDate)
    RTC_SetTime                              0x08003629   Thumb Code   198  stm32f4xx_rtc.o(i.RTC_SetTime)
    RTC_Set_Date                             0x080036f9   Thumb Code    36  rtc.o(i.RTC_Set_Date)
    RTC_Set_Time                             0x0800371d   Thumb Code    36  rtc.o(i.RTC_Set_Time)
    RTC_WaitForSynchro                       0x08003741   Thumb Code    92  stm32f4xx_rtc.o(i.RTC_WaitForSynchro)
    RTC_WriteBackupRegister                  0x080037a1   Thumb Code    24  stm32f4xx_rtc.o(i.RTC_WriteBackupRegister)
    Rate_Function                            0x080037bd   Thumb Code   312  function.o(i.Rate_Function)
    Rate_HMI                                 0x08003925   Thumb Code    50  interface.o(i.Rate_HMI)
    SHT20_Init                               0x0800397d   Thumb Code    12  sht20.o(i.SHT20_Init)
    SHT20_RH_T                               0x08003989   Thumb Code   122  sht20.o(i.SHT20_RH_T)
    SHT20_RST                                0x08003a03   Thumb Code    62  sht20.o(i.SHT20_RST)
    Select_Menu                              0x08003a41   Thumb Code   336  function.o(i.Select_Menu)
    SensorChanged                            0x08003bad   Thumb Code   116  meterstepalgorithm.o(i.SensorChanged)
    StepDistance                             0x08003cc1   Thumb Code    84  function.o(i.StepDistance)
    StepNumber                               0x08003d31   Thumb Code    40  function.o(i.StepNumber)
    Step_Function                            0x08003d6d   Thumb Code   200  function.o(i.Step_Function)
    SystemInit                               0x08003e4d   Thumb Code    88  system_stm32f4xx.o(i.SystemInit)
    TIM10_Init                               0x08003eb5   Thumb Code    94  time.o(i.TIM10_Init)
    TIM1_BRK_TIM9_IRQHandler                 0x08003f19   Thumb Code    36  nvic.o(i.TIM1_BRK_TIM9_IRQHandler)
    TIM1_UP_TIM10_IRQHandler                 0x08003f45   Thumb Code    36  nvic.o(i.TIM1_UP_TIM10_IRQHandler)
    TIM3_IRQHandler                          0x08003f71   Thumb Code    36  nvic.o(i.TIM3_IRQHandler)
    TIM4_IRQHandler                          0x08003f9d   Thumb Code    24  nvic.o(i.TIM4_IRQHandler)
    TIM_ARRPreloadConfig                     0x08003fb9   Thumb Code    24  stm32f4xx_tim.o(i.TIM_ARRPreloadConfig)
    TIM_ClearITPendingBit                    0x08003fd1   Thumb Code     6  stm32f4xx_tim.o(i.TIM_ClearITPendingBit)
    TIM_Cmd                                  0x08003fd7   Thumb Code    24  stm32f4xx_tim.o(i.TIM_Cmd)
    TIM_GetITStatus                          0x08003fef   Thumb Code    34  stm32f4xx_tim.o(i.TIM_GetITStatus)
    TIM_ITConfig                             0x08004011   Thumb Code    18  stm32f4xx_tim.o(i.TIM_ITConfig)
    TIM_TimeBaseInit                         0x08004025   Thumb Code   104  stm32f4xx_tim.o(i.TIM_TimeBaseInit)
    Temperature_Function                     0x080040a9   Thumb Code   246  function.o(i.Temperature_Function)
    Threshold_Value                          0x080041e5   Thumb Code   108  meterstepalgorithm.o(i.Threshold_Value)
    USART1_IRQHandler                        0x0800425d   Thumb Code    86  nvic.o(i.USART1_IRQHandler)
    USART_GetFlagStatus                      0x080042d9   Thumb Code    26  stm32f4xx_usart.o(i.USART_GetFlagStatus)
    USART_GetITStatus                        0x080042f3   Thumb Code    84  stm32f4xx_usart.o(i.USART_GetITStatus)
    USART_ReceiveData                        0x08004347   Thumb Code    10  stm32f4xx_usart.o(i.USART_ReceiveData)
    Watch_Init                               0x08004351   Thumb Code   180  interface.o(i.Watch_Init)
    Watch_Menu                               0x08004421   Thumb Code    76  interface.o(i.Watch_Menu)
    __ARM_fpclassify                         0x0800449d   Thumb Code    48  fpclassify.o(i.__ARM_fpclassify)
    __hardfp_pow                             0x080044d1   Thumb Code  3044  pow.o(i.__hardfp_pow)
    __hardfp_sqrt                            0x08005109   Thumb Code   122  sqrt.o(i.__hardfp_sqrt)
    __kernel_poly                            0x08005183   Thumb Code   248  poly.o(i.__kernel_poly)
    __mathlib_dbl_divzero                    0x08005281   Thumb Code    28  dunder.o(i.__mathlib_dbl_divzero)
    __mathlib_dbl_infnan2                    0x080052b1   Thumb Code    20  dunder.o(i.__mathlib_dbl_infnan2)
    __mathlib_dbl_invalid                    0x080052c9   Thumb Code    24  dunder.o(i.__mathlib_dbl_invalid)
    __mathlib_dbl_overflow                   0x080052e9   Thumb Code    24  dunder.o(i.__mathlib_dbl_overflow)
    __mathlib_dbl_underflow                  0x08005309   Thumb Code    24  dunder.o(i.__mathlib_dbl_underflow)
    _is_digit                                0x08005329   Thumb Code    14  __printf_wp.o(i._is_digit)
    _sys_exit                                0x08005337   Thumb Code     6  usart.o(i._sys_exit)
    delay1_ms                                0x0800533d   Thumb Code    60  delay.o(i.delay1_ms)
    delay_ms                                 0x08005379   Thumb Code    70  delay.o(i.delay_ms)
    fabs                                     0x08005449   Thumb Code    24  fabs.o(i.fabs)
    fputc                                    0x08005461   Thumb Code    22  usart.o(i.fputc)
    main                                     0x0800547d   Thumb Code    94  test.o(i.main)
    motion_Scan                              0x080054dd   Thumb Code   116  function.o(i.motion_Scan)
    sqrt                                     0x08005569   Thumb Code   110  sqrt.o(i.sqrt)
    _get_lc_numeric                          0x080055d9   Thumb Code    44  lc_numeric_c.o(locale$$code)
    __aeabi_dneg                             0x08005605   Thumb Code     0  basic.o(x$fpl$basic)
    _dneg                                    0x08005605   Thumb Code     6  basic.o(x$fpl$basic)
    __aeabi_fneg                             0x0800560b   Thumb Code     0  basic.o(x$fpl$basic)
    _fneg                                    0x0800560b   Thumb Code     6  basic.o(x$fpl$basic)
    _dabs                                    0x08005611   Thumb Code     6  basic.o(x$fpl$basic)
    _fabs                                    0x08005617   Thumb Code     6  basic.o(x$fpl$basic)
    __aeabi_d2f                              0x0800561d   Thumb Code     0  d2f.o(x$fpl$d2f)
    _d2f                                     0x0800561d   Thumb Code    98  d2f.o(x$fpl$d2f)
    __aeabi_dadd                             0x08005681   Thumb Code     0  daddsub_clz.o(x$fpl$dadd)
    _dadd                                    0x08005681   Thumb Code   332  daddsub_clz.o(x$fpl$dadd)
    __fpl_dcheck_NaN1                        0x080057d1   Thumb Code    10  dcheck1.o(x$fpl$dcheck1)
    __fpl_dcmp_Inf                           0x080057e1   Thumb Code    24  dcmpi.o(x$fpl$dcmpinf)
    __aeabi_ddiv                             0x080057f9   Thumb Code     0  ddiv.o(x$fpl$ddiv)
    _ddiv                                    0x080057f9   Thumb Code   552  ddiv.o(x$fpl$ddiv)
    __aeabi_i2d                              0x08005aa9   Thumb Code     0  dflt_clz.o(x$fpl$dflt)
    _dflt                                    0x08005aa9   Thumb Code    46  dflt_clz.o(x$fpl$dflt)
    __aeabi_cdcmple                          0x08005ad9   Thumb Code     0  dleqf.o(x$fpl$dleqf)
    _dcmple                                  0x08005ad9   Thumb Code   120  dleqf.o(x$fpl$dleqf)
    __fpl_dcmple_InfNaN                      0x08005b3b   Thumb Code     0  dleqf.o(x$fpl$dleqf)
    __aeabi_dmul                             0x08005b51   Thumb Code     0  dmul.o(x$fpl$dmul)
    _dmul                                    0x08005b51   Thumb Code   332  dmul.o(x$fpl$dmul)
    __fpl_dnaninf                            0x08005ca5   Thumb Code   156  dnaninf.o(x$fpl$dnaninf)
    __fpl_dretinf                            0x08005d41   Thumb Code    12  dretinf.o(x$fpl$dretinf)
    __aeabi_cdrcmple                         0x08005d4d   Thumb Code     0  drleqf.o(x$fpl$drleqf)
    _drcmple                                 0x08005d4d   Thumb Code   108  drleqf.o(x$fpl$drleqf)
    __aeabi_drsub                            0x08005db9   Thumb Code     0  daddsub_clz.o(x$fpl$drsb)
    _drsb                                    0x08005db9   Thumb Code    22  daddsub_clz.o(x$fpl$drsb)
    _dsqrt                                   0x08005dd1   Thumb Code   404  dsqrt_umaal.o(x$fpl$dsqrt)
    __aeabi_dsub                             0x08005f69   Thumb Code     0  daddsub_clz.o(x$fpl$dsub)
    _dsub                                    0x08005f69   Thumb Code   464  daddsub_clz.o(x$fpl$dsub)
    __aeabi_f2d                              0x0800613d   Thumb Code     0  f2d.o(x$fpl$f2d)
    _f2d                                     0x0800613d   Thumb Code    86  f2d.o(x$fpl$f2d)
    __fpl_fnaninf                            0x08006193   Thumb Code   140  fnaninf.o(x$fpl$fnaninf)
    _fp_init                                 0x0800621f   Thumb Code    10  fpinit.o(x$fpl$fpinit)
    __fplib_config_fpu_vfp                   0x08006227   Thumb Code     0  fpinit.o(x$fpl$fpinit)
    __fplib_config_pureend_doubles           0x08006227   Thumb Code     0  fpinit.o(x$fpl$fpinit)
    __fpl_fretinf                            0x08006229   Thumb Code    10  fretinf.o(x$fpl$fretinf)
    _printf_fp_dec                           0x08006233   Thumb Code     4  printf1.o(x$fpl$printf1)
    __fpl_return_NaN                         0x08006237   Thumb Code   100  retnan.o(x$fpl$retnan)
    __ARM_scalbn                             0x0800629b   Thumb Code    92  scalbn.o(x$fpl$scalbn)
    __fpl_cmpreturn                          0x080062f7   Thumb Code    48  trapv.o(x$fpl$trapveneer)
    CH12x8                                   0x08006326   Data         552  matrix.o(.constdata)
    __I$use$fp                               0x08006326   Number         0  usenofp.o(x$fpl$usenofp)
    crc16_tab                                0x0800654e   Data         512  hp6.o(.constdata)
    __mathlib_zero                           0x080067f8   Data           8  qnan.o(.constdata)
    Region$$Table$$Base                      0x08006894   Number         0  anon$$obj.o(Region$$Table)
    Region$$Table$$Limit                     0x080068b4   Number         0  anon$$obj.o(Region$$Table)
    __stdout                                 0x20000004   Data           4  usart.o(.data)
    CH16                                     0x20000009   Data        1520  matrix.o(.data)
    CH24                                     0x200005f9   Data        3420  matrix.o(.data)
    CH32                                     0x20001355   Data        6080  matrix.o(.data)
    HZ                                       0x20002b15   Data          41  matrix.o(.data)
    HZ16                                     0x20002b3e   Data         640  matrix.o(.data)
    TU                                       0x20002dbe   Data        3584  matrix.o(.data)
    TU2                                      0x20003bbe   Data         512  matrix.o(.data)
    TU3                                      0x20003dbe   Data         512  matrix.o(.data)
    TU4                                      0x20003fbe   Data         512  matrix.o(.data)
    TU5                                      0x200041be   Data         512  matrix.o(.data)
    TU6                                      0x200043be   Data         512  matrix.o(.data)
    TU7                                      0x200045be   Data         512  matrix.o(.data)
    TU8                                      0x200047be   Data        1024  matrix.o(.data)
    TU9                                      0x20004bbe   Data        1024  matrix.o(.data)
    TU10                                     0x20004fbe   Data         512  matrix.o(.data)
    TU11                                     0x200051be   Data         512  matrix.o(.data)
    Tbuff                                    0x200053be   Data          28  matrix.o(.data)
    cmd_bp_open                              0x200053da   Data          24  hp6.o(.data)
    cmd_bp_close                             0x200053f2   Data          24  hp6.o(.data)
    cmd_bp_result                            0x2000540a   Data          24  hp6.o(.data)
    cmd_rate_open                            0x20005422   Data          24  hp6.o(.data)
    cmd_rate_close                           0x2000543a   Data          24  hp6.o(.data)
    cmd_rate_result                          0x20005452   Data          24  hp6.o(.data)
    cmd_get_adc                              0x2000546a   Data          24  hp6.o(.data)
    cmd_set_powersaving                      0x20005482   Data          24  hp6.o(.data)
    cmd_get_version                          0x2000549a   Data          24  hp6.o(.data)
    x                                        0x200054b4   Data           1  function.o(.data)
    y                                        0x200054b5   Data           1  function.o(.data)
    My_info                                  0x200054b8   Data           8  function.o(.data)
    Rtc_Time                                 0x200054c0   Data           4  function.o(.data)
    gravityNew                               0x200054cc   Data           4  meterstepalgorithm.o(.data)
    gravityOld                               0x200054d0   Data           4  meterstepalgorithm.o(.data)
    timeOfThisPeak                           0x200054d4   Data           4  meterstepalgorithm.o(.data)
    timeOfLastPeak                           0x200054d8   Data           4  meterstepalgorithm.o(.data)
    timeOfNow                                0x200054dc   Data           4  meterstepalgorithm.o(.data)
    lastStatus                               0x200054e0   Data           1  meterstepalgorithm.o(.data)
    isDirectionUp                            0x200054e1   Data           1  meterstepalgorithm.o(.data)
    continueUpCount                          0x200054e4   Data           4  meterstepalgorithm.o(.data)
    continueUpFormerCount                    0x200054e8   Data           4  meterstepalgorithm.o(.data)
    peakOfWave                               0x200054ec   Data           4  meterstepalgorithm.o(.data)
    valleyOfWave                             0x200054f0   Data           4  meterstepalgorithm.o(.data)
    ThreadValue                              0x200054f4   Data           4  meterstepalgorithm.o(.data)
    tempCount                                0x200054f8   Data           4  meterstepalgorithm.o(.data)
    initialValue                             0x200054fc   Data           4  meterstepalgorithm.o(.data)
    SportsInfo                               0x200055d4   Data          12  function.o(.bss)
    as                                       0x200055e0   Data          12  function.o(.bss)
    tempValue                                0x200055ec   Data          16  meterstepalgorithm.o(.bss)
    __libspace_start                         0x20005608   Data          96  libspace.o(.bss)
    __temporary_stack_top$libspace           0x20005668   Data           0  libspace.o(.bss)



==============================================================================

Memory Map of the image

  Image Entry point : 0x08000189

  Load Region LR_IROM1 (Base: 0x08000000, Size: 0x0000bddc, Max: 0x00080000, ABSOLUTE, COMPRESSED[0x00008b54])

    Execution Region ER_IROM1 (Base: 0x08000000, Size: 0x000068d0, Max: 0x00080000, ABSOLUTE)

    Base Addr    Size         Type   Attr      Idx    E Section Name        Object

    0x08000000   0x00000188   Data   RO          125    RESET               startup_stm32f40_41xxx.o
    0x08000188   0x00000008   Code   RO         5838  * !!!main             c_w.l(__main.o)
    0x08000190   0x00000034   Code   RO         6167    !!!scatter          c_w.l(__scatter.o)
    0x080001c4   0x00000064   Code   RO         6165    !!dclz77c           c_w.l(__dclz77c.o)
    0x08000228   0x0000001c   Code   RO         6169    !!handler_zi        c_w.l(__scatter_zi.o)
    0x08000244   0x00000000   Code   RO         5833    .ARM.Collect$$_printf_percent$$00000000  c_w.l(_printf_percent.o)
    0x08000244   0x00000006   Code   RO         5832    .ARM.Collect$$_printf_percent$$00000003  c_w.l(_printf_f.o)
    0x0800024a   0x00000006   Code   RO         5831    .ARM.Collect$$_printf_percent$$00000009  c_w.l(_printf_d.o)
    0x08000250   0x00000006   Code   RO         5830    .ARM.Collect$$_printf_percent$$00000014  c_w.l(_printf_s.o)
    0x08000256   0x00000004   Code   RO         5911    .ARM.Collect$$_printf_percent$$00000017  c_w.l(_printf_percent_end.o)
    0x0800025a   0x00000002   Code   RO         6039    .ARM.Collect$$libinit$$00000000  c_w.l(libinit.o)
    0x0800025c   0x00000004   Code   RO         6040    .ARM.Collect$$libinit$$00000001  c_w.l(libinit2.o)
    0x08000260   0x00000000   Code   RO         6043    .ARM.Collect$$libinit$$00000004  c_w.l(libinit2.o)
    0x08000260   0x00000000   Code   RO         6046    .ARM.Collect$$libinit$$0000000A  c_w.l(libinit2.o)
    0x08000260   0x00000000   Code   RO         6048    .ARM.Collect$$libinit$$0000000C  c_w.l(libinit2.o)
    0x08000260   0x00000000   Code   RO         6050    .ARM.Collect$$libinit$$0000000E  c_w.l(libinit2.o)
    0x08000260   0x00000006   Code   RO         6051    .ARM.Collect$$libinit$$0000000F  c_w.l(libinit2.o)
    0x08000266   0x00000000   Code   RO         6053    .ARM.Collect$$libinit$$00000011  c_w.l(libinit2.o)
    0x08000266   0x00000000   Code   RO         6055    .ARM.Collect$$libinit$$00000013  c_w.l(libinit2.o)
    0x08000266   0x00000000   Code   RO         6057    .ARM.Collect$$libinit$$00000015  c_w.l(libinit2.o)
    0x08000266   0x0000000a   Code   RO         6058    .ARM.Collect$$libinit$$00000016  c_w.l(libinit2.o)
    0x08000270   0x00000000   Code   RO         6059    .ARM.Collect$$libinit$$00000017  c_w.l(libinit2.o)
    0x08000270   0x00000000   Code   RO         6061    .ARM.Collect$$libinit$$00000019  c_w.l(libinit2.o)
    0x08000270   0x00000000   Code   RO         6063    .ARM.Collect$$libinit$$0000001B  c_w.l(libinit2.o)
    0x08000270   0x00000000   Code   RO         6065    .ARM.Collect$$libinit$$0000001D  c_w.l(libinit2.o)
    0x08000270   0x00000000   Code   RO         6067    .ARM.Collect$$libinit$$0000001F  c_w.l(libinit2.o)
    0x08000270   0x00000000   Code   RO         6069    .ARM.Collect$$libinit$$00000021  c_w.l(libinit2.o)
    0x08000270   0x00000000   Code   RO         6071    .ARM.Collect$$libinit$$00000023  c_w.l(libinit2.o)
    0x08000270   0x00000000   Code   RO         6073    .ARM.Collect$$libinit$$00000025  c_w.l(libinit2.o)
    0x08000270   0x00000000   Code   RO         6077    .ARM.Collect$$libinit$$0000002C  c_w.l(libinit2.o)
    0x08000270   0x00000000   Code   RO         6079    .ARM.Collect$$libinit$$0000002E  c_w.l(libinit2.o)
    0x08000270   0x00000000   Code   RO         6081    .ARM.Collect$$libinit$$00000030  c_w.l(libinit2.o)
    0x08000270   0x00000000   Code   RO         6083    .ARM.Collect$$libinit$$00000032  c_w.l(libinit2.o)
    0x08000270   0x00000002   Code   RO         6084    .ARM.Collect$$libinit$$00000033  c_w.l(libinit2.o)
    0x08000272   0x00000002   Code   RO         6116    .ARM.Collect$$libshutdown$$00000000  c_w.l(libshutdown.o)
    0x08000274   0x00000000   Code   RO         6126    .ARM.Collect$$libshutdown$$00000003  c_w.l(libshutdown2.o)
    0x08000274   0x00000000   Code   RO         6129    .ARM.Collect$$libshutdown$$00000006  c_w.l(libshutdown2.o)
    0x08000274   0x00000000   Code   RO         6132    .ARM.Collect$$libshutdown$$00000009  c_w.l(libshutdown2.o)
    0x08000274   0x00000000   Code   RO         6134    .ARM.Collect$$libshutdown$$0000000B  c_w.l(libshutdown2.o)
    0x08000274   0x00000000   Code   RO         6137    .ARM.Collect$$libshutdown$$0000000E  c_w.l(libshutdown2.o)
    0x08000274   0x00000002   Code   RO         6138    .ARM.Collect$$libshutdown$$0000000F  c_w.l(libshutdown2.o)
    0x08000276   0x00000000   Code   RO         5896    .ARM.Collect$$rtentry$$00000000  c_w.l(__rtentry.o)
    0x08000276   0x00000000   Code   RO         5957    .ARM.Collect$$rtentry$$00000002  c_w.l(__rtentry2.o)
    0x08000276   0x00000006   Code   RO         5969    .ARM.Collect$$rtentry$$00000004  c_w.l(__rtentry4.o)
    0x0800027c   0x00000000   Code   RO         5959    .ARM.Collect$$rtentry$$00000009  c_w.l(__rtentry2.o)
    0x0800027c   0x00000004   Code   RO         5960    .ARM.Collect$$rtentry$$0000000A  c_w.l(__rtentry2.o)
    0x08000280   0x00000000   Code   RO         5962    .ARM.Collect$$rtentry$$0000000C  c_w.l(__rtentry2.o)
    0x08000280   0x00000008   Code   RO         5963    .ARM.Collect$$rtentry$$0000000D  c_w.l(__rtentry2.o)
    0x08000288   0x00000002   Code   RO         6087    .ARM.Collect$$rtexit$$00000000  c_w.l(rtexit.o)
    0x0800028a   0x00000000   Code   RO         6096    .ARM.Collect$$rtexit$$00000002  c_w.l(rtexit2.o)
    0x0800028a   0x00000004   Code   RO         6097    .ARM.Collect$$rtexit$$00000003  c_w.l(rtexit2.o)
    0x0800028e   0x00000006   Code   RO         6098    .ARM.Collect$$rtexit$$00000004  c_w.l(rtexit2.o)
    0x08000294   0x00000040   Code   RO          126    .text               startup_stm32f40_41xxx.o
    0x080002d4   0x00000002   Code   RO         5792    .text               c_w.l(use_no_semi_2.o)
    0x080002d6   0x00000002   PAD
    0x080002d8   0x00000018   Code   RO         5798    .text               c_w.l(noretval__2printf.o)
    0x080002f0   0x00000028   Code   RO         5800    .text               c_w.l(noretval__2sprintf.o)
    0x08000318   0x0000004e   Code   RO         5804    .text               c_w.l(_printf_pad.o)
    0x08000366   0x00000052   Code   RO         5806    .text               c_w.l(_printf_str.o)
    0x080003b8   0x00000078   Code   RO         5808    .text               c_w.l(_printf_dec.o)
    0x08000430   0x00000138   Code   RO         5822    .text               c_w.l(__printf_flags_wp.o)
    0x08000568   0x0000004e   Code   RO         5834    .text               c_w.l(rt_memclr_w.o)
    0x080005b6   0x00000006   Code   RO         5836    .text               c_w.l(heapauxi.o)
    0x080005bc   0x00000002   Code   RO         5894    .text               c_w.l(use_no_semi.o)
    0x080005be   0x00000016   Code   RO         5897    .text               c_w.l(_rserrno.o)
    0x080005d4   0x000000b2   Code   RO         5899    .text               c_w.l(_printf_intcommon.o)
    0x08000686   0x0000041a   Code   RO         5901    .text               c_w.l(_printf_fp_dec.o)
    0x08000aa0   0x00000030   Code   RO         5903    .text               c_w.l(_printf_char_common.o)
    0x08000ad0   0x0000000a   Code   RO         5905    .text               c_w.l(_sputc.o)
    0x08000ada   0x0000002c   Code   RO         5907    .text               c_w.l(_printf_char.o)
    0x08000b06   0x00000002   PAD
    0x08000b08   0x00000024   Code   RO         5909    .text               c_w.l(_printf_char_file.o)
    0x08000b2c   0x00000008   Code   RO         5974    .text               c_w.l(rt_locale_intlibspace.o)
    0x08000b34   0x00000008   Code   RO         5979    .text               c_w.l(rt_errno_addr_intlibspace.o)
    0x08000b3c   0x0000008a   Code   RO         5981    .text               c_w.l(lludiv10.o)
    0x08000bc6   0x00000002   PAD
    0x08000bc8   0x00000080   Code   RO         5983    .text               c_w.l(_printf_fp_infnan.o)
    0x08000c48   0x000000dc   Code   RO         5987    .text               c_w.l(bigflt0.o)
    0x08000d24   0x00000008   Code   RO         6012    .text               c_w.l(ferror.o)
    0x08000d2c   0x00000008   Code   RO         6025    .text               c_w.l(libspace.o)
    0x08000d34   0x0000004a   Code   RO         6028    .text               c_w.l(sys_stackheap_outer.o)
    0x08000d7e   0x0000000c   Code   RO         6030    .text               c_w.l(exit.o)
    0x08000d8a   0x00000002   PAD
    0x08000d8c   0x00000080   Code   RO         6032    .text               c_w.l(strcmpv7m.o)
    0x08000e0c   0x0000003e   Code   RO         5990    CL$$btod_d2e        c_w.l(btod.o)
    0x08000e4a   0x00000046   Code   RO         5992    CL$$btod_d2e_denorm_low  c_w.l(btod.o)
    0x08000e90   0x00000060   Code   RO         5991    CL$$btod_d2e_norm_op1  c_w.l(btod.o)
    0x08000ef0   0x00000338   Code   RO         6000    CL$$btod_div_common  c_w.l(btod.o)
    0x08001228   0x000000c6   Code   RO         5997    CL$$btod_e2e        c_w.l(btod.o)
    0x080012ee   0x00000028   Code   RO         5994    CL$$btod_ediv       c_w.l(btod.o)
    0x08001316   0x00000028   Code   RO         5993    CL$$btod_emul       c_w.l(btod.o)
    0x0800133e   0x00000244   Code   RO         5999    CL$$btod_mult_common  c_w.l(btod.o)
    0x08001582   0x00000002   PAD
    0x08001584   0x00000080   Code   RO          631    i.ADC1_Init_In3     adc.o
    0x08001604   0x0000000a   Code   RO         1046    i.ADC_ClearITPendingBit  stm32f4xx_adc.o
    0x0800160e   0x00000016   Code   RO         1047    i.ADC_Cmd           stm32f4xx_adc.o
    0x08001624   0x00000030   Code   RO         1048    i.ADC_CommonInit    stm32f4xx_adc.o
    0x08001654   0x00000008   Code   RO         1059    i.ADC_GetConversionValue  stm32f4xx_adc.o
    0x0800165c   0x00000026   Code   RO         1061    i.ADC_GetITStatus   stm32f4xx_adc.o
    0x08001682   0x00000002   PAD
    0x08001684   0x00000044   Code   RO          257    i.ADC_IRQHandler    nvic.o
    0x080016c8   0x00000054   Code   RO         1067    i.ADC_Init          stm32f4xx_adc.o
    0x0800171c   0x000000b8   Code   RO         1072    i.ADC_RegularChannelConfig  stm32f4xx_adc.o
    0x080017d4   0x0000000a   Code   RO         1074    i.ADC_SoftwareStartConv  stm32f4xx_adc.o
    0x080017de   0x00000002   PAD
    0x080017e0   0x000000dc   Code   RO         5744    i.AverageValue      meterstepalgorithm.o
    0x080018bc   0x00000164   Code   RO         5611    i.Bp_Function       function.o
    0x08001a20   0x00000058   Code   RO         5700    i.Bp_HMI            interface.o
    0x08001a78   0x0000006c   Code   RO         5612    i.CalorieConsume    function.o
    0x08001ae4   0x00000030   Code   RO          827    i.Crc16             hp6.o
    0x08001b14   0x000002b0   Code   RO         5745    i.DetectorNewStep   meterstepalgorithm.o
    0x08001dc4   0x00000098   Code   RO         5746    i.DetectorPeak      meterstepalgorithm.o
    0x08001e5c   0x00000090   Code   RO         2598    i.GPIO_Init         stm32f4xx_gpio.o
    0x08001eec   0x00000012   Code   RO         2602    i.GPIO_ReadInputDataBit  stm32f4xx_gpio.o
    0x08001efe   0x00000004   Code   RO         2605    i.GPIO_ResetBits    stm32f4xx_gpio.o
    0x08001f02   0x00000004   Code   RO         2606    i.GPIO_SetBits      stm32f4xx_gpio.o
    0x08001f06   0x00000002   PAD
    0x08001f08   0x00000028   Code   RO          828    i.HP6_CloseBlood    hp6.o
    0x08001f30   0x00000028   Code   RO          829    i.HP6_CloseRate     hp6.o
    0x08001f58   0x00000018   Code   RO          830    i.HP6_GetBloodResult  hp6.o
    0x08001f70   0x00000018   Code   RO          831    i.HP6_GetRateResult  hp6.o
    0x08001f88   0x00000040   Code   RO          832    i.HP6_Init          hp6.o
    0x08001fc8   0x00000028   Code   RO          833    i.HP6_OpenBlood     hp6.o
    0x08001ff0   0x00000028   Code   RO          834    i.HP6_OpenRate      hp6.o
    0x08002018   0x0000004c   Code   RO          835    i.HP6_Receive       hp6.o
    0x08002064   0x0000004c   Code   RO          836    i.HP6_Send          hp6.o
    0x080020b0   0x0000003e   Code   RO          837    i.HP6_Send_Data     hp6.o
    0x080020ee   0x00000002   PAD
    0x080020f0   0x0000012c   Code   RO         5613    i.Humidity_Function  function.o
    0x0800221c   0x00000050   Code   RO          674    i.IIC_Hp6_Init      iic.o
    0x0800226c   0x00000048   Code   RO          675    i.IIC_Hp6_Receive_Ack  iic.o
    0x080022b4   0x00000058   Code   RO          676    i.IIC_Hp6_Receive_Byte  iic.o
    0x0800230c   0x0000005c   Code   RO          677    i.IIC_Hp6_Send_Ack  iic.o
    0x08002368   0x0000005c   Code   RO          678    i.IIC_Hp6_Send_Byte  iic.o
    0x080023c4   0x0000003c   Code   RO          679    i.IIC_Hp6_Start     iic.o
    0x08002400   0x00000034   Code   RO          680    i.IIC_Hp6_Stop      iic.o
    0x08002434   0x00000058   Code   RO          681    i.IIC_Init          iic.o
    0x0800248c   0x00000090   Code   RO          916    i.IIC_Read          mpu6050.o
    0x0800251c   0x00000054   Code   RO          682    i.IIC_Receive_Ack   iic.o
    0x08002570   0x00000064   Code   RO          683    i.IIC_Receive_Byte  iic.o
    0x080025d4   0x00000064   Code   RO          684    i.IIC_Send_Ack      iic.o
    0x08002638   0x00000068   Code   RO          685    i.IIC_Send_Byte     iic.o
    0x080026a0   0x00000048   Code   RO          686    i.IIC_Start         iic.o
    0x080026e8   0x0000003c   Code   RO          687    i.IIC_Stop          iic.o
    0x08002724   0x00000070   Code   RO          917    i.IIC_Write         mpu6050.o
    0x08002794   0x0000002c   Code   RO          433    i.KEY_Init          key.o
    0x080027c0   0x00000048   Code   RO          434    i.KEY_Scan          key.o
    0x08002808   0x00000038   Code   RO          413    i.LED_Init          led.o
    0x08002840   0x0000003c   Code   RO          465    i.MOTOR_Init        motor.o
    0x0800287c   0x00000074   Code   RO          918    i.MPU6050_Init      mpu6050.o
    0x080028f0   0x00000088   Code   RO          919    i.MPU6050_ReadSpeed  mpu6050.o
    0x08002978   0x00000020   Code   RO          920    i.MPU6050_Receive_Byte  mpu6050.o
    0x08002998   0x00000088   Code   RO          965    i.MYRTC_Init        rtc.o
    0x08002a20   0x00000078   Code   RO          997    i.NVIC_Init         misc.o
    0x08002a98   0x00000040   Code   RO          505    i.OLED_Clear        oled.o
    0x08002ad8   0x00000030   Code   RO          507    i.OLED_HanziString  oled.o
    0x08002b08   0x00000050   Code   RO          508    i.OLED_IO_Init      oled.o
    0x08002b58   0x00000118   Code   RO          509    i.OLED_Init         oled.o
    0x08002c70   0x00000058   Code   RO          511    i.OLED_Show         oled.o
    0x08002cc8   0x000001fc   Code   RO          512    i.OLED_ShowChar     oled.o
    0x08002ec4   0x000000cc   Code   RO          513    i.OLED_ShowHanzi    oled.o
    0x08002f90   0x0000003a   Code   RO          514    i.OLED_ShowPicture  oled.o
    0x08002fca   0x0000003a   Code   RO          515    i.OLED_ShowPicture2  oled.o
    0x08003004   0x00000038   Code   RO          516    i.OLED_ShowString   oled.o
    0x0800303c   0x0000004a   Code   RO          517    i.OLED_ShowT        oled.o
    0x08003086   0x00000002   PAD
    0x08003088   0x00000078   Code   RO          518    i.OLED_WR_Byte      oled.o
    0x08003100   0x0000002a   Code   RO          519    i.OLED_XY           oled.o
    0x0800312a   0x00000002   PAD
    0x0800312c   0x0000000c   Code   RO         3343    i.PWR_BackupAccessCmd  stm32f4xx_pwr.o
    0x08003138   0x00000020   Code   RO         3465    i.RCC_AHB1PeriphClockCmd  stm32f4xx_rcc.o
    0x08003158   0x00000020   Code   RO         3474    i.RCC_APB1PeriphClockCmd  stm32f4xx_rcc.o
    0x08003178   0x00000020   Code   RO         3477    i.RCC_APB2PeriphClockCmd  stm32f4xx_rcc.o
    0x08003198   0x00000040   Code   RO         3487    i.RCC_GetFlagStatus  stm32f4xx_rcc.o
    0x080031d8   0x0000000c   Code   RO         3497    i.RCC_LSICmd        stm32f4xx_rcc.o
    0x080031e4   0x0000000c   Code   RO         3509    i.RCC_RTCCLKCmd     stm32f4xx_rcc.o
    0x080031f0   0x0000003c   Code   RO         3510    i.RCC_RTCCLKConfig  stm32f4xx_rcc.o
    0x0800322c   0x00000016   Code   RO         3867    i.RTC_Bcd2ToByte    stm32f4xx_rtc.o
    0x08003242   0x0000001c   Code   RO         3869    i.RTC_ByteToBcd2    stm32f4xx_rtc.o
    0x0800325e   0x00000002   PAD
    0x08003260   0x00000050   Code   RO         3879    i.RTC_EnterInitMode  stm32f4xx_rtc.o
    0x080032b0   0x00000014   Code   RO         3880    i.RTC_ExitInitMode  stm32f4xx_rtc.o
    0x080032c4   0x0000017c   Code   RO         5614    i.RTC_Function      function.o
    0x08003440   0x0000004c   Code   RO         3883    i.RTC_GetDate       stm32f4xx_rtc.o
    0x0800348c   0x00000050   Code   RO         3888    i.RTC_GetTime       stm32f4xx_rtc.o
    0x080034dc   0x00000064   Code   RO         3893    i.RTC_Init          stm32f4xx_rtc.o
    0x08003540   0x00000020   Code   RO         3896    i.RTC_ReadBackupRegister  stm32f4xx_rtc.o
    0x08003560   0x000000c8   Code   RO         3899    i.RTC_SetDate       stm32f4xx_rtc.o
    0x08003628   0x000000d0   Code   RO         3900    i.RTC_SetTime       stm32f4xx_rtc.o
    0x080036f8   0x00000024   Code   RO          966    i.RTC_Set_Date      rtc.o
    0x0800371c   0x00000024   Code   RO          967    i.RTC_Set_Time      rtc.o
    0x08003740   0x00000060   Code   RO         3916    i.RTC_WaitForSynchro  stm32f4xx_rtc.o
    0x080037a0   0x0000001c   Code   RO         3919    i.RTC_WriteBackupRegister  stm32f4xx_rtc.o
    0x080037bc   0x00000168   Code   RO         5615    i.Rate_Function     function.o
    0x08003924   0x00000058   Code   RO         5701    i.Rate_HMI          interface.o
    0x0800397c   0x0000000c   Code   RO          780    i.SHT20_Init        sht20.o
    0x08003988   0x0000007a   Code   RO          781    i.SHT20_RH_T        sht20.o
    0x08003a02   0x0000003e   Code   RO          783    i.SHT20_RST         sht20.o
    0x08003a40   0x0000016c   Code   RO         5616    i.Select_Menu       function.o
    0x08003bac   0x00000078   Code   RO         5747    i.SensorChanged     meterstepalgorithm.o
    0x08003c24   0x0000009c   Code   RO            3    i.SetSysClock       system_stm32f4xx.o
    0x08003cc0   0x00000070   Code   RO         5617    i.StepDistance      function.o
    0x08003d30   0x0000003c   Code   RO         5618    i.StepNumber        function.o
    0x08003d6c   0x000000e0   Code   RO         5619    i.Step_Function     function.o
    0x08003e4c   0x00000068   Code   RO            5    i.SystemInit        system_stm32f4xx.o
    0x08003eb4   0x00000064   Code   RO          312    i.TIM10_Init        time.o
    0x08003f18   0x0000002c   Code   RO          258    i.TIM1_BRK_TIM9_IRQHandler  nvic.o
    0x08003f44   0x0000002c   Code   RO          259    i.TIM1_UP_TIM10_IRQHandler  nvic.o
    0x08003f70   0x0000002c   Code   RO          260    i.TIM3_IRQHandler   nvic.o
    0x08003f9c   0x0000001c   Code   RO          261    i.TIM4_IRQHandler   nvic.o
    0x08003fb8   0x00000018   Code   RO         4803    i.TIM_ARRPreloadConfig  stm32f4xx_tim.o
    0x08003fd0   0x00000006   Code   RO         4810    i.TIM_ClearITPendingBit  stm32f4xx_tim.o
    0x08003fd6   0x00000018   Code   RO         4815    i.TIM_Cmd           stm32f4xx_tim.o
    0x08003fee   0x00000022   Code   RO         4836    i.TIM_GetITStatus   stm32f4xx_tim.o
    0x08004010   0x00000012   Code   RO         4840    i.TIM_ITConfig      stm32f4xx_tim.o
    0x08004022   0x00000002   PAD
    0x08004024   0x00000084   Code   RO         4887    i.TIM_TimeBaseInit  stm32f4xx_tim.o
    0x080040a8   0x0000013c   Code   RO         5620    i.Temperature_Function  function.o
    0x080041e4   0x00000078   Code   RO         5748    i.Threshold_Value   meterstepalgorithm.o
    0x0800425c   0x0000007c   Code   RO          262    i.USART1_IRQHandler  nvic.o
    0x080042d8   0x0000001a   Code   RO         5368    i.USART_GetFlagStatus  stm32f4xx_usart.o
    0x080042f2   0x00000054   Code   RO         5369    i.USART_GetITStatus  stm32f4xx_usart.o
    0x08004346   0x0000000a   Code   RO         5379    i.USART_ReceiveData  stm32f4xx_usart.o
    0x08004350   0x000000d0   Code   RO         5702    i.Watch_Init        interface.o
    0x08004420   0x0000007c   Code   RO         5703    i.Watch_Menu        interface.o
    0x0800449c   0x00000030   Code   RO         5951    i.__ARM_fpclassify  m_wm.l(fpclassify.o)
    0x080044cc   0x00000004   PAD
    0x080044d0   0x00000c38   Code   RO         5868    i.__hardfp_pow      m_wm.l(pow.o)
    0x08005108   0x0000007a   Code   RO         5882    i.__hardfp_sqrt     m_wm.l(sqrt.o)
    0x08005182   0x000000f8   Code   RO         5953    i.__kernel_poly     m_wm.l(poly.o)
    0x0800527a   0x00000006   PAD
    0x08005280   0x00000030   Code   RO         5931    i.__mathlib_dbl_divzero  m_wm.l(dunder.o)
    0x080052b0   0x00000014   Code   RO         5933    i.__mathlib_dbl_infnan2  m_wm.l(dunder.o)
    0x080052c4   0x00000004   PAD
    0x080052c8   0x00000020   Code   RO         5934    i.__mathlib_dbl_invalid  m_wm.l(dunder.o)
    0x080052e8   0x00000020   Code   RO         5935    i.__mathlib_dbl_overflow  m_wm.l(dunder.o)
    0x08005308   0x00000020   Code   RO         5937    i.__mathlib_dbl_underflow  m_wm.l(dunder.o)
    0x08005328   0x0000000e   Code   RO         5820    i._is_digit         c_w.l(__printf_wp.o)
    0x08005336   0x00000006   Code   RO          355    i._sys_exit         usart.o
    0x0800533c   0x0000003c   Code   RO          211    i.delay1_ms         delay.o
    0x08005378   0x00000046   Code   RO          212    i.delay_ms          delay.o
    0x080053be   0x00000014   Code   RO          435    i.delay_ms          key.o
    0x080053d2   0x00000014   Code   RO          784    i.delay_ms          sht20.o
    0x080053e6   0x00000014   Code   RO          838    i.delay_ms          hp6.o
    0x080053fa   0x00000014   Code   RO          921    i.delay_ms          mpu6050.o
    0x0800540e   0x00000014   Code   RO         5621    i.delay_ms          function.o
    0x08005422   0x00000014   Code   RO         5704    i.delay_ms          interface.o
    0x08005436   0x00000012   Code   RO          688    i.delay_us          iic.o
    0x08005448   0x00000018   Code   RO         5947    i.fabs              m_wm.l(fabs.o)
    0x08005460   0x0000001c   Code   RO          356    i.fputc             usart.o
    0x0800547c   0x0000005e   Code   RO          132    i.main              test.o
    0x080054da   0x00000002   PAD
    0x080054dc   0x0000008c   Code   RO         5622    i.motion_Scan       function.o
    0x08005568   0x0000006e   Code   RO         5884    i.sqrt              m_wm.l(sqrt.o)
    0x080055d6   0x00000002   PAD
    0x080055d8   0x0000002c   Code   RO         6017    locale$$code        c_w.l(lc_numeric_c.o)
    0x08005604   0x00000018   Code   RO         5912    x$fpl$basic         fz_wm.l(basic.o)
    0x0800561c   0x00000062   Code   RO         5840    x$fpl$d2f           fz_wm.l(d2f.o)
    0x0800567e   0x00000002   PAD
    0x08005680   0x00000150   Code   RO         5842    x$fpl$dadd          fz_wm.l(daddsub_clz.o)
    0x080057d0   0x00000010   Code   RO         6019    x$fpl$dcheck1       fz_wm.l(dcheck1.o)
    0x080057e0   0x00000018   Code   RO         6021    x$fpl$dcmpinf       fz_wm.l(dcmpi.o)
    0x080057f8   0x000002b0   Code   RO         5849    x$fpl$ddiv          fz_wm.l(ddiv.o)
    0x08005aa8   0x0000002e   Code   RO         5857    x$fpl$dflt          fz_wm.l(dflt_clz.o)
    0x08005ad6   0x00000002   PAD
    0x08005ad8   0x00000078   Code   RO         5914    x$fpl$dleqf         fz_wm.l(dleqf.o)
    0x08005b50   0x00000154   Code   RO         5862    x$fpl$dmul          fz_wm.l(dmul.o)
    0x08005ca4   0x0000009c   Code   RO         5916    x$fpl$dnaninf       fz_wm.l(dnaninf.o)
    0x08005d40   0x0000000c   Code   RO         5918    x$fpl$dretinf       fz_wm.l(dretinf.o)
    0x08005d4c   0x0000006c   Code   RO         5920    x$fpl$drleqf        fz_wm.l(drleqf.o)
    0x08005db8   0x00000016   Code   RO         5843    x$fpl$drsb          fz_wm.l(daddsub_clz.o)
    0x08005dce   0x00000002   PAD
    0x08005dd0   0x00000198   Code   RO         5922    x$fpl$dsqrt         fz_wm.l(dsqrt_umaal.o)
    0x08005f68   0x000001d4   Code   RO         5844    x$fpl$dsub          fz_wm.l(daddsub_clz.o)
    0x0800613c   0x00000056   Code   RO         5864    x$fpl$f2d           fz_wm.l(f2d.o)
    0x08006192   0x0000008c   Code   RO         5924    x$fpl$fnaninf       fz_wm.l(fnaninf.o)
    0x0800621e   0x0000000a   Code   RO         6091    x$fpl$fpinit        fz_wm.l(fpinit.o)
    0x08006228   0x0000000a   Code   RO         5926    x$fpl$fretinf       fz_wm.l(fretinf.o)
    0x08006232   0x00000004   Code   RO         5866    x$fpl$printf1       fz_wm.l(printf1.o)
    0x08006236   0x00000064   Code   RO         6085    x$fpl$retnan        fz_wm.l(retnan.o)
    0x0800629a   0x0000005c   Code   RO         5928    x$fpl$scalbn        fz_wm.l(scalbn.o)
    0x080062f6   0x00000030   Code   RO         6093    x$fpl$trapveneer    fz_wm.l(trapv.o)
    0x08006326   0x00000000   Code   RO         5930    x$fpl$usenofp       fz_wm.l(usenofp.o)
    0x08006326   0x00000228   Data   RO          612    .constdata          matrix.o
    0x0800654e   0x00000200   Data   RO          839    .constdata          hp6.o
    0x0800674e   0x00000002   PAD
    0x08006750   0x00000008   Data   RO         5705    .constdata          interface.o
    0x08006758   0x00000011   Data   RO         5823    .constdata          c_w.l(__printf_flags_wp.o)
    0x08006769   0x00000007   PAD
    0x08006770   0x00000088   Data   RO         5871    .constdata          m_wm.l(pow.o)
    0x080067f8   0x00000008   Data   RO         5955    .constdata          m_wm.l(qnan.o)
    0x08006800   0x00000094   Data   RO         5988    .constdata          c_w.l(bigflt0.o)
    0x08006894   0x00000020   Data   RO         6163    Region$$Table       anon$$obj.o
    0x080068b4   0x0000001c   Data   RO         6016    locale$$data        c_w.l(lc_numeric_c.o)


    Execution Region RW_IRAM1 (Base: 0x20000000, Size: 0x00005c68, Max: 0x00020000, ABSOLUTE, COMPRESSED[0x00002284])

    Base Addr    Size         Type   Attr      Idx    E Section Name        Object

    0x20000000   0x00000001   Data   RW          264    .data               nvic.o
    0x20000001   0x00000003   PAD
    0x20000004   0x00000004   Data   RW          357    .data               usart.o
    0x20000008   0x00000001   Data   RW          436    .data               key.o
    0x20000009   0x000053d1   Data   RW          613    .data               matrix.o
    0x200053da   0x000000d8   Data   RW          840    .data               hp6.o
    0x200054b2   0x00000002   PAD
    0x200054b4   0x00000017   Data   RW         5624    .data               function.o
    0x200054cb   0x00000001   PAD
    0x200054cc   0x00000040   Data   RW         5750    .data               meterstepalgorithm.o
    0x2000550c   0x000000c8   Zero   RW          263    .bss                nvic.o
    0x200055d4   0x00000018   Zero   RW         5623    .bss                function.o
    0x200055ec   0x0000001c   Zero   RW         5749    .bss                meterstepalgorithm.o
    0x20005608   0x00000060   Zero   RW         6026    .bss                c_w.l(libspace.o)
    0x20005668   0x00000200   Zero   RW          124    HEAP                startup_stm32f40_41xxx.o
    0x20005868   0x00000400   Zero   RW          123    STACK               startup_stm32f40_41xxx.o


==============================================================================

Image component sizes


      Code (inc. data)   RO Data    RW Data    ZI Data      Debug   Object Name

       128         10          0          0          0        676   adc.o
       130          0          0          0          0       1191   delay.o
      2740        502          0         23         24       8890   function.o
       554         64        512        216          0       8493   hp6.o
      1162         68          0          0          0       8548   iic.o
       528        152          8          0          0       2718   interface.o
       136         12          0          1          0       1626   key.o
        56          4          0          0          0        543   led.o
         0          0        552      21457          0       1179   matrix.o
      1300        124          0         64         28       5866   meterstepalgorithm.o
       120         14          0          0          0       1132   misc.o
        60          4          0          0          0        549   motor.o
       560         14          0          0          0       4557   mpu6050.o
       352         84          0          1        200       3759   nvic.o
      1680         52          0          0          0       9431   oled.o
       208          0          0          0          0       1995   rtc.o
       216          0          0          0          0       2482   sht20.o
        64         26        392          0       1536        836   startup_stm32f40_41xxx.o
       404         24          0          0          0       6636   stm32f4xx_adc.o
       170          0          0          0          0       3088   stm32f4xx_gpio.o
        12          6          0          0          0        582   stm32f4xx_pwr.o
       244         44          0          0          0       4423   stm32f4xx_rcc.o
       970         66          0          0          0       9234   stm32f4xx_rtc.o
       238         28          0          0          0       4621   stm32f4xx_tim.o
       120          0          0          0          0       2838   stm32f4xx_usart.o
       260         34          0          0          0     264577   system_stm32f4xx.o
        94          8          0          0          0       1887   test.o
       100          6          0          0          0        681   time.o
        34          6          0          4          0       2906   usart.o

    ----------------------------------------------------------------------
     12658       1352       1498      21772       1788     365944   Object Totals
         0          0         32          0          0          0   (incl. Generated)
        18          0          2          6          0          0   (incl. Padding)

    ----------------------------------------------------------------------

      Code (inc. data)   RO Data    RW Data    ZI Data      Debug   Library Member Name

       100          0          0          0          0          0   __dclz77c.o
         8          0          0          0          0         68   __main.o
       312          4         17          0          0         92   __printf_flags_wp.o
        14          0          0          0          0         68   __printf_wp.o
         0          0          0          0          0          0   __rtentry.o
        12          0          0          0          0          0   __rtentry2.o
         6          0          0          0          0          0   __rtentry4.o
        52          8          0          0          0          0   __scatter.o
        28          0          0          0          0          0   __scatter_zi.o
        44          0          0          0          0        108   _printf_char.o
        48          6          0          0          0         96   _printf_char_common.o
        36          4          0          0          0         80   _printf_char_file.o
         6          0          0          0          0          0   _printf_d.o
       120         16          0          0          0         92   _printf_dec.o
         6          0          0          0          0          0   _printf_f.o
      1050          0          0          0          0        216   _printf_fp_dec.o
       128         16          0          0          0         84   _printf_fp_infnan.o
       178          0          0          0          0         88   _printf_intcommon.o
        78          0          0          0          0        108   _printf_pad.o
         0          0          0          0          0          0   _printf_percent.o
         4          0          0          0          0          0   _printf_percent_end.o
         6          0          0          0          0          0   _printf_s.o
        82          0          0          0          0         80   _printf_str.o
        22          0          0          0          0        100   _rserrno.o
        10          0          0          0          0         68   _sputc.o
       220          4        148          0          0         96   bigflt0.o
      1910        128          0          0          0        672   btod.o
        12          0          0          0          0         72   exit.o
         8          0          0          0          0         68   ferror.o
         6          0          0          0          0        152   heapauxi.o
        44         10         28          0          0         76   lc_numeric_c.o
         2          0          0          0          0          0   libinit.o
        22          0          0          0          0          0   libinit2.o
         2          0          0          0          0          0   libshutdown.o
         2          0          0          0          0          0   libshutdown2.o
         8          4          0          0         96         68   libspace.o
       138          0          0          0          0         80   lludiv10.o
        24          4          0          0          0         84   noretval__2printf.o
        40          6          0          0          0         84   noretval__2sprintf.o
         8          4          0          0          0         68   rt_errno_addr_intlibspace.o
         8          4          0          0          0         68   rt_locale_intlibspace.o
        78          0          0          0          0         80   rt_memclr_w.o
         2          0          0          0          0          0   rtexit.o
        10          0          0          0          0          0   rtexit2.o
       128          0          0          0          0         68   strcmpv7m.o
        74          0          0          0          0         80   sys_stackheap_outer.o
         2          0          0          0          0         68   use_no_semi.o
         2          0          0          0          0         68   use_no_semi_2.o
        24          0          0          0          0        164   basic.o
        98          4          0          0          0        140   d2f.o
       826         16          0          0          0        492   daddsub_clz.o
        16          4          0          0          0        116   dcheck1.o
        24          0          0          0          0        116   dcmpi.o
       688        140          0          0          0        256   ddiv.o
        46          0          0          0          0        116   dflt_clz.o
       120          4          0          0          0        140   dleqf.o
       340         12          0          0          0        152   dmul.o
       156          4          0          0          0        140   dnaninf.o
        12          0          0          0          0        116   dretinf.o
       108          0          0          0          0        128   drleqf.o
       408         56          0          0          0        168   dsqrt_umaal.o
        86          4          0          0          0        132   f2d.o
       140          4          0          0          0        132   fnaninf.o
        10          0          0          0          0        116   fpinit.o
        10          0          0          0          0        116   fretinf.o
         4          0          0          0          0        116   printf1.o
       100          0          0          0          0        116   retnan.o
        92          0          0          0          0        116   scalbn.o
        48          0          0          0          0        116   trapv.o
         0          0          0          0          0          0   usenofp.o
       164         44          0          0          0        620   dunder.o
        24          0          0          0          0        124   fabs.o
        48          0          0          0          0        124   fpclassify.o
       248          0          0          0          0        152   poly.o
      3128        302        136          0          0        356   pow.o
         0          0          8          0          0          0   qnan.o
       232          0          0          0          0        296   sqrt.o

    ----------------------------------------------------------------------
     12332        812        344          0         96       8176   Library Totals
        32          0          7          0          0          0   (incl. Padding)

    ----------------------------------------------------------------------

      Code (inc. data)   RO Data    RW Data    ZI Data      Debug   Library Name

      5100        218        193          0         96       3300   c_w.l
      3356        248          0          0          0       3204   fz_wm.l
      3844        346        144          0          0       1672   m_wm.l

    ----------------------------------------------------------------------
     12332        812        344          0         96       8176   Library Totals

    ----------------------------------------------------------------------

==============================================================================


      Code (inc. data)   RO Data    RW Data    ZI Data      Debug   

     24990       2164       1842      21772       1884     356200   Grand Totals
     24990       2164       1842       8836       1884     356200   ELF Image Totals (compressed)
     24990       2164       1842       8836          0          0   ROM Totals

==============================================================================

    Total RO  Size (Code + RO Data)                26832 (  26.20kB)
    Total RW  Size (RW Data + ZI Data)             23656 (  23.10kB)
    Total ROM Size (Code + RO Data + RW Data)      35668 (  34.83kB)

==============================================================================

